******************************************************************************
                  TI ARM Linker PC v20.2.5                     
******************************************************************************
>> Linked Sat Nov  2 06:30:01 2024

OUTPUT FILE NAME:   <lcd_libdeneme3.out>
ENTRY POINT SYMBOL: "_c_int00_noinit_noargs"  address: 00000785


MEMORY CONFIGURATION

         name            origin    length      used     unused   attr    fill
----------------------  --------  ---------  --------  --------  ----  --------
  FLASH                 00000000   00040000  000007ea  0003f816  R  X
  SRAM                  20000000   00008000  00000200  00007e00  RW X


SEGMENT ALLOCATION MAP

run origin  load origin   length   init length attrs members
----------  ----------- ---------- ----------- ----- -------
00000000    00000000    000007ea   000007ea    r-x
  00000000    00000000    0000026c   0000026c    r-- .intvecs
  0000026c    0000026c    0000057e   0000057e    r-x .text
20000000    20000000    00000200   00000000    rw-
  20000000    20000000    00000200   00000000    rw- .stack


SECTION ALLOCATION MAP

 output                                  attributes/
section   page    origin      length       input sections
--------  ----  ----------  ----------   ----------------
.intvecs   0    00000000    0000026c     
                  00000000    0000026c     tm4c123gh6pm_startup_ccs.obj (.intvecs)

.text      0    0000026c    0000057e     
                  0000026c    00000224     lcd.obj (.text)
                  00000490    0000016c     driverlib.lib : gpio.obj (.text:GPIOPadConfigSet)
                  000005fc    000000f4                   : sysctl.obj (.text:SysCtlClockSet)
                  000006f0    00000034                   : sysctl.obj (.text:SysCtlPeripheralEnable)
                  00000724    00000034     main.obj (.text)
                  00000758    0000002c     driverlib.lib : gpio.obj (.text:GPIODirModeSet)
                  00000784    0000002c     rtsv7M4_T_le_v4SPD16_eabi.lib : boot_cortex_m.c.obj (.text:_c_int00_noinit_noargs:_c_int00_noinit_noargs)
                  000007b0    0000001a     driverlib.lib : gpio.obj (.text:GPIOPinTypeGPIOOutput)
                  000007ca    0000000c     tm4c123gh6pm_startup_ccs.obj (.text)
                  000007d6    00000006     driverlib.lib : gpio.obj (.text:GPIOPinWrite)
                  000007dc    00000006                   : sysctl.obj (.text:SysCtlDelay)
                  000007e2    00000004     rtsv7M4_T_le_v4SPD16_eabi.lib : pre_init.c.obj (.text:_system_pre_init)
                  000007e6    00000004                                   : exit.c.obj (.text:abort:abort)

.cinit     0    00000000    00000000     UNINITIALIZED

.init_array 
*          0    00000000    00000000     UNINITIALIZED

.stack     0    20000000    00000200     UNINITIALIZED
                  20000000    00000004     rtsv7M4_T_le_v4SPD16_eabi.lib : boot_cortex_m.c.obj (.stack)
                  20000004    000001fc     --HOLE--

__llvm_prf_cnts 
*          0    20000000    00000000     UNINITIALIZED

MODULE SUMMARY

       Module                         code   ro data   rw data
       ------                         ----   -------   -------
    .\
       tm4c123gh6pm_startup_ccs.obj   12     620       0      
       lcd.obj                        548    0         0      
       main.obj                       52     0         0      
    +--+------------------------------+------+---------+---------+
       Total:                         612    620       0      
                                                              
    C:/ti/TivaWare_C_Series-2.2.0.295/driverlib/ccs/Debug/driverlib.lib
       gpio.obj                       440    0         0      
       sysctl.obj                     302    0         0      
    +--+------------------------------+------+---------+---------+
       Total:                         742    0         0      
                                                              
    C:\ti\ccs1120\ccs\tools\compiler\ti-cgt-arm_20.2.5.LTS\lib\rtsv7M4_T_le_v4SPD16_eabi.lib
       boot_cortex_m.c.obj            44     0         0      
       exit.c.obj                     4      0         0      
       pre_init.c.obj                 4      0         0      
    +--+------------------------------+------+---------+---------+
       Total:                         52     0         0      
                                                              
       Stack:                         0      0         512    
    +--+------------------------------+------+---------+---------+
       Grand Total:                   1406   620       512    


GLOBAL SYMBOLS: SORTED ALPHABETICALLY BY Name 

address   name                   
-------   ----                   
000007e7  C$$EXIT                
00000759  GPIODirModeSet         
00000491  GPIOPadConfigSet       
000007b1  GPIOPinTypeGPIOOutput  
000007d7  GPIOPinWrite           
00000423  LCDTemizle             
00000435  LCDgit                 
0000038f  LCDilkayarlar          
000007cb  ResetISR               
000005fd  SysCtlClockSet         
000007dd  SysCtlDelay            
000006f1  SysCtlPeripheralEnable 
20000200  __STACK_END            
00000200  __STACK_SIZE           
20000200  __STACK_TOP            
ffffffff  __TI_pprof_out_hndl    
ffffffff  __TI_prof_data_size    
ffffffff  __TI_prof_data_start   
00000000  __TI_static_base__     
ffffffff  __binit__              
ffffffff  __c_args__             
UNDEFED   __mpu_init             
20000000  __stack                
20000000  __start___llvm_prf_cnts
20000000  __stop___llvm_prf_cnts 
00000785  _c_int00_noinit_noargs 
000007e3  _system_pre_init       
000007e7  abort                  
ffffffff  binit                  
00000000  g_pfnVectors           
0000031b  lcdkarakteryaz         
000002a7  lcdkomut               
00000469  lcdyaz                 
00000725  main                   
0000026d  otuzhexgonder          


GLOBAL SYMBOLS: SORTED BY Symbol Address 

address   name                   
-------   ----                   
00000000  __TI_static_base__     
00000000  g_pfnVectors           
00000200  __STACK_SIZE           
0000026d  otuzhexgonder          
000002a7  lcdkomut               
0000031b  lcdkarakteryaz         
0000038f  LCDilkayarlar          
00000423  LCDTemizle             
00000435  LCDgit                 
00000469  lcdyaz                 
00000491  GPIOPadConfigSet       
000005fd  SysCtlClockSet         
000006f1  SysCtlPeripheralEnable 
00000725  main                   
00000759  GPIODirModeSet         
00000785  _c_int00_noinit_noargs 
000007b1  GPIOPinTypeGPIOOutput  
000007cb  ResetISR               
000007d7  GPIOPinWrite           
000007dd  SysCtlDelay            
000007e3  _system_pre_init       
000007e7  C$$EXIT                
000007e7  abort                  
20000000  __stack                
20000000  __start___llvm_prf_cnts
20000000  __stop___llvm_prf_cnts 
20000200  __STACK_END            
20000200  __STACK_TOP            
ffffffff  __TI_pprof_out_hndl    
ffffffff  __TI_prof_data_size    
ffffffff  __TI_prof_data_start   
ffffffff  __binit__              
ffffffff  __c_args__             
ffffffff  binit                  
UNDEFED   __mpu_init             

[35 symbols]
