******************************************************************************
                  TI ARM Linker PC v20.2.5                     
******************************************************************************
>> Linked Fri Jan 17 11:01:40 2025

OUTPUT FILE NAME:   <lasthomework.4.out>
ENTRY POINT SYMBOL: "_c_int00_noargs"  address: 00001cf5


MEMORY CONFIGURATION

         name            origin    length      used     unused   attr    fill
----------------------  --------  ---------  --------  --------  ----  --------
  FLASH                 00000000   00040000  00002156  0003deaa  R  X
  SRAM                  20000000   00008000  00000470  00007b90  RW X


SEGMENT ALLOCATION MAP

run origin  load origin   length   init length attrs members
----------  ----------- ---------- ----------- ----- -------
00000000    00000000    00002158   00002158    r-x
  00000000    00000000    0000026c   0000026c    r-- .intvecs
  0000026c    0000026c    00001b9e   00001b9e    r-x .text
  00001e0c    00001e0c    0000031c   0000031c    r-- .const
  00002128    00002128    00000030   00000030    r-- .cinit
20000000    20000000    00000470   00000000    rw-
  20000000    20000000    0000026c   00000000    rw- .vtable
  2000026c    2000026c    00000004   00000000    rw- .data
  20000270    20000270    00000200   00000000    rw- .stack


SECTION ALLOCATION MAP

 output                                  attributes/
section   page    origin      length       input sections
--------  ----  ----------  ----------   ----------------
.intvecs   0    00000000    0000026c     
                  00000000    0000026c     tm4c123gh6pm_startup_ccs.obj (.intvecs)

.text      0    0000026c    00001b9e     
                  0000026c    000016d0     main.obj (.text)
                  0000193c    0000016c     driverlib.lib : gpio.obj (.text:GPIOPadConfigSet)
                  00001aa8    0000009c     rtsv7M4_T_le_v4SPD16_eabi.lib : memcpy_t2.asm.obj (.text)
                  00001b44    00000068     driverlib.lib : interrupt.obj (.text:IntDisable)
                  00001bac    00000068                   : interrupt.obj (.text:IntEnable)
                  00001c14    00000068     rtsv7M4_T_le_v4SPD16_eabi.lib : copy_decompress_lzss.c.obj (.text:decompress:lzss:__TI_decompress_lzss)
                  00001c7c    00000044                                   : autoinit.c.obj (.text:__TI_auto_init_nobinit_nopinit:__TI_auto_init_nobinit_nopinit)
                  00001cc0    00000034     driverlib.lib : interrupt.obj (.text:IntRegister)
                  00001cf4    00000034     rtsv7M4_T_le_v4SPD16_eabi.lib : boot_cortex_m.c.obj (.text:_c_int00_noargs:_c_int00_noargs)
                  00001d28    0000002c     driverlib.lib : gpio.obj (.text:GPIODirModeSet)
                  00001d54    0000001c     rtsv7M4_T_le_v4SPD16_eabi.lib : copy_zero_init.c.obj (.text:decompress:ZI:__TI_zero_init_nomemset:__TI_zero_init_nomemset)
                  00001d70    0000001a     driverlib.lib : gpio.obj (.text:GPIOPinTypeGPIOOutput)
                  00001d8a    00000016                   : gpio.obj (.text:GPIOPinTypeGPIOInput)
                  00001da0    00000014                   : interrupt.obj (.text:IntUnregister)
                  00001db4    00000010                   : interrupt.obj (.text:IntMasterEnable)
                  00001dc4    0000000e     rtsv7M4_T_le_v4SPD16_eabi.lib : copy_decompress_none.c.obj (.text:decompress:none:__TI_decompress_none)
                  00001dd2    0000000c     driverlib.lib : cpu.obj (.text:CPUcpsie)
                  00001dde    0000000c     tm4c123gh6pm_startup_ccs.obj (.text)
                  00001dea    00000006     driverlib.lib : gpio.obj (.text:GPIOPinRead)
                  00001df0    00000006                   : gpio.obj (.text:GPIOPinWrite)
                  00001df6    00000006     main.obj (.text:SysCtlDelay)
                  00001dfc    00000004     driverlib.lib : cpu.obj (.text:CPUwfi)
                  00001e00    00000004     rtsv7M4_T_le_v4SPD16_eabi.lib : pre_init.c.obj (.text:_system_pre_init)
                  00001e04    00000004                                   : exit.c.obj (.text:abort:abort)
                  00001e08    00000002     driverlib.lib : interrupt.obj (.text:_IntDefaultHandler)

.const     0    00001e0c    0000031c     
                  00001e0c    000001b0     main.obj (.const:g_pppui32XTALtoVCO)
                  00001fbc    0000006c     main.obj (.const:g_pui32Xtals)
                  00002028    00000060     main.obj (.const:g_ppui32TimerIntMap)
                  00002088    00000040     main.obj (.const:g_ppui32TimerIntMapSnowflake)
                  000020c8    00000030     main.obj (.const:g_sXTALtoMEMTIM)
                  000020f8    00000014     driverlib.lib : interrupt.obj (.const:g_pui32Dii16Regs)
                  0000210c    00000014                   : interrupt.obj (.const:g_pui32EnRegs)
                  00002120    00000008     main.obj (.const:g_pui32VCOFrequencies)

.cinit     0    00002128    00000030     
                  00002128    0000000c     (__TI_handler_table)
                  00002134    00000004     --HOLE-- [fill = 0]
                  00002138    00000008     (.cinit..vtable.load) [load image, compression = zero_init]
                  00002140    00000007     (.cinit..data.load) [load image, compression = lzss]
                  00002147    00000001     --HOLE-- [fill = 0]
                  00002148    00000010     (__TI_cinit_table)

.init_array 
*          0    00000000    00000000     UNINITIALIZED

.vtable    0    20000000    0000026c     UNINITIALIZED
                  20000000    0000026c     driverlib.lib : interrupt.obj (.vtable)

.data      0    2000026c    00000004     UNINITIALIZED
                  2000026c    00000004     main.obj (.data)

.stack     0    20000270    00000200     UNINITIALIZED
                  20000270    00000004     rtsv7M4_T_le_v4SPD16_eabi.lib : boot_cortex_m.c.obj (.stack)
                  20000274    000001fc     --HOLE--

__llvm_prf_cnts 
*          0    20000000    00000000     UNINITIALIZED

MODULE SUMMARY

       Module                         code   ro data   rw data
       ------                         ----   -------   -------
    .\
       main.obj                       5846   756       4      
       tm4c123gh6pm_startup_ccs.obj   12     620       0      
    +--+------------------------------+------+---------+---------+
       Total:                         5858   1376      4      
                                                              
    C:/ti/TivaWare_C_Series-2.2.0.295/driverlib/ccs/Debug/driverlib.lib
       interrupt.obj                  298    40        620    
       gpio.obj                       468    0         0      
       cpu.obj                        16     0         0      
    +--+------------------------------+------+---------+---------+
       Total:                         782    40        620    
                                                              
    C:\ti\ccs1120\ccs\tools\compiler\ti-cgt-arm_20.2.5.LTS\lib\rtsv7M4_T_le_v4SPD16_eabi.lib
       memcpy_t2.asm.obj              156    0         0      
       copy_decompress_lzss.c.obj     104    0         0      
       autoinit.c.obj                 68     0         0      
       boot_cortex_m.c.obj            52     0         0      
       copy_zero_init.c.obj           28     0         0      
       copy_decompress_none.c.obj     14     0         0      
       exit.c.obj                     4      0         0      
       pre_init.c.obj                 4      0         0      
    +--+------------------------------+------+---------+---------+
       Total:                         430    0         0      
                                                              
       Stack:                         0      0         512    
       Linker Generated:              0      43        0      
    +--+------------------------------+------+---------+---------+
       Grand Total:                   7070   1459      1136   


LINKER GENERATED COPY TABLES

__TI_cinit_table @ 00002148 records: 2, size/record: 8, table size: 16
	.vtable: load addr=00002138, load size=00000008 bytes, run addr=20000000, run size=0000026c bytes, compression=zero_init
	.data: load addr=00002140, load size=00000007 bytes, run addr=2000026c, run size=00000004 bytes, compression=lzss


LINKER GENERATED HANDLER TABLE

__TI_handler_table @ 00002128 records: 3, size/record: 4, table size: 12
	index: 0, handler: __TI_zero_init
	index: 1, handler: __TI_decompress_lzss
	index: 2, handler: __TI_decompress_none


GLOBAL SYMBOLS: SORTED ALPHABETICALLY BY Name 

address   name                            
-------   ----                            
00001e05  C$$EXIT                         
00001dd3  CPUcpsie                        
00001dfd  CPUwfi                          
00001d29  GPIODirModeSet                  
0000193d  GPIOPadConfigSet                
00001deb  GPIOPinRead                     
00001d8b  GPIOPinTypeGPIOInput            
00001d71  GPIOPinTypeGPIOOutput           
00001df1  GPIOPinWrite                    
00001b45  IntDisable                      
00001bad  IntEnable                       
00001db5  IntMasterEnable                 
00001cc1  IntRegister                     
00001da1  IntUnregister                   
00001ddf  ResetISR                        
0000183f  SetInitSettings                 
000011a9  SysCtlAltClkConfig              
000008d1  SysCtlClockFreqSet              
00000d99  SysCtlClockGet                  
0000118d  SysCtlClockOutConfig            
00000bc9  SysCtlClockSet                  
000007d5  SysCtlDeepSleep                 
00000f5d  SysCtlDeepSleepClockConfigSet   
00000f3f  SysCtlDeepSleepClockSet         
000007b5  SysCtlDeepSleepPowerSet         
00001df7  SysCtlDelay                     
00000363  SysCtlFlashSectorSizeGet        
00000337  SysCtlFlashSizeGet              
00001033  SysCtlGPIOAHBDisable            
00001017  SysCtlGPIOAHBEnable             
00000749  SysCtlIntClear                  
00000731  SysCtlIntDisable                
0000071d  SysCtlIntEnable                 
000006f5  SysCtlIntRegister               
00000759  SysCtlIntStatus                 
0000070d  SysCtlIntUnregister             
0000079b  SysCtlLDODeepSleepGet           
0000078b  SysCtlLDODeepSleepSet           
00000785  SysCtlLDOSleepGet               
00000775  SysCtlLDOSleepSet               
0000080b  SysCtlMOSCConfigSet             
00001171  SysCtlNMIClear                  
0000115d  SysCtlNMIStatus                 
00000821  SysCtlPIOSCCalibrate            
00001001  SysCtlPWMClockGet               
00000fe7  SysCtlPWMClockSet               
000006a1  SysCtlPeripheralClockGating     
00000659  SysCtlPeripheralDeepSleepDisable
00000609  SysCtlPeripheralDeepSleepEnable 
00000545  SysCtlPeripheralDisable         
00000509  SysCtlPeripheralEnable          
00000445  SysCtlPeripheralPowerOff        
00000409  SysCtlPeripheralPowerOn         
00000389  SysCtlPeripheralPresent         
000003c9  SysCtlPeripheralReady           
00000481  SysCtlPeripheralReset           
000005cd  SysCtlPeripheralSleepDisable    
00000589  SysCtlPeripheralSleepEnable     
000007c5  SysCtlReset                     
00000881  SysCtlResetBehaviorGet          
00000871  SysCtlResetBehaviorSet          
000007f7  SysCtlResetCauseClear           
000007f1  SysCtlResetCauseGet             
0000032d  SysCtlSRAMSizeGet               
000007cd  SysCtlSleep                     
000007a1  SysCtlSleepPowerSet             
0000105b  SysCtlUSBPLLDisable             
0000104f  SysCtlUSBPLLEnable              
000010a1  SysCtlVCOGet                    
00001089  SysCtlVoltageEventClear         
0000106d  SysCtlVoltageEventConfig        
0000107d  SysCtlVoltageEventStatus        
000017b5  TimerADCEventGet                
000017a3  TimerADCEventSet                
000014cf  TimerClockSourceGet             
000014bb  TimerClockSourceSet             
0000127d  TimerConfigure                  
000013b5  TimerControlEvent               
000012fd  TimerControlLevel               
000013df  TimerControlStall               
00001341  TimerControlTrigger             
00001421  TimerControlWaitOnTrigger       
000017d5  TimerDMAEventGet                
000017c3  TimerDMAEventSet                
0000125b  TimerDisable                    
0000123d  TimerEnable                     
0000177f  TimerIntClear                   
00001749  TimerIntDisable                 
00001731  TimerIntEnable                  
000016eb  TimerIntRegister                
00001761  TimerIntStatus                  
00001713  TimerIntUnregister              
000018cb  TimerInterruptHandler           
000015a3  TimerLoadGet                    
000015d9  TimerLoadGet64                  
00001579  TimerLoadSet                    
000015bf  TimerLoadSet64                  
00001683  TimerMatchGet                   
000016b9  TimerMatchGet64                 
00001659  TimerMatchSet                   
0000169f  TimerMatchSet64                 
00001509  TimerPrescaleGet                
0000155d  TimerPrescaleMatchGet           
00001525  TimerPrescaleMatchSet           
000014df  TimerPrescaleSet                
000014a5  TimerRTCDisable                 
00001485  TimerRTCEnable                  
00001791  TimerSynchronize                
000017e3  TimerUpdateMode                 
0000160b  TimerValueGet                   
00001627  TimerValueGet64                 
20000470  __STACK_END                     
00000200  __STACK_SIZE                    
20000470  __STACK_TOP                     
00002148  __TI_CINIT_Base                 
00002158  __TI_CINIT_Limit                
00002128  __TI_Handler_Table_Base         
00002134  __TI_Handler_Table_Limit        
00001c7d  __TI_auto_init_nobinit_nopinit  
00001c15  __TI_decompress_lzss            
00001dc5  __TI_decompress_none            
ffffffff  __TI_pprof_out_hndl             
ffffffff  __TI_prof_data_size             
ffffffff  __TI_prof_data_start            
00000000  __TI_static_base__              
00001d55  __TI_zero_init_nomemset         
00001aa9  __aeabi_memcpy                  
00001aa9  __aeabi_memcpy4                 
00001aa9  __aeabi_memcpy8                 
ffffffff  __binit__                       
ffffffff  __c_args__                      
UNDEFED   __mpu_init                      
20000270  __stack                         
20000000  __start___llvm_prf_cnts         
20000000  __stop___llvm_prf_cnts          
00001cf5  _c_int00_noargs                 
UNDEFED   _system_post_cinit              
00001e01  _system_pre_init                
2000026c  a                               
00001e05  abort                           
ffffffff  binit                           
20000000  g_pfnRAMVectors                 
00000000  g_pfnVectors                    
00001837  main                            
00001aa9  memcpy                          


GLOBAL SYMBOLS: SORTED BY Symbol Address 

address   name                            
-------   ----                            
00000000  __TI_static_base__              
00000000  g_pfnVectors                    
00000200  __STACK_SIZE                    
0000032d  SysCtlSRAMSizeGet               
00000337  SysCtlFlashSizeGet              
00000363  SysCtlFlashSectorSizeGet        
00000389  SysCtlPeripheralPresent         
000003c9  SysCtlPeripheralReady           
00000409  SysCtlPeripheralPowerOn         
00000445  SysCtlPeripheralPowerOff        
00000481  SysCtlPeripheralReset           
00000509  SysCtlPeripheralEnable          
00000545  SysCtlPeripheralDisable         
00000589  SysCtlPeripheralSleepEnable     
000005cd  SysCtlPeripheralSleepDisable    
00000609  SysCtlPeripheralDeepSleepEnable 
00000659  SysCtlPeripheralDeepSleepDisable
000006a1  SysCtlPeripheralClockGating     
000006f5  SysCtlIntRegister               
0000070d  SysCtlIntUnregister             
0000071d  SysCtlIntEnable                 
00000731  SysCtlIntDisable                
00000749  SysCtlIntClear                  
00000759  SysCtlIntStatus                 
00000775  SysCtlLDOSleepSet               
00000785  SysCtlLDOSleepGet               
0000078b  SysCtlLDODeepSleepSet           
0000079b  SysCtlLDODeepSleepGet           
000007a1  SysCtlSleepPowerSet             
000007b5  SysCtlDeepSleepPowerSet         
000007c5  SysCtlReset                     
000007cd  SysCtlSleep                     
000007d5  SysCtlDeepSleep                 
000007f1  SysCtlResetCauseGet             
000007f7  SysCtlResetCauseClear           
0000080b  SysCtlMOSCConfigSet             
00000821  SysCtlPIOSCCalibrate            
00000871  SysCtlResetBehaviorSet          
00000881  SysCtlResetBehaviorGet          
000008d1  SysCtlClockFreqSet              
00000bc9  SysCtlClockSet                  
00000d99  SysCtlClockGet                  
00000f3f  SysCtlDeepSleepClockSet         
00000f5d  SysCtlDeepSleepClockConfigSet   
00000fe7  SysCtlPWMClockSet               
00001001  SysCtlPWMClockGet               
00001017  SysCtlGPIOAHBEnable             
00001033  SysCtlGPIOAHBDisable            
0000104f  SysCtlUSBPLLEnable              
0000105b  SysCtlUSBPLLDisable             
0000106d  SysCtlVoltageEventConfig        
0000107d  SysCtlVoltageEventStatus        
00001089  SysCtlVoltageEventClear         
000010a1  SysCtlVCOGet                    
0000115d  SysCtlNMIStatus                 
00001171  SysCtlNMIClear                  
0000118d  SysCtlClockOutConfig            
000011a9  SysCtlAltClkConfig              
0000123d  TimerEnable                     
0000125b  TimerDisable                    
0000127d  TimerConfigure                  
000012fd  TimerControlLevel               
00001341  TimerControlTrigger             
000013b5  TimerControlEvent               
000013df  TimerControlStall               
00001421  TimerControlWaitOnTrigger       
00001485  TimerRTCEnable                  
000014a5  TimerRTCDisable                 
000014bb  TimerClockSourceSet             
000014cf  TimerClockSourceGet             
000014df  TimerPrescaleSet                
00001509  TimerPrescaleGet                
00001525  TimerPrescaleMatchSet           
0000155d  TimerPrescaleMatchGet           
00001579  TimerLoadSet                    
000015a3  TimerLoadGet                    
000015bf  TimerLoadSet64                  
000015d9  TimerLoadGet64                  
0000160b  TimerValueGet                   
00001627  TimerValueGet64                 
00001659  TimerMatchSet                   
00001683  TimerMatchGet                   
0000169f  TimerMatchSet64                 
000016b9  TimerMatchGet64                 
000016eb  TimerIntRegister                
00001713  TimerIntUnregister              
00001731  TimerIntEnable                  
00001749  TimerIntDisable                 
00001761  TimerIntStatus                  
0000177f  TimerIntClear                   
00001791  TimerSynchronize                
000017a3  TimerADCEventSet                
000017b5  TimerADCEventGet                
000017c3  TimerDMAEventSet                
000017d5  TimerDMAEventGet                
000017e3  TimerUpdateMode                 
00001837  main                            
0000183f  SetInitSettings                 
000018cb  TimerInterruptHandler           
0000193d  GPIOPadConfigSet                
00001aa9  __aeabi_memcpy                  
00001aa9  __aeabi_memcpy4                 
00001aa9  __aeabi_memcpy8                 
00001aa9  memcpy                          
00001b45  IntDisable                      
00001bad  IntEnable                       
00001c15  __TI_decompress_lzss            
00001c7d  __TI_auto_init_nobinit_nopinit  
00001cc1  IntRegister                     
00001cf5  _c_int00_noargs                 
00001d29  GPIODirModeSet                  
00001d55  __TI_zero_init_nomemset         
00001d71  GPIOPinTypeGPIOOutput           
00001d8b  GPIOPinTypeGPIOInput            
00001da1  IntUnregister                   
00001db5  IntMasterEnable                 
00001dc5  __TI_decompress_none            
00001dd3  CPUcpsie                        
00001ddf  ResetISR                        
00001deb  GPIOPinRead                     
00001df1  GPIOPinWrite                    
00001df7  SysCtlDelay                     
00001dfd  CPUwfi                          
00001e01  _system_pre_init                
00001e05  C$$EXIT                         
00001e05  abort                           
00002128  __TI_Handler_Table_Base         
00002134  __TI_Handler_Table_Limit        
00002148  __TI_CINIT_Base                 
00002158  __TI_CINIT_Limit                
20000000  __start___llvm_prf_cnts         
20000000  __stop___llvm_prf_cnts          
20000000  g_pfnRAMVectors                 
2000026c  a                               
20000270  __stack                         
20000470  __STACK_END                     
20000470  __STACK_TOP                     
ffffffff  __TI_pprof_out_hndl             
ffffffff  __TI_prof_data_size             
ffffffff  __TI_prof_data_start            
ffffffff  __binit__                       
ffffffff  __c_args__                      
ffffffff  binit                           
UNDEFED   __mpu_init                      
UNDEFED   _system_post_cinit              

[145 symbols]
