******************************************************************************
                  TI ARM Linker PC v20.2.5                     
******************************************************************************
>> Linked Tue Jan  7 19:59:30 2025

OUTPUT FILE NAME:   <proje_6.out>
ENTRY POINT SYMBOL: "_c_int00_noinit_noargs"  address: 00000b25


MEMORY CONFIGURATION

         name            origin    length      used     unused   attr    fill
----------------------  --------  ---------  --------  --------  ----  --------
  FLASH                 00000000   00040000  00000c7a  0003f386  R  X
  SRAM                  20000000   00008000  00000200  00007e00  RW X


SEGMENT ALLOCATION MAP

run origin  load origin   length   init length attrs members
----------  ----------- ---------- ----------- ----- -------
00000000    00000000    00000c7c   00000c7c    r-x
  00000000    00000000    0000026c   0000026c    r-- .intvecs
  0000026c    0000026c    000009a2   000009a2    r-x .text
  00000c10    00000c10    0000006c   0000006c    r-- .const
20000000    20000000    00000200   00000000    rw-
  20000000    20000000    00000200   00000000    rw- .stack


SECTION ALLOCATION MAP

 output                                  attributes/
section   page    origin      length       input sections
--------  ----  ----------  ----------   ----------------
.intvecs   0    00000000    0000026c     
                  00000000    0000026c     tm4c123gh6pm_startup_ccs.obj (.intvecs)

.text      0    0000026c    000009a2     
                  0000026c    0000016c     driverlib.lib : gpio.obj (.text:GPIOPadConfigSet)
                  000003d8    00000144     main.obj (.text)
                  0000051c    00000136     rtsv7M4_T_le_v4SPD16_eabi.lib : fd_div_t2.asm.obj (.text)
                  00000652    00000002     --HOLE-- [fill = 0]
                  00000654    00000118     driverlib.lib : sysctl.obj (.text:SysCtlClockGet)
                  0000076c    000000fc     rtsv7M4_T_le_v4SPD16_eabi.lib : fd_mul_t2.asm.obj (.text)
                  00000868    000000f4     driverlib.lib : sysctl.obj (.text:SysCtlClockSet)
                  0000095c    0000007a                   : adc.obj (.text:ADCSequenceStepConfigure)
                  000009d6    0000006e     rtsv7M4_T_le_v4SPD16_eabi.lib : fd_tos_t2.asm.obj (.text)
                  00000a44    0000004e     driverlib.lib : adc.obj (.text:ADCSequenceConfigure)
                  00000a92    00000002     --HOLE-- [fill = 0]
                  00000a94    00000034                   : sysctl.obj (.text:SysCtlPeripheralEnable)
                  00000ac8    0000002e                   : adc.obj (.text:ADCIntStatus)
                  00000af6    0000002c                   : gpio.obj (.text:GPIODirModeSet)
                  00000b22    00000002     --HOLE-- [fill = 0]
                  00000b24    0000002c     rtsv7M4_T_le_v4SPD16_eabi.lib : boot_cortex_m.c.obj (.text:_c_int00_noinit_noargs:_c_int00_noinit_noargs)
                  00000b50    00000020                                   : u_tofd_t2.asm.obj (.text)
                  00000b70    0000001e     driverlib.lib : adc.obj (.text:ADCSequenceDataGet)
                  00000b8e    00000018                   : adc.obj (.text:ADCProcessorTrigger)
                  00000ba6    00000016                   : gpio.obj (.text:GPIOPinTypeADC)
                  00000bbc    00000010                   : fpu.obj (.text:FPUEnable)
                  00000bcc    00000010                   : fpu.obj (.text:FPULazyStackingEnable)
                  00000bdc    0000000e                   : adc.obj (.text:ADCSequenceEnable)
                  00000bea    0000000c     tm4c123gh6pm_startup_ccs.obj (.text)
                  00000bf6    0000000a     driverlib.lib : adc.obj (.text:ADCIntClear)
                  00000c00    00000006                   : sysctl.obj (.text:SysCtlDelay)
                  00000c06    00000004     rtsv7M4_T_le_v4SPD16_eabi.lib : pre_init.c.obj (.text:_system_pre_init)
                  00000c0a    00000004                                   : exit.c.obj (.text:abort:abort)

.const     0    00000c10    0000006c     
                  00000c10    0000006c     driverlib.lib : sysctl.obj (.const:g_pui32Xtals)

.cinit     0    00000000    00000000     UNINITIALIZED

.init_array 
*          0    00000000    00000000     UNINITIALIZED

.stack     0    20000000    00000200     UNINITIALIZED
                  20000000    00000004     rtsv7M4_T_le_v4SPD16_eabi.lib : boot_cortex_m.c.obj (.stack)
                  20000004    000001fc     --HOLE--

__llvm_prf_cnts 
*          0    20000000    00000000     UNINITIALIZED

MODULE SUMMARY

       Module                         code   ro data   rw data
       ------                         ----   -------   -------
    .\
       tm4c123gh6pm_startup_ccs.obj   12     620       0      
       main.obj                       324    0         0      
    +--+------------------------------+------+---------+---------+
       Total:                         336    620       0      
                                                              
    C:/ti/TivaWare_C_Series-2.2.0.295/driverlib/ccs/Debug/driverlib.lib
       sysctl.obj                     582    108       0      
       gpio.obj                       430    0         0      
       adc.obj                        324    0         0      
       fpu.obj                        32     0         0      
    +--+------------------------------+------+---------+---------+
       Total:                         1368   108       0      
                                                              
    C:\ti\ccs1120\ccs\tools\compiler\ti-cgt-arm_20.2.5.LTS\lib\rtsv7M4_T_le_v4SPD16_eabi.lib
       fd_div_t2.asm.obj              310    0         0      
       fd_mul_t2.asm.obj              252    0         0      
       fd_tos_t2.asm.obj              110    0         0      
       boot_cortex_m.c.obj            44     0         0      
       u_tofd_t2.asm.obj              32     0         0      
       exit.c.obj                     4      0         0      
       pre_init.c.obj                 4      0         0      
    +--+------------------------------+------+---------+---------+
       Total:                         756    0         0      
                                                              
       Stack:                         0      0         512    
    +--+------------------------------+------+---------+---------+
       Grand Total:                   2460   728       512    


GLOBAL SYMBOLS: SORTED ALPHABETICALLY BY Name 

address   name                    
-------   ----                    
0000045b  ADCInit                 
00000bf7  ADCIntClear             
00000ac9  ADCIntStatus            
00000b8f  ADCProcessorTrigger     
00000a45  ADCSequenceConfigure    
00000b71  ADCSequenceDataGet      
00000bdd  ADCSequenceEnable       
0000095d  ADCSequenceStepConfigure
00000c0b  C$$EXIT                 
00000bbd  FPUEnable               
00000bcd  FPULazyStackingEnable   
00000af7  GPIODirModeSet          
0000026d  GPIOPadConfigSet        
00000ba7  GPIOPinTypeADC          
00000493  ReadTemperature         
00000beb  ResetISR                
00000655  SysCtlClockGet          
00000869  SysCtlClockSet          
00000c01  SysCtlDelay             
00000a95  SysCtlPeripheralEnable  
20000200  __STACK_END             
00000200  __STACK_SIZE            
20000200  __STACK_TOP             
ffffffff  __TI_pprof_out_hndl     
ffffffff  __TI_prof_data_size     
ffffffff  __TI_prof_data_start    
00000000  __TI_static_base__      
000009d7  __aeabi_d2f             
0000051d  __aeabi_ddiv            
0000076d  __aeabi_dmul            
00000b51  __aeabi_ui2d            
ffffffff  __binit__               
ffffffff  __c_args__              
UNDEFED   __mpu_init              
20000000  __stack                 
20000000  __start___llvm_prf_cnts 
20000000  __stop___llvm_prf_cnts  
00000b25  _c_int00_noinit_noargs  
00000c07  _system_pre_init        
00000c0b  abort                   
ffffffff  binit                   
00000000  g_pfnVectors            
000003d9  main                    


GLOBAL SYMBOLS: SORTED BY Symbol Address 

address   name                    
-------   ----                    
00000000  __TI_static_base__      
00000000  g_pfnVectors            
00000200  __STACK_SIZE            
0000026d  GPIOPadConfigSet        
000003d9  main                    
0000045b  ADCInit                 
00000493  ReadTemperature         
0000051d  __aeabi_ddiv            
00000655  SysCtlClockGet          
0000076d  __aeabi_dmul            
00000869  SysCtlClockSet          
0000095d  ADCSequenceStepConfigure
000009d7  __aeabi_d2f             
00000a45  ADCSequenceConfigure    
00000a95  SysCtlPeripheralEnable  
00000ac9  ADCIntStatus            
00000af7  GPIODirModeSet          
00000b25  _c_int00_noinit_noargs  
00000b51  __aeabi_ui2d            
00000b71  ADCSequenceDataGet      
00000b8f  ADCProcessorTrigger     
00000ba7  GPIOPinTypeADC          
00000bbd  FPUEnable               
00000bcd  FPULazyStackingEnable   
00000bdd  ADCSequenceEnable       
00000beb  ResetISR                
00000bf7  ADCIntClear             
00000c01  SysCtlDelay             
00000c07  _system_pre_init        
00000c0b  C$$EXIT                 
00000c0b  abort                   
20000000  __stack                 
20000000  __start___llvm_prf_cnts 
20000000  __stop___llvm_prf_cnts  
20000200  __STACK_END             
20000200  __STACK_TOP             
ffffffff  __TI_pprof_out_hndl     
ffffffff  __TI_prof_data_size     
ffffffff  __TI_prof_data_start    
ffffffff  __binit__               
ffffffff  __c_args__              
ffffffff  binit                   
UNDEFED   __mpu_init              

[43 symbols]
