******************************************************************************
                  TI ARM Linker PC v20.2.5                     
******************************************************************************
>> Linked Mon Nov 11 13:52:53 2024

OUTPUT FILE NAME:   <timerdersi.out>
ENTRY POINT SYMBOL: "_c_int00_noinit_noargs"  address: 00000749


MEMORY CONFIGURATION

         name            origin    length      used     unused   attr    fill
----------------------  --------  ---------  --------  --------  ----  --------
  FLASH                 00000000   00040000  0000084a  0003f7b6  R  X
  SRAM                  20000000   00008000  00000200  00007e00  RW X


SEGMENT ALLOCATION MAP

run origin  load origin   length   init length attrs members
----------  ----------- ---------- ----------- ----- -------
00000000    00000000    0000084c   0000084c    r-x
  00000000    00000000    0000026c   0000026c    r-- .intvecs
  0000026c    0000026c    00000572   00000572    r-x .text
  000007e0    000007e0    0000006c   0000006c    r-- .const
20000000    20000000    00000200   00000000    rw-
  20000000    20000000    00000200   00000000    rw- .stack


SECTION ALLOCATION MAP

 output                                  attributes/
section   page    origin      length       input sections
--------  ----  ----------  ----------   ----------------
.intvecs   0    00000000    0000026c     
                  00000000    0000026c     tm4c123gh6pm_startup_ccs.obj (.intvecs)

.text      0    0000026c    00000572     
                  0000026c    0000016c     driverlib.lib : gpio.obj (.text:GPIOPadConfigSet)
                  000003d8    00000118                   : sysctl.obj (.text:SysCtlClockGet)
                  000004f0    000000f4                   : sysctl.obj (.text:SysCtlClockSet)
                  000005e4    000000a4     main.obj (.text)
                  00000688    00000060     driverlib.lib : timer.obj (.text:TimerConfigure)
                  000006e8    00000034                   : sysctl.obj (.text:SysCtlPeripheralEnable)
                  0000071c    0000002c                   : gpio.obj (.text:GPIODirModeSet)
                  00000748    0000002c     rtsv7M4_T_le_v4SPD16_eabi.lib : boot_cortex_m.c.obj (.text:_c_int00_noinit_noargs:_c_int00_noinit_noargs)
                  00000774    0000001a     driverlib.lib : gpio.obj (.text:GPIOPinTypeGPIOOutput)
                  0000078e    00000012                   : timer.obj (.text:TimerLoadSet)
                  000007a0    0000000e                   : timer.obj (.text:TimerEnable)
                  000007ae    0000000c     tm4c123gh6pm_startup_ccs.obj (.text)
                  000007ba    0000000a     driverlib.lib : timer.obj (.text:TimerValueGet)
                  000007c4    00000006                   : gpio.obj (.text:GPIOPinRead)
                  000007ca    00000006                   : gpio.obj (.text:GPIOPinWrite)
                  000007d0    00000006                   : sysctl.obj (.text:SysCtlDelay)
                  000007d6    00000004     rtsv7M4_T_le_v4SPD16_eabi.lib : pre_init.c.obj (.text:_system_pre_init)
                  000007da    00000004                                   : exit.c.obj (.text:abort:abort)

.const     0    000007e0    0000006c     
                  000007e0    0000006c     driverlib.lib : sysctl.obj (.const:g_pui32Xtals)

.cinit     0    00000000    00000000     UNINITIALIZED

.init_array 
*          0    00000000    00000000     UNINITIALIZED

.stack     0    20000000    00000200     UNINITIALIZED
                  20000000    00000004     rtsv7M4_T_le_v4SPD16_eabi.lib : boot_cortex_m.c.obj (.stack)
                  20000004    000001fc     --HOLE--

__llvm_prf_cnts 
*          0    20000000    00000000     UNINITIALIZED

MODULE SUMMARY

       Module                         code   ro data   rw data
       ------                         ----   -------   -------
    .\
       tm4c123gh6pm_startup_ccs.obj   12     620       0      
       main.obj                       164    0         0      
    +--+------------------------------+------+---------+---------+
       Total:                         176    620       0      
                                                              
    C:/ti/TivaWare_C_Series-2.2.0.295/driverlib/ccs/Debug/driverlib.lib
       sysctl.obj                     582    108       0      
       gpio.obj                       446    0         0      
       timer.obj                      138    0         0      
    +--+------------------------------+------+---------+---------+
       Total:                         1166   108       0      
                                                              
    C:\ti\ccs1120\ccs\tools\compiler\ti-cgt-arm_20.2.5.LTS\lib\rtsv7M4_T_le_v4SPD16_eabi.lib
       boot_cortex_m.c.obj            44     0         0      
       exit.c.obj                     4      0         0      
       pre_init.c.obj                 4      0         0      
    +--+------------------------------+------+---------+---------+
       Total:                         52     0         0      
                                                              
       Stack:                         0      0         512    
    +--+------------------------------+------+---------+---------+
       Grand Total:                   1394   728       512    


GLOBAL SYMBOLS: SORTED ALPHABETICALLY BY Name 

address   name                   
-------   ----                   
000007db  C$$EXIT                
0000071d  GPIODirModeSet         
0000026d  GPIOPadConfigSet       
000007c5  GPIOPinRead            
00000775  GPIOPinTypeGPIOOutput  
000007cb  GPIOPinWrite           
000007af  ResetISR               
0000062f  SetInitSettings        
000003d9  SysCtlClockGet         
000004f1  SysCtlClockSet         
000007d1  SysCtlDelay            
000006e9  SysCtlPeripheralEnable 
00000689  TimerConfigure         
000007a1  TimerEnable            
0000078f  TimerLoadSet           
000007bb  TimerValueGet          
20000200  __STACK_END            
00000200  __STACK_SIZE           
20000200  __STACK_TOP            
ffffffff  __TI_pprof_out_hndl    
ffffffff  __TI_prof_data_size    
ffffffff  __TI_prof_data_start   
00000000  __TI_static_base__     
ffffffff  __binit__              
ffffffff  __c_args__             
UNDEFED   __mpu_init             
20000000  __stack                
20000000  __start___llvm_prf_cnts
20000000  __stop___llvm_prf_cnts 
00000749  _c_int00_noinit_noargs 
000007d7  _system_pre_init       
000007db  abort                  
ffffffff  binit                  
00000000  g_pfnVectors           
000005e5  main                   


GLOBAL SYMBOLS: SORTED BY Symbol Address 

address   name                   
-------   ----                   
00000000  __TI_static_base__     
00000000  g_pfnVectors           
00000200  __STACK_SIZE           
0000026d  GPIOPadConfigSet       
000003d9  SysCtlClockGet         
000004f1  SysCtlClockSet         
000005e5  main                   
0000062f  SetInitSettings        
00000689  TimerConfigure         
000006e9  SysCtlPeripheralEnable 
0000071d  GPIODirModeSet         
00000749  _c_int00_noinit_noargs 
00000775  GPIOPinTypeGPIOOutput  
0000078f  TimerLoadSet           
000007a1  TimerEnable            
000007af  ResetISR               
000007bb  TimerValueGet          
000007c5  GPIOPinRead            
000007cb  GPIOPinWrite           
000007d1  SysCtlDelay            
000007d7  _system_pre_init       
000007db  C$$EXIT                
000007db  abort                  
20000000  __stack                
20000000  __start___llvm_prf_cnts
20000000  __stop___llvm_prf_cnts 
20000200  __STACK_END            
20000200  __STACK_TOP            
ffffffff  __TI_pprof_out_hndl    
ffffffff  __TI_prof_data_size    
ffffffff  __TI_prof_data_start   
ffffffff  __binit__              
ffffffff  __c_args__             
ffffffff  binit                  
UNDEFED   __mpu_init             

[35 symbols]
