******************************************************************************
                  TI ARM Linker PC v20.2.5                     
******************************************************************************
>> Linked Mon Nov 11 14:45:49 2024

OUTPUT FILE NAME:   <timerdersi4.out>
ENTRY POINT SYMBOL: "_c_int00_noargs"  address: 00000759


MEMORY CONFIGURATION

         name            origin    length      used     unused   attr    fill
----------------------  --------  ---------  --------  --------  ----  --------
  FLASH                 00000000   00040000  00000930  0003f6d0  R  X
  SRAM                  20000000   00008000  0000046c  00007b94  RW X


SEGMENT ALLOCATION MAP

run origin  load origin   length   init length attrs members
----------  ----------- ---------- ----------- ----- -------
00000000    00000000    00000934   00000934    r-x
  00000000    00000000    0000026c   0000026c    r-- .intvecs
  0000026c    0000026c    000005fc   000005fc    r-x .text
  00000868    00000868    000000b4   000000b4    r-- .const
  00000920    00000920    00000014   00000014    r-- .cinit
20000000    20000000    00000470   00000000    rw-
  20000000    20000000    0000026c   00000000    rw- .vtable
  20000270    20000270    00000200   00000000    rw- .stack


SECTION ALLOCATION MAP

 output                                  attributes/
section   page    origin      length       input sections
--------  ----  ----------  ----------   ----------------
.intvecs   0    00000000    0000026c     
                  00000000    0000026c     tm4c123gh6pm_startup_ccs.obj (.intvecs)

.text      0    0000026c    000005fc     
                  0000026c    0000016c     driverlib.lib : gpio.obj (.text:GPIOPadConfigSet)
                  000003d8    000000f4                   : sysctl.obj (.text:SysCtlClockSet)
                  000004cc    000000cc     main.obj (.text)
                  00000598    00000068     driverlib.lib : interrupt.obj (.text:IntEnable)
                  00000600    00000060                   : timer.obj (.text:TimerConfigure)
                  00000660    0000004c                   : timer.obj (.text:_TimerIntNumberGet)
                  000006ac    00000044     rtsv7M4_T_le_v4SPD16_eabi.lib : autoinit.c.obj (.text:__TI_auto_init_nobinit_nopinit:__TI_auto_init_nobinit_nopinit)
                  000006f0    00000034     driverlib.lib : interrupt.obj (.text:IntRegister)
                  00000724    00000034                   : sysctl.obj (.text:SysCtlPeripheralEnable)
                  00000758    00000034     rtsv7M4_T_le_v4SPD16_eabi.lib : boot_cortex_m.c.obj (.text:_c_int00_noargs:_c_int00_noargs)
                  0000078c    0000002c     driverlib.lib : gpio.obj (.text:GPIODirModeSet)
                  000007b8    0000001c     rtsv7M4_T_le_v4SPD16_eabi.lib : copy_zero_init.c.obj (.text:decompress:ZI:__TI_zero_init_nomemset:__TI_zero_init_nomemset)
                  000007d4    0000001a     driverlib.lib : gpio.obj (.text:GPIOPinTypeGPIOOutput)
                  000007ee    00000018                   : timer.obj (.text:TimerIntRegister)
                  00000806    00000012                   : timer.obj (.text:TimerLoadSet)
                  00000818    00000010                   : interrupt.obj (.text:IntMasterEnable)
                  00000828    0000000e                   : timer.obj (.text:TimerEnable)
                  00000836    0000000c                   : cpu.obj (.text:CPUcpsie)
                  00000842    0000000c     tm4c123gh6pm_startup_ccs.obj (.text)
                  0000084e    00000008     driverlib.lib : timer.obj (.text:TimerIntEnable)
                  00000856    00000006                   : sysctl.obj (.text:SysCtlDelay)
                  0000085c    00000004                   : timer.obj (.text:TimerIntClear)
                  00000860    00000004     rtsv7M4_T_le_v4SPD16_eabi.lib : pre_init.c.obj (.text:_system_pre_init)
                  00000864    00000004                                   : exit.c.obj (.text:abort:abort)

.const     0    00000868    000000b4     
                  00000868    00000060     driverlib.lib : timer.obj (.const:g_ppui32TimerIntMap)
                  000008c8    00000040                   : timer.obj (.const:g_ppui32TimerIntMapSnowflake)
                  00000908    00000014                   : interrupt.obj (.const:g_pui32EnRegs)

.cinit     0    00000920    00000014     
                  00000920    00000008     (.cinit..vtable.load) [load image, compression = zero_init]
                  00000928    00000004     (__TI_handler_table)
                  0000092c    00000008     (__TI_cinit_table)

.init_array 
*          0    00000000    00000000     UNINITIALIZED

.vtable    0    20000000    0000026c     UNINITIALIZED
                  20000000    0000026c     driverlib.lib : interrupt.obj (.vtable)

.stack     0    20000270    00000200     UNINITIALIZED
                  20000270    00000004     rtsv7M4_T_le_v4SPD16_eabi.lib : boot_cortex_m.c.obj (.stack)
                  20000274    000001fc     --HOLE--

__llvm_prf_cnts 
*          0    20000000    00000000     UNINITIALIZED

MODULE SUMMARY

       Module                         code   ro data   rw data
       ------                         ----   -------   -------
    .\
       tm4c123gh6pm_startup_ccs.obj   12     620       0      
       main.obj                       204    0         0      
    +--+------------------------------+------+---------+---------+
       Total:                         216    620       0      
                                                              
    C:/ti/TivaWare_C_Series-2.2.0.295/driverlib/ccs/Debug/driverlib.lib
       interrupt.obj                  172    20        620    
       gpio.obj                       434    0         0      
       timer.obj                      240    160       0      
       sysctl.obj                     302    0         0      
       cpu.obj                        12     0         0      
    +--+------------------------------+------+---------+---------+
       Total:                         1160   180       620    
                                                              
    C:\ti\ccs1120\ccs\tools\compiler\ti-cgt-arm_20.2.5.LTS\lib\rtsv7M4_T_le_v4SPD16_eabi.lib
       autoinit.c.obj                 68     0         0      
       boot_cortex_m.c.obj            52     0         0      
       copy_zero_init.c.obj           28     0         0      
       exit.c.obj                     4      0         0      
       pre_init.c.obj                 4      0         0      
    +--+------------------------------+------+---------+---------+
       Total:                         156    0         0      
                                                              
       Stack:                         0      0         512    
       Linker Generated:              0      20        0      
    +--+------------------------------+------+---------+---------+
       Grand Total:                   1532   820       1132   


LINKER GENERATED COPY TABLES

__TI_cinit_table @ 0000092c records: 1, size/record: 8, table size: 8
	.vtable: load addr=00000920, load size=00000008 bytes, run addr=20000000, run size=0000026c bytes, compression=zero_init


LINKER GENERATED HANDLER TABLE

__TI_handler_table @ 00000928 records: 1, size/record: 4, table size: 4
	index: 0, handler: __TI_zero_init


GLOBAL SYMBOLS: SORTED ALPHABETICALLY BY Name 

address   name                          
-------   ----                          
00000865  C$$EXIT                       
00000837  CPUcpsie                      
0000078d  GPIODirModeSet                
0000026d  GPIOPadConfigSet              
000007d5  GPIOPinTypeGPIOOutput         
00000599  IntEnable                     
00000819  IntMasterEnable               
000006f1  IntRegister                   
00000843  ResetISR                      
000004d5  SetInitSettings               
000003d9  SysCtlClockSet                
00000857  SysCtlDelay                   
00000725  SysCtlPeripheralEnable        
00000601  TimerConfigure                
00000829  TimerEnable                   
0000085d  TimerIntClear                 
0000084f  TimerIntEnable                
000007ef  TimerIntRegister              
00000807  TimerLoadSet                  
20000470  __STACK_END                   
00000200  __STACK_SIZE                  
20000470  __STACK_TOP                   
0000092c  __TI_CINIT_Base               
00000934  __TI_CINIT_Limit              
00000928  __TI_Handler_Table_Base       
0000092c  __TI_Handler_Table_Limit      
000006ad  __TI_auto_init_nobinit_nopinit
ffffffff  __TI_pprof_out_hndl           
ffffffff  __TI_prof_data_size           
ffffffff  __TI_prof_data_start          
00000000  __TI_static_base__            
000007b9  __TI_zero_init_nomemset       
ffffffff  __binit__                     
ffffffff  __c_args__                    
UNDEFED   __mpu_init                    
20000270  __stack                       
20000000  __start___llvm_prf_cnts       
20000000  __stop___llvm_prf_cnts        
00000759  _c_int00_noargs               
UNDEFED   _system_post_cinit            
00000861  _system_pre_init              
00000865  abort                         
ffffffff  binit                         
20000000  g_pfnRAMVectors               
00000000  g_pfnVectors                  
000004cd  main                          
0000055f  timerAInterruptHandler        
0000056b  timerBInterruptHandler        


GLOBAL SYMBOLS: SORTED BY Symbol Address 

address   name                          
-------   ----                          
00000000  __TI_static_base__            
00000000  g_pfnVectors                  
00000200  __STACK_SIZE                  
0000026d  GPIOPadConfigSet              
000003d9  SysCtlClockSet                
000004cd  main                          
000004d5  SetInitSettings               
0000055f  timerAInterruptHandler        
0000056b  timerBInterruptHandler        
00000599  IntEnable                     
00000601  TimerConfigure                
000006ad  __TI_auto_init_nobinit_nopinit
000006f1  IntRegister                   
00000725  SysCtlPeripheralEnable        
00000759  _c_int00_noargs               
0000078d  GPIODirModeSet                
000007b9  __TI_zero_init_nomemset       
000007d5  GPIOPinTypeGPIOOutput         
000007ef  TimerIntRegister              
00000807  TimerLoadSet                  
00000819  IntMasterEnable               
00000829  TimerEnable                   
00000837  CPUcpsie                      
00000843  ResetISR                      
0000084f  TimerIntEnable                
00000857  SysCtlDelay                   
0000085d  TimerIntClear                 
00000861  _system_pre_init              
00000865  C$$EXIT                       
00000865  abort                         
00000928  __TI_Handler_Table_Base       
0000092c  __TI_CINIT_Base               
0000092c  __TI_Handler_Table_Limit      
00000934  __TI_CINIT_Limit              
20000000  __start___llvm_prf_cnts       
20000000  __stop___llvm_prf_cnts        
20000000  g_pfnRAMVectors               
20000270  __stack                       
20000470  __STACK_END                   
20000470  __STACK_TOP                   
ffffffff  __TI_pprof_out_hndl           
ffffffff  __TI_prof_data_size           
ffffffff  __TI_prof_data_start          
ffffffff  __binit__                     
ffffffff  __c_args__                    
ffffffff  binit                         
UNDEFED   __mpu_init                    
UNDEFED   _system_post_cinit            

[48 symbols]
