******************************************************************************
                  TI ARM Linker PC v20.2.5                     
******************************************************************************
>> Linked Mon Nov 11 14:26:41 2024

OUTPUT FILE NAME:   <timerdersi3.out>
ENTRY POINT SYMBOL: "_c_int00_noargs"  address: 00001b91


MEMORY CONFIGURATION

         name            origin    length      used     unused   attr    fill
----------------------  --------  ---------  --------  --------  ----  --------
  FLASH                 00000000   00040000  00001fb2  0003e04e  R  X
  SRAM                  20000000   00008000  0000046c  00007b94  RW X


SEGMENT ALLOCATION MAP

run origin  load origin   length   init length attrs members
----------  ----------- ---------- ----------- ----- -------
00000000    00000000    00001fb4   00001fb4    r-x
  00000000    00000000    0000026c   0000026c    r-- .intvecs
  0000026c    0000026c    00001a16   00001a16    r-x .text
  00001c84    00001c84    0000031c   0000031c    r-- .const
  00001fa0    00001fa0    00000014   00000014    r-- .cinit
20000000    20000000    00000470   00000000    rw-
  20000000    20000000    0000026c   00000000    rw- .vtable
  20000270    20000270    00000200   00000000    rw- .stack


SECTION ALLOCATION MAP

 output                                  attributes/
section   page    origin      length       input sections
--------  ----  ----------  ----------   ----------------
.intvecs   0    00000000    0000026c     
                  00000000    0000026c     tm4c123gh6pm_startup_ccs.obj (.intvecs)

.text      0    0000026c    00001a16     
                  0000026c    00001670     main.obj (.text)
                  000018dc    0000016c     driverlib.lib : gpio.obj (.text:GPIOPadConfigSet)
                  00001a48    00000068                   : interrupt.obj (.text:IntDisable)
                  00001ab0    00000068                   : interrupt.obj (.text:IntEnable)
                  00001b18    00000044     rtsv7M4_T_le_v4SPD16_eabi.lib : autoinit.c.obj (.text:__TI_auto_init_nobinit_nopinit:__TI_auto_init_nobinit_nopinit)
                  00001b5c    00000034     driverlib.lib : interrupt.obj (.text:IntRegister)
                  00001b90    00000034     rtsv7M4_T_le_v4SPD16_eabi.lib : boot_cortex_m.c.obj (.text:_c_int00_noargs:_c_int00_noargs)
                  00001bc4    0000002c     driverlib.lib : gpio.obj (.text:GPIODirModeSet)
                  00001bf0    0000001c     rtsv7M4_T_le_v4SPD16_eabi.lib : copy_zero_init.c.obj (.text:decompress:ZI:__TI_zero_init_nomemset:__TI_zero_init_nomemset)
                  00001c0c    0000001a     driverlib.lib : gpio.obj (.text:GPIOPinTypeGPIOOutput)
                  00001c26    00000002                   : interrupt.obj (.text:_IntDefaultHandler)
                  00001c28    00000014                   : interrupt.obj (.text:IntUnregister)
                  00001c3c    00000010                   : interrupt.obj (.text:IntMasterEnable)
                  00001c4c    0000000c                   : cpu.obj (.text:CPUcpsie)
                  00001c58    0000000c     tm4c123gh6pm_startup_ccs.obj (.text)
                  00001c64    00000006     driverlib.lib : gpio.obj (.text:GPIOPinRead)
                  00001c6a    00000006                   : gpio.obj (.text:GPIOPinWrite)
                  00001c70    00000006     main.obj (.text:SysCtlDelay)
                  00001c76    00000004     driverlib.lib : cpu.obj (.text:CPUwfi)
                  00001c7a    00000004     rtsv7M4_T_le_v4SPD16_eabi.lib : pre_init.c.obj (.text:_system_pre_init)
                  00001c7e    00000004                                   : exit.c.obj (.text:abort:abort)

.const     0    00001c84    0000031c     
                  00001c84    000001b0     main.obj (.const:g_pppui32XTALtoVCO)
                  00001e34    0000006c     main.obj (.const:g_pui32Xtals)
                  00001ea0    00000060     main.obj (.const:g_ppui32TimerIntMap)
                  00001f00    00000040     main.obj (.const:g_ppui32TimerIntMapSnowflake)
                  00001f40    00000030     main.obj (.const:g_sXTALtoMEMTIM)
                  00001f70    00000014     driverlib.lib : interrupt.obj (.const:g_pui32Dii16Regs)
                  00001f84    00000014                   : interrupt.obj (.const:g_pui32EnRegs)
                  00001f98    00000008     main.obj (.const:g_pui32VCOFrequencies)

.cinit     0    00001fa0    00000014     
                  00001fa0    00000008     (.cinit..vtable.load) [load image, compression = zero_init]
                  00001fa8    00000004     (__TI_handler_table)
                  00001fac    00000008     (__TI_cinit_table)

.init_array 
*          0    00000000    00000000     UNINITIALIZED

.vtable    0    20000000    0000026c     UNINITIALIZED
                  20000000    0000026c     driverlib.lib : interrupt.obj (.vtable)

.stack     0    20000270    00000200     UNINITIALIZED
                  20000270    00000004     rtsv7M4_T_le_v4SPD16_eabi.lib : boot_cortex_m.c.obj (.stack)
                  20000274    000001fc     --HOLE--

__llvm_prf_cnts 
*          0    20000000    00000000     UNINITIALIZED

MODULE SUMMARY

       Module                         code   ro data   rw data
       ------                         ----   -------   -------
    .\
       main.obj                       5750   756       0      
       tm4c123gh6pm_startup_ccs.obj   12     620       0      
    +--+------------------------------+------+---------+---------+
       Total:                         5762   1376      0      
                                                              
    C:/ti/TivaWare_C_Series-2.2.0.295/driverlib/ccs/Debug/driverlib.lib
       interrupt.obj                  298    40        620    
       gpio.obj                       446    0         0      
       cpu.obj                        16     0         0      
    +--+------------------------------+------+---------+---------+
       Total:                         760    40        620    
                                                              
    C:\ti\ccs1120\ccs\tools\compiler\ti-cgt-arm_20.2.5.LTS\lib\rtsv7M4_T_le_v4SPD16_eabi.lib
       autoinit.c.obj                 68     0         0      
       boot_cortex_m.c.obj            52     0         0      
       copy_zero_init.c.obj           28     0         0      
       exit.c.obj                     4      0         0      
       pre_init.c.obj                 4      0         0      
    +--+------------------------------+------+---------+---------+
       Total:                         156    0         0      
                                                              
       Stack:                         0      0         512    
       Linker Generated:              0      20        0      
    +--+------------------------------+------+---------+---------+
       Grand Total:                   6678   1436      1132   


LINKER GENERATED COPY TABLES

__TI_cinit_table @ 00001fac records: 1, size/record: 8, table size: 8
	.vtable: load addr=00001fa0, load size=00000008 bytes, run addr=20000000, run size=0000026c bytes, compression=zero_init


LINKER GENERATED HANDLER TABLE

__TI_handler_table @ 00001fa8 records: 1, size/record: 4, table size: 4
	index: 0, handler: __TI_zero_init


GLOBAL SYMBOLS: SORTED ALPHABETICALLY BY Name 

address   name                            
-------   ----                            
00001c7f  C$$EXIT                         
00001c4d  CPUcpsie                        
00001c77  CPUwfi                          
00001bc5  GPIODirModeSet                  
000018dd  GPIOPadConfigSet                
00001c65  GPIOPinRead                     
00001c0d  GPIOPinTypeGPIOOutput           
00001c6b  GPIOPinWrite                    
00001a49  IntDisable                      
00001ab1  IntEnable                       
00001c3d  IntMasterEnable                 
00001b5d  IntRegister                     
00001c29  IntUnregister                   
00001c59  ResetISR                        
0000183f  SetInitSettings                 
000011a9  SysCtlAltClkConfig              
000008d1  SysCtlClockFreqSet              
00000d99  SysCtlClockGet                  
0000118d  SysCtlClockOutConfig            
00000bc9  SysCtlClockSet                  
000007d5  SysCtlDeepSleep                 
00000f5d  SysCtlDeepSleepClockConfigSet   
00000f3f  SysCtlDeepSleepClockSet         
000007b5  SysCtlDeepSleepPowerSet         
00001c71  SysCtlDelay                     
00000363  SysCtlFlashSectorSizeGet        
00000337  SysCtlFlashSizeGet              
00001033  SysCtlGPIOAHBDisable            
00001017  SysCtlGPIOAHBEnable             
00000749  SysCtlIntClear                  
00000731  SysCtlIntDisable                
0000071d  SysCtlIntEnable                 
000006f5  SysCtlIntRegister               
00000759  SysCtlIntStatus                 
0000070d  SysCtlIntUnregister             
0000079b  SysCtlLDODeepSleepGet           
0000078b  SysCtlLDODeepSleepSet           
00000785  SysCtlLDOSleepGet               
00000775  SysCtlLDOSleepSet               
0000080b  SysCtlMOSCConfigSet             
00001171  SysCtlNMIClear                  
0000115d  SysCtlNMIStatus                 
00000821  SysCtlPIOSCCalibrate            
00001001  SysCtlPWMClockGet               
00000fe7  SysCtlPWMClockSet               
000006a1  SysCtlPeripheralClockGating     
00000659  SysCtlPeripheralDeepSleepDisable
00000609  SysCtlPeripheralDeepSleepEnable 
00000545  SysCtlPeripheralDisable         
00000509  SysCtlPeripheralEnable          
00000445  SysCtlPeripheralPowerOff        
00000409  SysCtlPeripheralPowerOn         
00000389  SysCtlPeripheralPresent         
000003c9  SysCtlPeripheralReady           
00000481  SysCtlPeripheralReset           
000005cd  SysCtlPeripheralSleepDisable    
00000589  SysCtlPeripheralSleepEnable     
000007c5  SysCtlReset                     
00000881  SysCtlResetBehaviorGet          
00000871  SysCtlResetBehaviorSet          
000007f7  SysCtlResetCauseClear           
000007f1  SysCtlResetCauseGet             
0000032d  SysCtlSRAMSizeGet               
000007cd  SysCtlSleep                     
000007a1  SysCtlSleepPowerSet             
0000105b  SysCtlUSBPLLDisable             
0000104f  SysCtlUSBPLLEnable              
000010a1  SysCtlVCOGet                    
00001089  SysCtlVoltageEventClear         
0000106d  SysCtlVoltageEventConfig        
0000107d  SysCtlVoltageEventStatus        
000017b5  TimerADCEventGet                
000017a3  TimerADCEventSet                
000014cf  TimerClockSourceGet             
000014bb  TimerClockSourceSet             
0000127d  TimerConfigure                  
000013b5  TimerControlEvent               
000012fd  TimerControlLevel               
000013df  TimerControlStall               
00001341  TimerControlTrigger             
00001421  TimerControlWaitOnTrigger       
000017d5  TimerDMAEventGet                
000017c3  TimerDMAEventSet                
0000125b  TimerDisable                    
0000123d  TimerEnable                     
0000177f  TimerIntClear                   
00001749  TimerIntDisable                 
00001731  TimerIntEnable                  
000016eb  TimerIntRegister                
00001761  TimerIntStatus                  
00001713  TimerIntUnregister              
000015a3  TimerLoadGet                    
000015d9  TimerLoadGet64                  
00001579  TimerLoadSet                    
000015bf  TimerLoadSet64                  
00001683  TimerMatchGet                   
000016b9  TimerMatchGet64                 
00001659  TimerMatchSet                   
0000169f  TimerMatchSet64                 
00001509  TimerPrescaleGet                
0000155d  TimerPrescaleMatchGet           
00001525  TimerPrescaleMatchSet           
000014df  TimerPrescaleSet                
000014a5  TimerRTCDisable                 
00001485  TimerRTCEnable                  
00001791  TimerSynchronize                
000017e3  TimerUpdateMode                 
0000160b  TimerValueGet                   
00001627  TimerValueGet64                 
20000470  __STACK_END                     
00000200  __STACK_SIZE                    
20000470  __STACK_TOP                     
00001fac  __TI_CINIT_Base                 
00001fb4  __TI_CINIT_Limit                
00001fa8  __TI_Handler_Table_Base         
00001fac  __TI_Handler_Table_Limit        
00001b19  __TI_auto_init_nobinit_nopinit  
ffffffff  __TI_pprof_out_hndl             
ffffffff  __TI_prof_data_size             
ffffffff  __TI_prof_data_start            
00000000  __TI_static_base__              
00001bf1  __TI_zero_init_nomemset         
ffffffff  __binit__                       
ffffffff  __c_args__                      
UNDEFED   __mpu_init                      
20000270  __stack                         
20000000  __start___llvm_prf_cnts         
20000000  __stop___llvm_prf_cnts          
00001b91  _c_int00_noargs                 
UNDEFED   _system_post_cinit              
00001c7b  _system_pre_init                
00001c7f  abort                           
ffffffff  binit                           
20000000  g_pfnRAMVectors                 
00000000  g_pfnVectors                    
00001837  main                            
0000189f  timerkesmefonksiyonu            


GLOBAL SYMBOLS: SORTED BY Symbol Address 

address   name                            
-------   ----                            
00000000  __TI_static_base__              
00000000  g_pfnVectors                    
00000200  __STACK_SIZE                    
0000032d  SysCtlSRAMSizeGet               
00000337  SysCtlFlashSizeGet              
00000363  SysCtlFlashSectorSizeGet        
00000389  SysCtlPeripheralPresent         
000003c9  SysCtlPeripheralReady           
00000409  SysCtlPeripheralPowerOn         
00000445  SysCtlPeripheralPowerOff        
00000481  SysCtlPeripheralReset           
00000509  SysCtlPeripheralEnable          
00000545  SysCtlPeripheralDisable         
00000589  SysCtlPeripheralSleepEnable     
000005cd  SysCtlPeripheralSleepDisable    
00000609  SysCtlPeripheralDeepSleepEnable 
00000659  SysCtlPeripheralDeepSleepDisable
000006a1  SysCtlPeripheralClockGating     
000006f5  SysCtlIntRegister               
0000070d  SysCtlIntUnregister             
0000071d  SysCtlIntEnable                 
00000731  SysCtlIntDisable                
00000749  SysCtlIntClear                  
00000759  SysCtlIntStatus                 
00000775  SysCtlLDOSleepSet               
00000785  SysCtlLDOSleepGet               
0000078b  SysCtlLDODeepSleepSet           
0000079b  SysCtlLDODeepSleepGet           
000007a1  SysCtlSleepPowerSet             
000007b5  SysCtlDeepSleepPowerSet         
000007c5  SysCtlReset                     
000007cd  SysCtlSleep                     
000007d5  SysCtlDeepSleep                 
000007f1  SysCtlResetCauseGet             
000007f7  SysCtlResetCauseClear           
0000080b  SysCtlMOSCConfigSet             
00000821  SysCtlPIOSCCalibrate            
00000871  SysCtlResetBehaviorSet          
00000881  SysCtlResetBehaviorGet          
000008d1  SysCtlClockFreqSet              
00000bc9  SysCtlClockSet                  
00000d99  SysCtlClockGet                  
00000f3f  SysCtlDeepSleepClockSet         
00000f5d  SysCtlDeepSleepClockConfigSet   
00000fe7  SysCtlPWMClockSet               
00001001  SysCtlPWMClockGet               
00001017  SysCtlGPIOAHBEnable             
00001033  SysCtlGPIOAHBDisable            
0000104f  SysCtlUSBPLLEnable              
0000105b  SysCtlUSBPLLDisable             
0000106d  SysCtlVoltageEventConfig        
0000107d  SysCtlVoltageEventStatus        
00001089  SysCtlVoltageEventClear         
000010a1  SysCtlVCOGet                    
0000115d  SysCtlNMIStatus                 
00001171  SysCtlNMIClear                  
0000118d  SysCtlClockOutConfig            
000011a9  SysCtlAltClkConfig              
0000123d  TimerEnable                     
0000125b  TimerDisable                    
0000127d  TimerConfigure                  
000012fd  TimerControlLevel               
00001341  TimerControlTrigger             
000013b5  TimerControlEvent               
000013df  TimerControlStall               
00001421  TimerControlWaitOnTrigger       
00001485  TimerRTCEnable                  
000014a5  TimerRTCDisable                 
000014bb  TimerClockSourceSet             
000014cf  TimerClockSourceGet             
000014df  TimerPrescaleSet                
00001509  TimerPrescaleGet                
00001525  TimerPrescaleMatchSet           
0000155d  TimerPrescaleMatchGet           
00001579  TimerLoadSet                    
000015a3  TimerLoadGet                    
000015bf  TimerLoadSet64                  
000015d9  TimerLoadGet64                  
0000160b  TimerValueGet                   
00001627  TimerValueGet64                 
00001659  TimerMatchSet                   
00001683  TimerMatchGet                   
0000169f  TimerMatchSet64                 
000016b9  TimerMatchGet64                 
000016eb  TimerIntRegister                
00001713  TimerIntUnregister              
00001731  TimerIntEnable                  
00001749  TimerIntDisable                 
00001761  TimerIntStatus                  
0000177f  TimerIntClear                   
00001791  TimerSynchronize                
000017a3  TimerADCEventSet                
000017b5  TimerADCEventGet                
000017c3  TimerDMAEventSet                
000017d5  TimerDMAEventGet                
000017e3  TimerUpdateMode                 
00001837  main                            
0000183f  SetInitSettings                 
0000189f  timerkesmefonksiyonu            
000018dd  GPIOPadConfigSet                
00001a49  IntDisable                      
00001ab1  IntEnable                       
00001b19  __TI_auto_init_nobinit_nopinit  
00001b5d  IntRegister                     
00001b91  _c_int00_noargs                 
00001bc5  GPIODirModeSet                  
00001bf1  __TI_zero_init_nomemset         
00001c0d  GPIOPinTypeGPIOOutput           
00001c29  IntUnregister                   
00001c3d  IntMasterEnable                 
00001c4d  CPUcpsie                        
00001c59  ResetISR                        
00001c65  GPIOPinRead                     
00001c6b  GPIOPinWrite                    
00001c71  SysCtlDelay                     
00001c77  CPUwfi                          
00001c7b  _system_pre_init                
00001c7f  C$$EXIT                         
00001c7f  abort                           
00001fa8  __TI_Handler_Table_Base         
00001fac  __TI_CINIT_Base                 
00001fac  __TI_Handler_Table_Limit        
00001fb4  __TI_CINIT_Limit                
20000000  __start___llvm_prf_cnts         
20000000  __stop___llvm_prf_cnts          
20000000  g_pfnRAMVectors                 
20000270  __stack                         
20000470  __STACK_END                     
20000470  __STACK_TOP                     
ffffffff  __TI_pprof_out_hndl             
ffffffff  __TI_prof_data_size             
ffffffff  __TI_prof_data_start            
ffffffff  __binit__                       
ffffffff  __c_args__                      
ffffffff  binit                           
UNDEFED   __mpu_init                      
UNDEFED   _system_post_cinit              

[137 symbols]
