******************************************************************************
                  TI ARM Linker PC v20.2.5                     
******************************************************************************
>> Linked Fri Nov 22 01:59:44 2024

OUTPUT FILE NAME:   <vizehazirlik.out>
ENTRY POINT SYMBOL: "_c_int00_noargs"  address: 00000ac1


MEMORY CONFIGURATION

         name            origin    length      used     unused   attr    fill
----------------------  --------  ---------  --------  --------  ----  --------
  FLASH                 00000000   00040000  00000f12  0003f0ee  R  X
  SRAM                  20000000   00008000  0000046e  00007b92  RW X


SEGMENT ALLOCATION MAP

run origin  load origin   length   init length attrs members
----------  ----------- ---------- ----------- ----- -------
00000000    00000000    00000f18   00000f18    r-x
  00000000    00000000    0000026c   0000026c    r-- .intvecs
  0000026c    0000026c    000009be   000009be    r-x .text
  00000c2c    00000c2c    000002b8   000002b8    r-- .const
  00000ee8    00000ee8    00000030   00000030    r-- .cinit
20000000    20000000    00000470   00000000    rw-
  20000000    20000000    0000026c   00000000    rw- .vtable
  2000026c    2000026c    00000002   00000000    rw- .data
  20000270    20000270    00000200   00000000    rw- .stack


SECTION ALLOCATION MAP

 output                                  attributes/
section   page    origin      length       input sections
--------  ----  ----------  ----------   ----------------
.intvecs   0    00000000    0000026c     
                  00000000    0000026c     tm4c123gh6pm_startup_ccs.obj (.intvecs)

.text      0    0000026c    000009be     
                  0000026c    0000017c     main.obj (.text)
                  000003e8    0000016c     driverlib.lib : gpio.obj (.text:GPIOPadConfigSet)
                  00000554    00000118                   : sysctl.obj (.text:SysCtlClockGet)
                  0000066c    000000f4                   : sysctl.obj (.text:SysCtlClockSet)
                  00000760    0000009c     rtsv7M4_T_le_v4SPD16_eabi.lib : memcpy_t2.asm.obj (.text)
                  000007fc    00000068     driverlib.lib : interrupt.obj (.text:IntEnable)
                  00000864    00000068     rtsv7M4_T_le_v4SPD16_eabi.lib : copy_decompress_lzss.c.obj (.text:decompress:lzss:__TI_decompress_lzss)
                  000008cc    00000060     driverlib.lib : timer.obj (.text:TimerConfigure)
                  0000092c    00000058                   : gpio.obj (.text:GPIOIntTypeSet)
                  00000984    0000004c                   : timer.obj (.text:_TimerIntNumberGet)
                  000009d0    00000044                   : gpio.obj (.text:_GPIOIntNumberGet)
                  00000a14    00000044     rtsv7M4_T_le_v4SPD16_eabi.lib : autoinit.c.obj (.text:__TI_auto_init_nobinit_nopinit:__TI_auto_init_nobinit_nopinit)
                  00000a58    00000034     driverlib.lib : interrupt.obj (.text:IntRegister)
                  00000a8c    00000034                   : sysctl.obj (.text:SysCtlPeripheralEnable)
                  00000ac0    00000034     rtsv7M4_T_le_v4SPD16_eabi.lib : boot_cortex_m.c.obj (.text:_c_int00_noargs:_c_int00_noargs)
                  00000af4    0000002c     driverlib.lib : gpio.obj (.text:GPIODirModeSet)
                  00000b20    0000001c     rtsv7M4_T_le_v4SPD16_eabi.lib : copy_zero_init.c.obj (.text:decompress:ZI:__TI_zero_init_nomemset:__TI_zero_init_nomemset)
                  00000b3c    0000001a     driverlib.lib : gpio.obj (.text:GPIOPinTypeGPIOOutput)
                  00000b56    00000018                   : gpio.obj (.text:GPIOIntRegister)
                  00000b6e    00000018                   : timer.obj (.text:TimerIntRegister)
                  00000b86    00000016                   : gpio.obj (.text:GPIOPinTypeGPIOInput)
                  00000b9c    00000012                   : timer.obj (.text:TimerLoadSet)
                  00000bae    00000010                   : interrupt.obj (.text:IntMasterEnable)
                  00000bbe    0000000e                   : timer.obj (.text:TimerEnable)
                  00000bcc    0000000e     rtsv7M4_T_le_v4SPD16_eabi.lib : copy_decompress_none.c.obj (.text:decompress:none:__TI_decompress_none)
                  00000bda    0000000c     driverlib.lib : cpu.obj (.text:CPUcpsie)
                  00000be6    0000000c                   : gpio.obj (.text:GPIOIntEnable)
                  00000bf2    0000000c     tm4c123gh6pm_startup_ccs.obj (.text)
                  00000bfe    00000008     driverlib.lib : timer.obj (.text:TimerIntEnable)
                  00000c06    00000006                   : gpio.obj (.text:GPIOIntClear)
                  00000c0c    00000006                   : gpio.obj (.text:GPIOPinRead)
                  00000c12    00000006                   : gpio.obj (.text:GPIOPinWrite)
                  00000c18    00000006                   : sysctl.obj (.text:SysCtlDelay)
                  00000c1e    00000004                   : timer.obj (.text:TimerIntClear)
                  00000c22    00000004     rtsv7M4_T_le_v4SPD16_eabi.lib : pre_init.c.obj (.text:_system_pre_init)
                  00000c26    00000004                                   : exit.c.obj (.text:abort:abort)

.const     0    00000c2c    000002b8     
                  00000c2c    000000d8     driverlib.lib : gpio.obj (.const:g_ppui32GPIOIntMapSnowflake)
                  00000d04    000000c0                   : gpio.obj (.const:g_ppui32GPIOIntMapBlizzard)
                  00000dc4    0000006c                   : sysctl.obj (.const:g_pui32Xtals)
                  00000e30    00000060                   : timer.obj (.const:g_ppui32TimerIntMap)
                  00000e90    00000040                   : timer.obj (.const:g_ppui32TimerIntMapSnowflake)
                  00000ed0    00000014                   : interrupt.obj (.const:g_pui32EnRegs)

.cinit     0    00000ee8    00000030     
                  00000ee8    0000000c     (__TI_handler_table)
                  00000ef4    00000004     --HOLE-- [fill = 0]
                  00000ef8    00000008     (.cinit..vtable.load) [load image, compression = zero_init]
                  00000f00    00000006     (.cinit..data.load) [load image, compression = lzss]
                  00000f06    00000002     --HOLE-- [fill = 0]
                  00000f08    00000010     (__TI_cinit_table)

.init_array 
*          0    00000000    00000000     UNINITIALIZED

.vtable    0    20000000    0000026c     UNINITIALIZED
                  20000000    0000026c     driverlib.lib : interrupt.obj (.vtable)

.data      0    2000026c    00000002     UNINITIALIZED
                  2000026c    00000002     main.obj (.data)

.stack     0    20000270    00000200     UNINITIALIZED
                  20000270    00000004     rtsv7M4_T_le_v4SPD16_eabi.lib : boot_cortex_m.c.obj (.stack)
                  20000274    000001fc     --HOLE--

__llvm_prf_cnts 
*          0    20000000    00000000     UNINITIALIZED

MODULE SUMMARY

       Module                         code   ro data   rw data
       ------                         ----   -------   -------
    .\
       tm4c123gh6pm_startup_ccs.obj   12     620       0      
       main.obj                       380    0         2      
    +--+------------------------------+------+---------+---------+
       Total:                         392    620       2      
                                                              
    C:/ti/TivaWare_C_Series-2.2.0.295/driverlib/ccs/Debug/driverlib.lib
       gpio.obj                       666    408       0      
       interrupt.obj                  172    20        620    
       sysctl.obj                     582    108       0      
       timer.obj                      240    160       0      
       cpu.obj                        12     0         0      
    +--+------------------------------+------+---------+---------+
       Total:                         1672   696       620    
                                                              
    C:\ti\ccs1120\ccs\tools\compiler\ti-cgt-arm_20.2.5.LTS\lib\rtsv7M4_T_le_v4SPD16_eabi.lib
       memcpy_t2.asm.obj              156    0         0      
       copy_decompress_lzss.c.obj     104    0         0      
       autoinit.c.obj                 68     0         0      
       boot_cortex_m.c.obj            52     0         0      
       copy_zero_init.c.obj           28     0         0      
       copy_decompress_none.c.obj     14     0         0      
       exit.c.obj                     4      0         0      
       pre_init.c.obj                 4      0         0      
    +--+------------------------------+------+---------+---------+
       Total:                         430    0         0      
                                                              
       Stack:                         0      0         512    
       Linker Generated:              0      42        0      
    +--+------------------------------+------+---------+---------+
       Grand Total:                   2494   1358      1134   


LINKER GENERATED COPY TABLES

__TI_cinit_table @ 00000f08 records: 2, size/record: 8, table size: 16
	.vtable: load addr=00000ef8, load size=00000008 bytes, run addr=20000000, run size=0000026c bytes, compression=zero_init
	.data: load addr=00000f00, load size=00000006 bytes, run addr=2000026c, run size=00000002 bytes, compression=lzss


LINKER GENERATED HANDLER TABLE

__TI_handler_table @ 00000ee8 records: 3, size/record: 4, table size: 12
	index: 0, handler: __TI_zero_init
	index: 1, handler: __TI_decompress_lzss
	index: 2, handler: __TI_decompress_none


GLOBAL SYMBOLS: SORTED ALPHABETICALLY BY Name 

address   name                          
-------   ----                          
00000c27  C$$EXIT                       
00000bdb  CPUcpsie                      
00000af5  GPIODirModeSet                
00000c07  GPIOIntClear                  
00000be7  GPIOIntEnable                 
00000b57  GPIOIntRegister               
0000092d  GPIOIntTypeSet                
0000026d  GPIOKesmesi                   
000003e9  GPIOPadConfigSet              
00000c0d  GPIOPinRead                   
00000b87  GPIOPinTypeGPIOInput          
00000b3d  GPIOPinTypeGPIOOutput         
00000c13  GPIOPinWrite                  
000007fd  IntEnable                     
00000baf  IntMasterEnable               
00000a59  IntRegister                   
00000bf3  ResetISR                      
00000555  SysCtlClockGet                
0000066d  SysCtlClockSet                
00000c19  SysCtlDelay                   
00000a8d  SysCtlPeripheralEnable        
000002ad  TIMERKesmesi                  
000008cd  TimerConfigure                
00000bbf  TimerEnable                   
00000c1f  TimerIntClear                 
00000bff  TimerIntEnable                
00000b6f  TimerIntRegister              
00000b9d  TimerLoadSet                  
20000470  __STACK_END                   
00000200  __STACK_SIZE                  
20000470  __STACK_TOP                   
00000f08  __TI_CINIT_Base               
00000f18  __TI_CINIT_Limit              
00000ee8  __TI_Handler_Table_Base       
00000ef4  __TI_Handler_Table_Limit      
00000a15  __TI_auto_init_nobinit_nopinit
00000865  __TI_decompress_lzss          
00000bcd  __TI_decompress_none          
ffffffff  __TI_pprof_out_hndl           
ffffffff  __TI_prof_data_size           
ffffffff  __TI_prof_data_start          
00000000  __TI_static_base__            
00000b21  __TI_zero_init_nomemset       
00000761  __aeabi_memcpy                
00000761  __aeabi_memcpy4               
00000761  __aeabi_memcpy8               
ffffffff  __binit__                     
ffffffff  __c_args__                    
UNDEFED   __mpu_init                    
20000270  __stack                       
20000000  __start___llvm_prf_cnts       
20000000  __stop___llvm_prf_cnts        
00000ac1  _c_int00_noargs               
UNDEFED   _system_post_cinit            
00000c23  _system_pre_init              
00000c27  abort                         
ffffffff  binit                         
20000000  g_pfnRAMVectors               
00000000  g_pfnVectors                  
000002cf  main                          
00000761  memcpy                        
2000026c  sw1_pressed                   
2000026d  sw2_pressed                   


GLOBAL SYMBOLS: SORTED BY Symbol Address 

address   name                          
-------   ----                          
00000000  __TI_static_base__            
00000000  g_pfnVectors                  
00000200  __STACK_SIZE                  
0000026d  GPIOKesmesi                   
000002ad  TIMERKesmesi                  
000002cf  main                          
000003e9  GPIOPadConfigSet              
00000555  SysCtlClockGet                
0000066d  SysCtlClockSet                
00000761  __aeabi_memcpy                
00000761  __aeabi_memcpy4               
00000761  __aeabi_memcpy8               
00000761  memcpy                        
000007fd  IntEnable                     
00000865  __TI_decompress_lzss          
000008cd  TimerConfigure                
0000092d  GPIOIntTypeSet                
00000a15  __TI_auto_init_nobinit_nopinit
00000a59  IntRegister                   
00000a8d  SysCtlPeripheralEnable        
00000ac1  _c_int00_noargs               
00000af5  GPIODirModeSet                
00000b21  __TI_zero_init_nomemset       
00000b3d  GPIOPinTypeGPIOOutput         
00000b57  GPIOIntRegister               
00000b6f  TimerIntRegister              
00000b87  GPIOPinTypeGPIOInput          
00000b9d  TimerLoadSet                  
00000baf  IntMasterEnable               
00000bbf  TimerEnable                   
00000bcd  __TI_decompress_none          
00000bdb  CPUcpsie                      
00000be7  GPIOIntEnable                 
00000bf3  ResetISR                      
00000bff  TimerIntEnable                
00000c07  GPIOIntClear                  
00000c0d  GPIOPinRead                   
00000c13  GPIOPinWrite                  
00000c19  SysCtlDelay                   
00000c1f  TimerIntClear                 
00000c23  _system_pre_init              
00000c27  C$$EXIT                       
00000c27  abort                         
00000ee8  __TI_Handler_Table_Base       
00000ef4  __TI_Handler_Table_Limit      
00000f08  __TI_CINIT_Base               
00000f18  __TI_CINIT_Limit              
20000000  __start___llvm_prf_cnts       
20000000  __stop___llvm_prf_cnts        
20000000  g_pfnRAMVectors               
2000026c  sw1_pressed                   
2000026d  sw2_pressed                   
20000270  __stack                       
20000470  __STACK_END                   
20000470  __STACK_TOP                   
ffffffff  __TI_pprof_out_hndl           
ffffffff  __TI_prof_data_size           
ffffffff  __TI_prof_data_start          
ffffffff  __binit__                     
ffffffff  __c_args__                    
ffffffff  binit                         
UNDEFED   __mpu_init                    
UNDEFED   _system_post_cinit            

[63 symbols]
