<?xml version="1.0" encoding="ISO-8859-1" ?>
<link_info>
   <banner>TI ARM Linker PC v20.2.5.LTS</banner>
   <copyright>Copyright (c) 1996-2018 Texas Instruments Incorporated</copyright>
   <link_time>0x673fbb60</link_time>
   <link_errors>0x0</link_errors>
   <output_file>vizehazirlik.out</output_file>
   <entry_point>
      <name>_c_int00_noargs</name>
      <address>0xac1</address>
   </entry_point>
   <input_file_list>
      <input_file id="fl-2">
         <path>.\</path>
         <kind>object</kind>
         <file>main.obj</file>
         <name>main.obj</name>
      </input_file>
      <input_file id="fl-3">
         <path>.\</path>
         <kind>object</kind>
         <file>tm4c123gh6pm_startup_ccs.obj</file>
         <name>tm4c123gh6pm_startup_ccs.obj</name>
      </input_file>
      <input_file id="fl-8">
         <kind>object</kind>
         <file>&lt;internal&gt;</file>
         <name>&lt;internal&gt;</name>
      </input_file>
      <input_file id="fl-9">
         <path>C:\ti\TivaWare_C_Series-2.2.0.295\driverlib\ccs\Debug\</path>
         <kind>archive</kind>
         <file>driverlib.lib</file>
         <name>gpio.obj</name>
      </input_file>
      <input_file id="fl-a">
         <path>C:\ti\TivaWare_C_Series-2.2.0.295\driverlib\ccs\Debug\</path>
         <kind>archive</kind>
         <file>driverlib.lib</file>
         <name>interrupt.obj</name>
      </input_file>
      <input_file id="fl-b">
         <path>C:\ti\TivaWare_C_Series-2.2.0.295\driverlib\ccs\Debug\</path>
         <kind>archive</kind>
         <file>driverlib.lib</file>
         <name>sysctl.obj</name>
      </input_file>
      <input_file id="fl-c">
         <path>C:\ti\TivaWare_C_Series-2.2.0.295\driverlib\ccs\Debug\</path>
         <kind>archive</kind>
         <file>driverlib.lib</file>
         <name>timer.obj</name>
      </input_file>
      <input_file id="fl-d">
         <path>C:\ti\TivaWare_C_Series-2.2.0.295\driverlib\ccs\Debug\</path>
         <kind>archive</kind>
         <file>driverlib.lib</file>
         <name>cpu.obj</name>
      </input_file>
      <input_file id="fl-c3">
         <path>C:\ti\ccs1120\ccs\tools\compiler\ti-cgt-arm_20.2.5.LTS\lib\</path>
         <kind>archive</kind>
         <file>rtsv7M4_T_le_v4SPD16_eabi.lib</file>
         <name>copy_zero_init.c.obj</name>
      </input_file>
      <input_file id="fl-c4">
         <path>C:\ti\ccs1120\ccs\tools\compiler\ti-cgt-arm_20.2.5.LTS\lib\</path>
         <kind>archive</kind>
         <file>rtsv7M4_T_le_v4SPD16_eabi.lib</file>
         <name>copy_decompress_none.c.obj</name>
      </input_file>
      <input_file id="fl-c5">
         <path>C:\ti\ccs1120\ccs\tools\compiler\ti-cgt-arm_20.2.5.LTS\lib\</path>
         <kind>archive</kind>
         <file>rtsv7M4_T_le_v4SPD16_eabi.lib</file>
         <name>copy_decompress_lzss.c.obj</name>
      </input_file>
      <input_file id="fl-c6">
         <path>C:\ti\ccs1120\ccs\tools\compiler\ti-cgt-arm_20.2.5.LTS\lib\</path>
         <kind>archive</kind>
         <file>rtsv7M4_T_le_v4SPD16_eabi.lib</file>
         <name>boot_cortex_m.c.obj</name>
      </input_file>
      <input_file id="fl-c7">
         <path>C:\ti\ccs1120\ccs\tools\compiler\ti-cgt-arm_20.2.5.LTS\lib\</path>
         <kind>archive</kind>
         <file>rtsv7M4_T_le_v4SPD16_eabi.lib</file>
         <name>memcpy_t2.asm.obj</name>
      </input_file>
      <input_file id="fl-c8">
         <path>C:\ti\ccs1120\ccs\tools\compiler\ti-cgt-arm_20.2.5.LTS\lib\</path>
         <kind>archive</kind>
         <file>rtsv7M4_T_le_v4SPD16_eabi.lib</file>
         <name>memset_t2.asm.obj</name>
      </input_file>
      <input_file id="fl-c9">
         <path>C:\ti\ccs1120\ccs\tools\compiler\ti-cgt-arm_20.2.5.LTS\lib\</path>
         <kind>archive</kind>
         <file>rtsv7M4_T_le_v4SPD16_eabi.lib</file>
         <name>autoinit.c.obj</name>
      </input_file>
      <input_file id="fl-ca">
         <path>C:\ti\ccs1120\ccs\tools\compiler\ti-cgt-arm_20.2.5.LTS\lib\</path>
         <kind>archive</kind>
         <file>rtsv7M4_T_le_v4SPD16_eabi.lib</file>
         <name>pre_init.c.obj</name>
      </input_file>
      <input_file id="fl-cb">
         <path>C:\ti\ccs1120\ccs\tools\compiler\ti-cgt-arm_20.2.5.LTS\lib\</path>
         <kind>archive</kind>
         <file>rtsv7M4_T_le_v4SPD16_eabi.lib</file>
         <name>cpy_tbl.c.obj</name>
      </input_file>
      <input_file id="fl-cc">
         <path>C:\ti\ccs1120\ccs\tools\compiler\ti-cgt-arm_20.2.5.LTS\lib\</path>
         <kind>archive</kind>
         <file>rtsv7M4_T_le_v4SPD16_eabi.lib</file>
         <name>exit.c.obj</name>
      </input_file>
      <input_file id="fl-cd">
         <path>C:\ti\ccs1120\ccs\tools\compiler\ti-cgt-arm_20.2.5.LTS\lib\</path>
         <kind>archive</kind>
         <file>rtsv7M4_T_le_v4SPD16_eabi.lib</file>
         <name>_lock.c.obj</name>
      </input_file>
      <input_file id="fl-ce">
         <path>C:\ti\ccs1120\ccs\tools\compiler\ti-cgt-arm_20.2.5.LTS\lib\</path>
         <kind>archive</kind>
         <file>rtsv7M4_T_le_v4SPD16_eabi.lib</file>
         <name>args_main.c.obj</name>
      </input_file>
   </input_file_list>
   <object_component_list>
      <object_component id="oc-12">
         <name>.intvecs</name>
         <load_address>0x0</load_address>
         <run_address>0x0</run_address>
         <size>0x26c</size>
         <input_file_ref idref="fl-3"/>
      </object_component>
      <object_component id="oc-9b">
         <name>.text</name>
         <load_address>0x26c</load_address>
         <run_address>0x26c</run_address>
         <size>0x17c</size>
         <input_file_ref idref="fl-2"/>
      </object_component>
      <object_component id="oc-f8">
         <name>.text:GPIOPadConfigSet</name>
         <load_address>0x3e8</load_address>
         <run_address>0x3e8</run_address>
         <size>0x16c</size>
         <input_file_ref idref="fl-9"/>
      </object_component>
      <object_component id="oc-122">
         <name>.text:SysCtlClockGet</name>
         <load_address>0x554</load_address>
         <run_address>0x554</run_address>
         <size>0x118</size>
         <input_file_ref idref="fl-b"/>
      </object_component>
      <object_component id="oc-e0">
         <name>.text:SysCtlClockSet</name>
         <load_address>0x66c</load_address>
         <run_address>0x66c</run_address>
         <size>0xf4</size>
         <input_file_ref idref="fl-b"/>
      </object_component>
      <object_component id="oc-3b">
         <name>.text</name>
         <load_address>0x760</load_address>
         <run_address>0x760</run_address>
         <size>0x9c</size>
         <input_file_ref idref="fl-c7"/>
      </object_component>
      <object_component id="oc-110">
         <name>.text:IntEnable</name>
         <load_address>0x7fc</load_address>
         <run_address>0x7fc</run_address>
         <size>0x68</size>
         <input_file_ref idref="fl-a"/>
      </object_component>
      <object_component id="oc-15">
         <name>.text:decompress:lzss:__TI_decompress_lzss</name>
         <load_address>0x864</load_address>
         <run_address>0x864</run_address>
         <size>0x68</size>
         <input_file_ref idref="fl-c5"/>
      </object_component>
      <object_component id="oc-11c">
         <name>.text:TimerConfigure</name>
         <load_address>0x8cc</load_address>
         <run_address>0x8cc</run_address>
         <size>0x60</size>
         <input_file_ref idref="fl-c"/>
      </object_component>
      <object_component id="oc-fe">
         <name>.text:GPIOIntTypeSet</name>
         <load_address>0x92c</load_address>
         <run_address>0x92c</run_address>
         <size>0x58</size>
         <input_file_ref idref="fl-9"/>
      </object_component>
      <object_component id="oc-1be">
         <name>.text:_TimerIntNumberGet</name>
         <load_address>0x984</load_address>
         <run_address>0x984</run_address>
         <size>0x4c</size>
         <input_file_ref idref="fl-c"/>
      </object_component>
      <object_component id="oc-19e">
         <name>.text:_GPIOIntNumberGet</name>
         <load_address>0x9d0</load_address>
         <run_address>0x9d0</run_address>
         <size>0x44</size>
         <input_file_ref idref="fl-9"/>
      </object_component>
      <object_component id="oc-150">
         <name>.text:__TI_auto_init_nobinit_nopinit:__TI_auto_init_nobinit_nopinit</name>
         <load_address>0xa14</load_address>
         <run_address>0xa14</run_address>
         <size>0x44</size>
         <input_file_ref idref="fl-c9"/>
      </object_component>
      <object_component id="oc-1a4">
         <name>.text:IntRegister</name>
         <load_address>0xa58</load_address>
         <run_address>0xa58</run_address>
         <size>0x34</size>
         <input_file_ref idref="fl-a"/>
      </object_component>
      <object_component id="oc-e6">
         <name>.text:SysCtlPeripheralEnable</name>
         <load_address>0xa8c</load_address>
         <run_address>0xa8c</run_address>
         <size>0x34</size>
         <input_file_ref idref="fl-b"/>
      </object_component>
      <object_component id="oc-59">
         <name>.text:_c_int00_noargs:_c_int00_noargs</name>
         <load_address>0xac0</load_address>
         <run_address>0xac0</run_address>
         <size>0x34</size>
         <input_file_ref idref="fl-c6"/>
      </object_component>
      <object_component id="oc-193">
         <name>.text:GPIODirModeSet</name>
         <load_address>0xaf4</load_address>
         <run_address>0xaf4</run_address>
         <size>0x2c</size>
         <input_file_ref idref="fl-9"/>
      </object_component>
      <object_component id="oc-47">
         <name>.text:decompress:ZI:__TI_zero_init_nomemset:__TI_zero_init_nomemset</name>
         <load_address>0xb20</load_address>
         <run_address>0xb20</run_address>
         <size>0x1c</size>
         <input_file_ref idref="fl-c3"/>
      </object_component>
      <object_component id="oc-ec">
         <name>.text:GPIOPinTypeGPIOOutput</name>
         <load_address>0xb3c</load_address>
         <run_address>0xb3c</run_address>
         <size>0x1a</size>
         <input_file_ref idref="fl-9"/>
      </object_component>
      <object_component id="oc-10a">
         <name>.text:GPIOIntRegister</name>
         <load_address>0xb56</load_address>
         <run_address>0xb56</run_address>
         <size>0x18</size>
         <input_file_ref idref="fl-9"/>
      </object_component>
      <object_component id="oc-134">
         <name>.text:TimerIntRegister</name>
         <load_address>0xb6e</load_address>
         <run_address>0xb6e</run_address>
         <size>0x18</size>
         <input_file_ref idref="fl-c"/>
      </object_component>
      <object_component id="oc-f2">
         <name>.text:GPIOPinTypeGPIOInput</name>
         <load_address>0xb86</load_address>
         <run_address>0xb86</run_address>
         <size>0x16</size>
         <input_file_ref idref="fl-9"/>
      </object_component>
      <object_component id="oc-128">
         <name>.text:TimerLoadSet</name>
         <load_address>0xb9c</load_address>
         <run_address>0xb9c</run_address>
         <size>0x12</size>
         <input_file_ref idref="fl-c"/>
      </object_component>
      <object_component id="oc-116">
         <name>.text:IntMasterEnable</name>
         <load_address>0xbae</load_address>
         <run_address>0xbae</run_address>
         <size>0x10</size>
         <input_file_ref idref="fl-a"/>
      </object_component>
      <object_component id="oc-13a">
         <name>.text:TimerEnable</name>
         <load_address>0xbbe</load_address>
         <run_address>0xbbe</run_address>
         <size>0xe</size>
         <input_file_ref idref="fl-c"/>
      </object_component>
      <object_component id="oc-1b">
         <name>.text:decompress:none:__TI_decompress_none</name>
         <load_address>0xbcc</load_address>
         <run_address>0xbcc</run_address>
         <size>0xe</size>
         <input_file_ref idref="fl-c4"/>
      </object_component>
      <object_component id="oc-1b0">
         <name>.text:CPUcpsie</name>
         <load_address>0xbda</load_address>
         <run_address>0xbda</run_address>
         <size>0xc</size>
         <input_file_ref idref="fl-d"/>
      </object_component>
      <object_component id="oc-104">
         <name>.text:GPIOIntEnable</name>
         <load_address>0xbe6</load_address>
         <run_address>0xbe6</run_address>
         <size>0xc</size>
         <input_file_ref idref="fl-9"/>
      </object_component>
      <object_component id="oc-27">
         <name>.text</name>
         <load_address>0xbf2</load_address>
         <run_address>0xbf2</run_address>
         <size>0xc</size>
         <input_file_ref idref="fl-3"/>
      </object_component>
      <object_component id="oc-12e">
         <name>.text:TimerIntEnable</name>
         <load_address>0xbfe</load_address>
         <run_address>0xbfe</run_address>
         <size>0x8</size>
         <input_file_ref idref="fl-c"/>
      </object_component>
      <object_component id="oc-c8">
         <name>.text:GPIOIntClear</name>
         <load_address>0xc06</load_address>
         <run_address>0xc06</run_address>
         <size>0x6</size>
         <input_file_ref idref="fl-9"/>
      </object_component>
      <object_component id="oc-ce">
         <name>.text:GPIOPinRead</name>
         <load_address>0xc0c</load_address>
         <run_address>0xc0c</run_address>
         <size>0x6</size>
         <input_file_ref idref="fl-9"/>
      </object_component>
      <object_component id="oc-da">
         <name>.text:GPIOPinWrite</name>
         <load_address>0xc12</load_address>
         <run_address>0xc12</run_address>
         <size>0x6</size>
         <input_file_ref idref="fl-9"/>
      </object_component>
      <object_component id="oc-18f">
         <name>.text:SysCtlDelay</name>
         <load_address>0xc18</load_address>
         <run_address>0xc18</run_address>
         <size>0x6</size>
         <input_file_ref idref="fl-b"/>
      </object_component>
      <object_component id="oc-d4">
         <name>.text:TimerIntClear</name>
         <load_address>0xc1e</load_address>
         <run_address>0xc1e</run_address>
         <size>0x4</size>
         <input_file_ref idref="fl-c"/>
      </object_component>
      <object_component id="oc-95">
         <name>.text:_system_pre_init</name>
         <load_address>0xc22</load_address>
         <run_address>0xc22</run_address>
         <size>0x4</size>
         <input_file_ref idref="fl-ca"/>
      </object_component>
      <object_component id="oc-144">
         <name>.text:abort:abort</name>
         <load_address>0xc26</load_address>
         <run_address>0xc26</run_address>
         <size>0x4</size>
         <input_file_ref idref="fl-cc"/>
      </object_component>
      <object_component id="oc-205">
         <name>.const:g_ppui32GPIOIntMapSnowflake</name>
         <load_address>0xc2c</load_address>
         <run_address>0xc2c</run_address>
         <size>0xd8</size>
         <input_file_ref idref="fl-9"/>
      </object_component>
      <object_component id="oc-202">
         <name>.const:g_ppui32GPIOIntMapBlizzard</name>
         <load_address>0xd04</load_address>
         <run_address>0xd04</run_address>
         <size>0xc0</size>
         <input_file_ref idref="fl-9"/>
      </object_component>
      <object_component id="oc-1b8">
         <name>.const:g_pui32Xtals</name>
         <load_address>0xdc4</load_address>
         <run_address>0xdc4</run_address>
         <size>0x6c</size>
         <input_file_ref idref="fl-b"/>
      </object_component>
      <object_component id="oc-214">
         <name>.const:g_ppui32TimerIntMap</name>
         <load_address>0xe30</load_address>
         <run_address>0xe30</run_address>
         <size>0x60</size>
         <input_file_ref idref="fl-c"/>
      </object_component>
      <object_component id="oc-217">
         <name>.const:g_ppui32TimerIntMapSnowflake</name>
         <load_address>0xe90</load_address>
         <run_address>0xe90</run_address>
         <size>0x40</size>
         <input_file_ref idref="fl-c"/>
      </object_component>
      <object_component id="oc-1ab">
         <name>.const:g_pui32EnRegs</name>
         <load_address>0xed0</load_address>
         <run_address>0xed0</run_address>
         <size>0x14</size>
         <input_file_ref idref="fl-a"/>
      </object_component>
      <object_component id="oc-27e">
         <name>__TI_handler_table</name>
         <load_address>0xee8</load_address>
         <run_address>0xee8</run_address>
         <size>0xc</size>
      </object_component>
      <object_component id="oc-280">
         <name>.cinit..vtable.load</name>
         <load_address>0xef8</load_address>
         <run_address>0xef8</run_address>
         <size>0x8</size>
      </object_component>
      <object_component id="oc-281">
         <name>.cinit..data.load</name>
         <load_address>0xf00</load_address>
         <run_address>0xf00</run_address>
         <size>0x6</size>
      </object_component>
      <object_component id="oc-27f">
         <name>__TI_cinit_table</name>
         <load_address>0xf08</load_address>
         <run_address>0xf08</run_address>
         <size>0x10</size>
      </object_component>
      <object_component id="oc-209">
         <name>.vtable</name>
         <uninitialized>true</uninitialized>
         <run_address>0x20000000</run_address>
         <size>0x26c</size>
         <input_file_ref idref="fl-a"/>
      </object_component>
      <object_component id="oc-140">
         <name>.data</name>
         <load_address>0x2000026c</load_address>
         <run_address>0x2000026c</run_address>
         <size>0x2</size>
         <input_file_ref idref="fl-2"/>
      </object_component>
      <object_component id="oc-24">
         <name>.stack</name>
         <uninitialized>true</uninitialized>
         <run_address>0x20000270</run_address>
         <size>0x4</size>
         <input_file_ref idref="fl-c6"/>
      </object_component>
      <object_component id="oc-283">
         <name>.stack</name>
         <uninitialized>true</uninitialized>
         <run_address>0x20000270</run_address>
         <size>0x0</size>
      </object_component>
      <object_component id="oc-b7">
         <name>.debug_info</name>
         <load_address>0x0</load_address>
         <run_address>0x0</run_address>
         <size>0x676</size>
         <input_file_ref idref="fl-2"/>
      </object_component>
      <object_component id="oc-141">
         <name>.debug_info</name>
         <load_address>0x676</load_address>
         <run_address>0x676</run_address>
         <size>0xfb</size>
         <input_file_ref idref="fl-2"/>
      </object_component>
      <object_component id="oc-9c">
         <name>.debug_info</name>
         <load_address>0x771</load_address>
         <run_address>0x771</run_address>
         <size>0x3cb</size>
         <input_file_ref idref="fl-2"/>
      </object_component>
      <object_component id="oc-70">
         <name>.debug_info</name>
         <load_address>0xb3c</load_address>
         <run_address>0xb3c</run_address>
         <size>0x26b</size>
         <input_file_ref idref="fl-2"/>
      </object_component>
      <object_component id="oc-b2">
         <name>.debug_info</name>
         <load_address>0xda7</load_address>
         <run_address>0xda7</run_address>
         <size>0x8b</size>
         <input_file_ref idref="fl-2"/>
      </object_component>
      <object_component id="oc-ad">
         <name>.debug_info</name>
         <load_address>0xe32</load_address>
         <run_address>0xe32</run_address>
         <size>0x2a4</size>
         <input_file_ref idref="fl-2"/>
      </object_component>
      <object_component id="oc-75">
         <name>.debug_info</name>
         <load_address>0x10d6</load_address>
         <run_address>0x10d6</run_address>
         <size>0xbb</size>
         <input_file_ref idref="fl-2"/>
      </object_component>
      <object_component id="oc-2f">
         <name>.debug_info</name>
         <load_address>0x1191</load_address>
         <run_address>0x1191</run_address>
         <size>0x2ab</size>
         <input_file_ref idref="fl-3"/>
      </object_component>
      <object_component id="oc-13">
         <name>.debug_info</name>
         <load_address>0x143c</load_address>
         <run_address>0x143c</run_address>
         <size>0xea</size>
         <input_file_ref idref="fl-3"/>
      </object_component>
      <object_component id="oc-29">
         <name>.debug_info</name>
         <load_address>0x1526</load_address>
         <run_address>0x1526</run_address>
         <size>0x266</size>
         <input_file_ref idref="fl-3"/>
      </object_component>
      <object_component id="oc-36">
         <name>.debug_info</name>
         <load_address>0x178c</load_address>
         <run_address>0x178c</run_address>
         <size>0x84</size>
         <input_file_ref idref="fl-3"/>
      </object_component>
      <object_component id="oc-18a">
         <name>.debug_info</name>
         <load_address>0x1810</load_address>
         <run_address>0x1810</run_address>
         <size>0x3e4</size>
         <input_file_ref idref="fl-9"/>
      </object_component>
      <object_component id="oc-203">
         <name>.debug_info</name>
         <load_address>0x1bf4</load_address>
         <run_address>0x1bf4</run_address>
         <size>0x170</size>
         <input_file_ref idref="fl-9"/>
      </object_component>
      <object_component id="oc-206">
         <name>.debug_info</name>
         <load_address>0x1d64</load_address>
         <run_address>0x1d64</run_address>
         <size>0x172</size>
         <input_file_ref idref="fl-9"/>
      </object_component>
      <object_component id="oc-db">
         <name>.debug_info</name>
         <load_address>0x1ed6</load_address>
         <run_address>0x1ed6</run_address>
         <size>0x2ac</size>
         <input_file_ref idref="fl-9"/>
      </object_component>
      <object_component id="oc-194">
         <name>.debug_info</name>
         <load_address>0x2182</load_address>
         <run_address>0x2182</run_address>
         <size>0x2bc</size>
         <input_file_ref idref="fl-9"/>
      </object_component>
      <object_component id="oc-f9">
         <name>.debug_info</name>
         <load_address>0x243e</load_address>
         <run_address>0x243e</run_address>
         <size>0x31f</size>
         <input_file_ref idref="fl-9"/>
      </object_component>
      <object_component id="oc-ed">
         <name>.debug_info</name>
         <load_address>0x275d</load_address>
         <run_address>0x275d</run_address>
         <size>0x2c0</size>
         <input_file_ref idref="fl-9"/>
      </object_component>
      <object_component id="oc-f3">
         <name>.debug_info</name>
         <load_address>0x2a1d</load_address>
         <run_address>0x2a1d</run_address>
         <size>0x2a5</size>
         <input_file_ref idref="fl-9"/>
      </object_component>
      <object_component id="oc-cf">
         <name>.debug_info</name>
         <load_address>0x2cc2</load_address>
         <run_address>0x2cc2</run_address>
         <size>0x284</size>
         <input_file_ref idref="fl-9"/>
      </object_component>
      <object_component id="oc-19f">
         <name>.debug_info</name>
         <load_address>0x2f46</load_address>
         <run_address>0x2f46</run_address>
         <size>0x2a1</size>
         <input_file_ref idref="fl-9"/>
      </object_component>
      <object_component id="oc-ff">
         <name>.debug_info</name>
         <load_address>0x31e7</load_address>
         <run_address>0x31e7</run_address>
         <size>0x2c4</size>
         <input_file_ref idref="fl-9"/>
      </object_component>
      <object_component id="oc-10b">
         <name>.debug_info</name>
         <load_address>0x34ab</load_address>
         <run_address>0x34ab</run_address>
         <size>0x2d8</size>
         <input_file_ref idref="fl-9"/>
      </object_component>
      <object_component id="oc-105">
         <name>.debug_info</name>
         <load_address>0x3783</load_address>
         <run_address>0x3783</run_address>
         <size>0x298</size>
         <input_file_ref idref="fl-9"/>
      </object_component>
      <object_component id="oc-c9">
         <name>.debug_info</name>
         <load_address>0x3a1b</load_address>
         <run_address>0x3a1b</run_address>
         <size>0x296</size>
         <input_file_ref idref="fl-9"/>
      </object_component>
      <object_component id="oc-1ef">
         <name>.debug_info</name>
         <load_address>0x3cb1</load_address>
         <run_address>0x3cb1</run_address>
         <size>0x26b</size>
         <input_file_ref idref="fl-9"/>
      </object_component>
      <object_component id="oc-1e8">
         <name>.debug_info</name>
         <load_address>0x3f1c</load_address>
         <run_address>0x3f1c</run_address>
         <size>0x297</size>
         <input_file_ref idref="fl-9"/>
      </object_component>
      <object_component id="oc-1fc">
         <name>.debug_info</name>
         <load_address>0x41b3</load_address>
         <run_address>0x41b3</run_address>
         <size>0xef</size>
         <input_file_ref idref="fl-9"/>
      </object_component>
      <object_component id="oc-185">
         <name>.debug_info</name>
         <load_address>0x42a2</load_address>
         <run_address>0x42a2</run_address>
         <size>0xbb</size>
         <input_file_ref idref="fl-9"/>
      </object_component>
      <object_component id="oc-1af">
         <name>.debug_info</name>
         <load_address>0x435d</load_address>
         <run_address>0x435d</run_address>
         <size>0x3b7</size>
         <input_file_ref idref="fl-a"/>
      </object_component>
      <object_component id="oc-1ac">
         <name>.debug_info</name>
         <load_address>0x4714</load_address>
         <run_address>0x4714</run_address>
         <size>0x15b</size>
         <input_file_ref idref="fl-a"/>
      </object_component>
      <object_component id="oc-20a">
         <name>.debug_info</name>
         <load_address>0x486f</load_address>
         <run_address>0x486f</run_address>
         <size>0x160</size>
         <input_file_ref idref="fl-a"/>
      </object_component>
      <object_component id="oc-1a5">
         <name>.debug_info</name>
         <load_address>0x49cf</load_address>
         <run_address>0x49cf</run_address>
         <size>0x2ca</size>
         <input_file_ref idref="fl-a"/>
      </object_component>
      <object_component id="oc-119">
         <name>.debug_info</name>
         <load_address>0x4c99</load_address>
         <run_address>0x4c99</run_address>
         <size>0x247</size>
         <input_file_ref idref="fl-a"/>
      </object_component>
      <object_component id="oc-112">
         <name>.debug_info</name>
         <load_address>0x4ee0</load_address>
         <run_address>0x4ee0</run_address>
         <size>0x271</size>
         <input_file_ref idref="fl-a"/>
      </object_component>
      <object_component id="oc-191">
         <name>.debug_info</name>
         <load_address>0x5151</load_address>
         <run_address>0x5151</run_address>
         <size>0x441</size>
         <input_file_ref idref="fl-b"/>
      </object_component>
      <object_component id="oc-1b9">
         <name>.debug_info</name>
         <load_address>0x5592</load_address>
         <run_address>0x5592</run_address>
         <size>0x156</size>
         <input_file_ref idref="fl-b"/>
      </object_component>
      <object_component id="oc-e8">
         <name>.debug_info</name>
         <load_address>0x56e8</load_address>
         <run_address>0x56e8</run_address>
         <size>0x286</size>
         <input_file_ref idref="fl-b"/>
      </object_component>
      <object_component id="oc-e2">
         <name>.debug_info</name>
         <load_address>0x596e</load_address>
         <run_address>0x596e</run_address>
         <size>0x2e4</size>
         <input_file_ref idref="fl-b"/>
      </object_component>
      <object_component id="oc-124">
         <name>.debug_info</name>
         <load_address>0x5c52</load_address>
         <run_address>0x5c52</run_address>
         <size>0x2be</size>
         <input_file_ref idref="fl-b"/>
      </object_component>
      <object_component id="oc-1f8">
         <name>.debug_info</name>
         <load_address>0x5f10</load_address>
         <run_address>0x5f10</run_address>
         <size>0x51</size>
         <input_file_ref idref="fl-b"/>
      </object_component>
      <object_component id="oc-18d">
         <name>.debug_info</name>
         <load_address>0x5f61</load_address>
         <run_address>0x5f61</run_address>
         <size>0x3c7</size>
         <input_file_ref idref="fl-c"/>
      </object_component>
      <object_component id="oc-215">
         <name>.debug_info</name>
         <load_address>0x6328</load_address>
         <run_address>0x6328</run_address>
         <size>0x163</size>
         <input_file_ref idref="fl-c"/>
      </object_component>
      <object_component id="oc-218">
         <name>.debug_info</name>
         <load_address>0x648b</load_address>
         <run_address>0x648b</run_address>
         <size>0x175</size>
         <input_file_ref idref="fl-c"/>
      </object_component>
      <object_component id="oc-129">
         <name>.debug_info</name>
         <load_address>0x6600</load_address>
         <run_address>0x6600</run_address>
         <size>0x2c3</size>
         <input_file_ref idref="fl-c"/>
      </object_component>
      <object_component id="oc-1bf">
         <name>.debug_info</name>
         <load_address>0x68c3</load_address>
         <run_address>0x68c3</run_address>
         <size>0x2f4</size>
         <input_file_ref idref="fl-c"/>
      </object_component>
      <object_component id="oc-135">
         <name>.debug_info</name>
         <load_address>0x6bb7</load_address>
         <run_address>0x6bb7</run_address>
         <size>0x2ed</size>
         <input_file_ref idref="fl-c"/>
      </object_component>
      <object_component id="oc-12f">
         <name>.debug_info</name>
         <load_address>0x6ea4</load_address>
         <run_address>0x6ea4</run_address>
         <size>0x29d</size>
         <input_file_ref idref="fl-c"/>
      </object_component>
      <object_component id="oc-d5">
         <name>.debug_info</name>
         <load_address>0x7141</load_address>
         <run_address>0x7141</run_address>
         <size>0x29b</size>
         <input_file_ref idref="fl-c"/>
      </object_component>
      <object_component id="oc-13c">
         <name>.debug_info</name>
         <load_address>0x73dc</load_address>
         <run_address>0x73dc</run_address>
         <size>0x288</size>
         <input_file_ref idref="fl-c"/>
      </object_component>
      <object_component id="oc-11e">
         <name>.debug_info</name>
         <load_address>0x7664</load_address>
         <run_address>0x7664</run_address>
         <size>0x295</size>
         <input_file_ref idref="fl-c"/>
      </object_component>
      <object_component id="oc-1b2">
         <name>.debug_info</name>
         <load_address>0x78f9</load_address>
         <run_address>0x78f9</run_address>
         <size>0x21b</size>
         <input_file_ref idref="fl-d"/>
      </object_component>
      <object_component id="oc-8e">
         <name>.debug_info</name>
         <load_address>0x7b14</load_address>
         <run_address>0x7b14</run_address>
         <size>0x2d4</size>
         <input_file_ref idref="fl-c3"/>
      </object_component>
      <object_component id="oc-4a">
         <name>.debug_info</name>
         <load_address>0x7de8</load_address>
         <run_address>0x7de8</run_address>
         <size>0x1d2</size>
         <input_file_ref idref="fl-c3"/>
      </object_component>
      <object_component id="oc-89">
         <name>.debug_info</name>
         <load_address>0x7fba</load_address>
         <run_address>0x7fba</run_address>
         <size>0x46</size>
         <input_file_ref idref="fl-c3"/>
      </object_component>
      <object_component id="oc-bf">
         <name>.debug_info</name>
         <load_address>0x8000</load_address>
         <run_address>0x8000</run_address>
         <size>0x2c</size>
         <input_file_ref idref="fl-c3"/>
      </object_component>
      <object_component id="oc-46">
         <name>.debug_info</name>
         <load_address>0x802c</load_address>
         <run_address>0x802c</run_address>
         <size>0x2a8</size>
         <input_file_ref idref="fl-c4"/>
      </object_component>
      <object_component id="oc-1c">
         <name>.debug_info</name>
         <load_address>0x82d4</load_address>
         <run_address>0x82d4</run_address>
         <size>0x1ea</size>
         <input_file_ref idref="fl-c4"/>
      </object_component>
      <object_component id="oc-41">
         <name>.debug_info</name>
         <load_address>0x84be</load_address>
         <run_address>0x84be</run_address>
         <size>0x46</size>
         <input_file_ref idref="fl-c4"/>
      </object_component>
      <object_component id="oc-81">
         <name>.debug_info</name>
         <load_address>0x8504</load_address>
         <run_address>0x8504</run_address>
         <size>0x2c</size>
         <input_file_ref idref="fl-c4"/>
      </object_component>
      <object_component id="oc-7f">
         <name>.debug_info</name>
         <load_address>0x8530</load_address>
         <run_address>0x8530</run_address>
         <size>0x29e</size>
         <input_file_ref idref="fl-c5"/>
      </object_component>
      <object_component id="oc-16">
         <name>.debug_info</name>
         <load_address>0x87ce</load_address>
         <run_address>0x87ce</run_address>
         <size>0x250</size>
         <input_file_ref idref="fl-c5"/>
      </object_component>
      <object_component id="oc-31">
         <name>.debug_info</name>
         <load_address>0x8a1e</load_address>
         <run_address>0x8a1e</run_address>
         <size>0x60</size>
         <input_file_ref idref="fl-c5"/>
      </object_component>
      <object_component id="oc-b8">
         <name>.debug_info</name>
         <load_address>0x8a7e</load_address>
         <run_address>0x8a7e</run_address>
         <size>0x46</size>
         <input_file_ref idref="fl-c5"/>
      </object_component>
      <object_component id="oc-7a">
         <name>.debug_info</name>
         <load_address>0x8ac4</load_address>
         <run_address>0x8ac4</run_address>
         <size>0x39</size>
         <input_file_ref idref="fl-c5"/>
      </object_component>
      <object_component id="oc-25">
         <name>.debug_info</name>
         <load_address>0x8afd</load_address>
         <run_address>0x8afd</run_address>
         <size>0x10b</size>
         <input_file_ref idref="fl-c6"/>
      </object_component>
      <object_component id="oc-5a">
         <name>.debug_info</name>
         <load_address>0x8c08</load_address>
         <run_address>0x8c08</run_address>
         <size>0x1a9</size>
         <input_file_ref idref="fl-c6"/>
      </object_component>
      <object_component id="oc-3c">
         <name>.debug_info</name>
         <load_address>0x8db1</load_address>
         <run_address>0x8db1</run_address>
         <size>0x119</size>
         <input_file_ref idref="fl-c7"/>
      </object_component>
      <object_component id="oc-1d3">
         <name>.debug_info</name>
         <load_address>0x8eca</load_address>
         <run_address>0x8eca</run_address>
         <size>0x4b3</size>
         <input_file_ref idref="fl-c9"/>
      </object_component>
      <object_component id="oc-152">
         <name>.debug_info</name>
         <load_address>0x937d</load_address>
         <run_address>0x937d</run_address>
         <size>0x1a6</size>
         <input_file_ref idref="fl-c9"/>
      </object_component>
      <object_component id="oc-22b">
         <name>.debug_info</name>
         <load_address>0x9523</load_address>
         <run_address>0x9523</run_address>
         <size>0x39</size>
         <input_file_ref idref="fl-c9"/>
      </object_component>
      <object_component id="oc-249">
         <name>.debug_info</name>
         <load_address>0x955c</load_address>
         <run_address>0x955c</run_address>
         <size>0x39</size>
         <input_file_ref idref="fl-c9"/>
      </object_component>
      <object_component id="oc-230">
         <name>.debug_info</name>
         <load_address>0x9595</load_address>
         <run_address>0x9595</run_address>
         <size>0x39</size>
         <input_file_ref idref="fl-c9"/>
      </object_component>
      <object_component id="oc-235">
         <name>.debug_info</name>
         <load_address>0x95ce</load_address>
         <run_address>0x95ce</run_address>
         <size>0xcd</size>
         <input_file_ref idref="fl-c9"/>
      </object_component>
      <object_component id="oc-96">
         <name>.debug_info</name>
         <load_address>0x969b</load_address>
         <run_address>0x969b</run_address>
         <size>0x153</size>
         <input_file_ref idref="fl-ca"/>
      </object_component>
      <object_component id="oc-145">
         <name>.debug_info</name>
         <load_address>0x97ee</load_address>
         <run_address>0x97ee</run_address>
         <size>0x122</size>
         <input_file_ref idref="fl-cc"/>
      </object_component>
      <object_component id="oc-284">
         <name>.debug_info</name>
         <load_address>0x9910</load_address>
         <run_address>0x9910</run_address>
         <size>0x9d</size>
      </object_component>
      <object_component id="oc-183">
         <name>.debug_line</name>
         <load_address>0x0</load_address>
         <run_address>0x0</run_address>
         <size>0x100</size>
         <input_file_ref idref="fl-2"/>
      </object_component>
      <object_component id="oc-1c7">
         <name>.debug_line</name>
         <load_address>0x100</load_address>
         <run_address>0x100</run_address>
         <size>0x2d</size>
         <input_file_ref idref="fl-2"/>
      </object_component>
      <object_component id="oc-9f">
         <name>.debug_line</name>
         <load_address>0x12d</load_address>
         <run_address>0x12d</run_address>
         <size>0xaa</size>
         <input_file_ref idref="fl-2"/>
      </object_component>
      <object_component id="oc-73">
         <name>.debug_line</name>
         <load_address>0x1d7</load_address>
         <run_address>0x1d7</run_address>
         <size>0x6f</size>
         <input_file_ref idref="fl-2"/>
      </object_component>
      <object_component id="oc-b5">
         <name>.debug_line</name>
         <load_address>0x246</load_address>
         <run_address>0x246</run_address>
         <size>0x20</size>
         <input_file_ref idref="fl-2"/>
      </object_component>
      <object_component id="oc-b0">
         <name>.debug_line</name>
         <load_address>0x266</load_address>
         <run_address>0x266</run_address>
         <size>0x73</size>
         <input_file_ref idref="fl-2"/>
      </object_component>
      <object_component id="oc-78">
         <name>.debug_line</name>
         <load_address>0x2d9</load_address>
         <run_address>0x2d9</run_address>
         <size>0x70</size>
         <input_file_ref idref="fl-2"/>
      </object_component>
      <object_component id="oc-6f">
         <name>.debug_line</name>
         <load_address>0x349</load_address>
         <run_address>0x349</run_address>
         <size>0x41</size>
         <input_file_ref idref="fl-3"/>
      </object_component>
      <object_component id="oc-2e">
         <name>.debug_line</name>
         <load_address>0x38a</load_address>
         <run_address>0x38a</run_address>
         <size>0x41</size>
         <input_file_ref idref="fl-3"/>
      </object_component>
      <object_component id="oc-28">
         <name>.debug_line</name>
         <load_address>0x3cb</load_address>
         <run_address>0x3cb</run_address>
         <size>0xa1</size>
         <input_file_ref idref="fl-3"/>
      </object_component>
      <object_component id="oc-39">
         <name>.debug_line</name>
         <load_address>0x46c</load_address>
         <run_address>0x46c</run_address>
         <size>0x20</size>
         <input_file_ref idref="fl-3"/>
      </object_component>
      <object_component id="oc-1ee">
         <name>.debug_line</name>
         <load_address>0x48c</load_address>
         <run_address>0x48c</run_address>
         <size>0x82</size>
         <input_file_ref idref="fl-9"/>
      </object_component>
      <object_component id="oc-23d">
         <name>.debug_line</name>
         <load_address>0x50e</load_address>
         <run_address>0x50e</run_address>
         <size>0x7d</size>
         <input_file_ref idref="fl-9"/>
      </object_component>
      <object_component id="oc-23f">
         <name>.debug_line</name>
         <load_address>0x58b</load_address>
         <run_address>0x58b</run_address>
         <size>0x7d</size>
         <input_file_ref idref="fl-9"/>
      </object_component>
      <object_component id="oc-de">
         <name>.debug_line</name>
         <load_address>0x608</load_address>
         <run_address>0x608</run_address>
         <size>0x92</size>
         <input_file_ref idref="fl-9"/>
      </object_component>
      <object_component id="oc-197">
         <name>.debug_line</name>
         <load_address>0x69a</load_address>
         <run_address>0x69a</run_address>
         <size>0x95</size>
         <input_file_ref idref="fl-9"/>
      </object_component>
      <object_component id="oc-fc">
         <name>.debug_line</name>
         <load_address>0x72f</load_address>
         <run_address>0x72f</run_address>
         <size>0xc4</size>
         <input_file_ref idref="fl-9"/>
      </object_component>
      <object_component id="oc-f0">
         <name>.debug_line</name>
         <load_address>0x7f3</load_address>
         <run_address>0x7f3</run_address>
         <size>0x99</size>
         <input_file_ref idref="fl-9"/>
      </object_component>
      <object_component id="oc-f6">
         <name>.debug_line</name>
         <load_address>0x88c</load_address>
         <run_address>0x88c</run_address>
         <size>0x99</size>
         <input_file_ref idref="fl-9"/>
      </object_component>
      <object_component id="oc-d2">
         <name>.debug_line</name>
         <load_address>0x925</load_address>
         <run_address>0x925</run_address>
         <size>0x92</size>
         <input_file_ref idref="fl-9"/>
      </object_component>
      <object_component id="oc-1a2">
         <name>.debug_line</name>
         <load_address>0x9b7</load_address>
         <run_address>0x9b7</run_address>
         <size>0xa6</size>
         <input_file_ref idref="fl-9"/>
      </object_component>
      <object_component id="oc-102">
         <name>.debug_line</name>
         <load_address>0xa5d</load_address>
         <run_address>0xa5d</run_address>
         <size>0x95</size>
         <input_file_ref idref="fl-9"/>
      </object_component>
      <object_component id="oc-10e">
         <name>.debug_line</name>
         <load_address>0xaf2</load_address>
         <run_address>0xaf2</run_address>
         <size>0x99</size>
         <input_file_ref idref="fl-9"/>
      </object_component>
      <object_component id="oc-108">
         <name>.debug_line</name>
         <load_address>0xb8b</load_address>
         <run_address>0xb8b</run_address>
         <size>0x92</size>
         <input_file_ref idref="fl-9"/>
      </object_component>
      <object_component id="oc-cc">
         <name>.debug_line</name>
         <load_address>0xc1d</load_address>
         <run_address>0xc1d</run_address>
         <size>0x92</size>
         <input_file_ref idref="fl-9"/>
      </object_component>
      <object_component id="oc-1f2">
         <name>.debug_line</name>
         <load_address>0xcaf</load_address>
         <run_address>0xcaf</run_address>
         <size>0x71</size>
         <input_file_ref idref="fl-9"/>
      </object_component>
      <object_component id="oc-1eb">
         <name>.debug_line</name>
         <load_address>0xd20</load_address>
         <run_address>0xd20</run_address>
         <size>0x75</size>
         <input_file_ref idref="fl-9"/>
      </object_component>
      <object_component id="oc-1ff">
         <name>.debug_line</name>
         <load_address>0xd95</load_address>
         <run_address>0xd95</run_address>
         <size>0x71</size>
         <input_file_ref idref="fl-9"/>
      </object_component>
      <object_component id="oc-188">
         <name>.debug_line</name>
         <load_address>0xe06</load_address>
         <run_address>0xe06</run_address>
         <size>0x72</size>
         <input_file_ref idref="fl-9"/>
      </object_component>
      <object_component id="oc-210">
         <name>.debug_line</name>
         <load_address>0xe78</load_address>
         <run_address>0xe78</run_address>
         <size>0x7c</size>
         <input_file_ref idref="fl-a"/>
      </object_component>
      <object_component id="oc-20e">
         <name>.debug_line</name>
         <load_address>0xef4</load_address>
         <run_address>0xef4</run_address>
         <size>0x82</size>
         <input_file_ref idref="fl-a"/>
      </object_component>
      <object_component id="oc-241">
         <name>.debug_line</name>
         <load_address>0xf76</load_address>
         <run_address>0xf76</run_address>
         <size>0x82</size>
         <input_file_ref idref="fl-a"/>
      </object_component>
      <object_component id="oc-1a8">
         <name>.debug_line</name>
         <load_address>0xff8</load_address>
         <run_address>0xff8</run_address>
         <size>0xaf</size>
         <input_file_ref idref="fl-a"/>
      </object_component>
      <object_component id="oc-118">
         <name>.debug_line</name>
         <load_address>0x10a7</load_address>
         <run_address>0x10a7</run_address>
         <size>0x97</size>
         <input_file_ref idref="fl-a"/>
      </object_component>
      <object_component id="oc-115">
         <name>.debug_line</name>
         <load_address>0x113e</load_address>
         <run_address>0x113e</run_address>
         <size>0xc2</size>
         <input_file_ref idref="fl-a"/>
      </object_component>
      <object_component id="oc-1f7">
         <name>.debug_line</name>
         <load_address>0x1200</load_address>
         <run_address>0x1200</run_address>
         <size>0x13d</size>
         <input_file_ref idref="fl-b"/>
      </object_component>
      <object_component id="oc-213">
         <name>.debug_line</name>
         <load_address>0x133d</load_address>
         <run_address>0x133d</run_address>
         <size>0x7f</size>
         <input_file_ref idref="fl-b"/>
      </object_component>
      <object_component id="oc-e7">
         <name>.debug_line</name>
         <load_address>0x13bc</load_address>
         <run_address>0x13bc</run_address>
         <size>0x94</size>
         <input_file_ref idref="fl-b"/>
      </object_component>
      <object_component id="oc-e1">
         <name>.debug_line</name>
         <load_address>0x1450</load_address>
         <run_address>0x1450</run_address>
         <size>0xee</size>
         <input_file_ref idref="fl-b"/>
      </object_component>
      <object_component id="oc-123">
         <name>.debug_line</name>
         <load_address>0x153e</load_address>
         <run_address>0x153e</run_address>
         <size>0x118</size>
         <input_file_ref idref="fl-b"/>
      </object_component>
      <object_component id="oc-1fa">
         <name>.debug_line</name>
         <load_address>0x1656</load_address>
         <run_address>0x1656</run_address>
         <size>0x7f</size>
         <input_file_ref idref="fl-b"/>
      </object_component>
      <object_component id="oc-1f5">
         <name>.debug_line</name>
         <load_address>0x16d5</load_address>
         <run_address>0x16d5</run_address>
         <size>0x82</size>
         <input_file_ref idref="fl-c"/>
      </object_component>
      <object_component id="oc-243">
         <name>.debug_line</name>
         <load_address>0x1757</load_address>
         <run_address>0x1757</run_address>
         <size>0x7e</size>
         <input_file_ref idref="fl-c"/>
      </object_component>
      <object_component id="oc-245">
         <name>.debug_line</name>
         <load_address>0x17d5</load_address>
         <run_address>0x17d5</run_address>
         <size>0x7e</size>
         <input_file_ref idref="fl-c"/>
      </object_component>
      <object_component id="oc-12c">
         <name>.debug_line</name>
         <load_address>0x1853</load_address>
         <run_address>0x1853</run_address>
         <size>0x9c</size>
         <input_file_ref idref="fl-c"/>
      </object_component>
      <object_component id="oc-1c2">
         <name>.debug_line</name>
         <load_address>0x18ef</load_address>
         <run_address>0x18ef</run_address>
         <size>0xaf</size>
         <input_file_ref idref="fl-c"/>
      </object_component>
      <object_component id="oc-138">
         <name>.debug_line</name>
         <load_address>0x199e</load_address>
         <run_address>0x199e</run_address>
         <size>0x9a</size>
         <input_file_ref idref="fl-c"/>
      </object_component>
      <object_component id="oc-132">
         <name>.debug_line</name>
         <load_address>0x1a38</load_address>
         <run_address>0x1a38</run_address>
         <size>0x93</size>
         <input_file_ref idref="fl-c"/>
      </object_component>
      <object_component id="oc-d8">
         <name>.debug_line</name>
         <load_address>0x1acb</load_address>
         <run_address>0x1acb</run_address>
         <size>0x93</size>
         <input_file_ref idref="fl-c"/>
      </object_component>
      <object_component id="oc-13b">
         <name>.debug_line</name>
         <load_address>0x1b5e</load_address>
         <run_address>0x1b5e</run_address>
         <size>0x93</size>
         <input_file_ref idref="fl-c"/>
      </object_component>
      <object_component id="oc-11d">
         <name>.debug_line</name>
         <load_address>0x1bf1</load_address>
         <run_address>0x1bf1</run_address>
         <size>0xb7</size>
         <input_file_ref idref="fl-c"/>
      </object_component>
      <object_component id="oc-1b1">
         <name>.debug_line</name>
         <load_address>0x1ca8</load_address>
         <run_address>0x1ca8</run_address>
         <size>0x91</size>
         <input_file_ref idref="fl-d"/>
      </object_component>
      <object_component id="oc-c5">
         <name>.debug_line</name>
         <load_address>0x1d39</load_address>
         <run_address>0x1d39</run_address>
         <size>0x92</size>
         <input_file_ref idref="fl-c3"/>
      </object_component>
      <object_component id="oc-49">
         <name>.debug_line</name>
         <load_address>0x1dcb</load_address>
         <run_address>0x1dcb</run_address>
         <size>0x56</size>
         <input_file_ref idref="fl-c3"/>
      </object_component>
      <object_component id="oc-8c">
         <name>.debug_line</name>
         <load_address>0x1e21</load_address>
         <run_address>0x1e21</run_address>
         <size>0x34</size>
         <input_file_ref idref="fl-c3"/>
      </object_component>
      <object_component id="oc-c2">
         <name>.debug_line</name>
         <load_address>0x1e55</load_address>
         <run_address>0x1e55</run_address>
         <size>0x92</size>
         <input_file_ref idref="fl-c3"/>
      </object_component>
      <object_component id="oc-87">
         <name>.debug_line</name>
         <load_address>0x1ee7</load_address>
         <run_address>0x1ee7</run_address>
         <size>0x20</size>
         <input_file_ref idref="fl-c4"/>
      </object_component>
      <object_component id="oc-20">
         <name>.debug_line</name>
         <load_address>0x1f07</load_address>
         <run_address>0x1f07</run_address>
         <size>0x55</size>
         <input_file_ref idref="fl-c4"/>
      </object_component>
      <object_component id="oc-44">
         <name>.debug_line</name>
         <load_address>0x1f5c</load_address>
         <run_address>0x1f5c</run_address>
         <size>0x3a</size>
         <input_file_ref idref="fl-c4"/>
      </object_component>
      <object_component id="oc-84">
         <name>.debug_line</name>
         <load_address>0x1f96</load_address>
         <run_address>0x1f96</run_address>
         <size>0x92</size>
         <input_file_ref idref="fl-c4"/>
      </object_component>
      <object_component id="oc-be">
         <name>.debug_line</name>
         <load_address>0x2028</load_address>
         <run_address>0x2028</run_address>
         <size>0x20</size>
         <input_file_ref idref="fl-c5"/>
      </object_component>
      <object_component id="oc-19">
         <name>.debug_line</name>
         <load_address>0x2048</load_address>
         <run_address>0x2048</run_address>
         <size>0xa9</size>
         <input_file_ref idref="fl-c5"/>
      </object_component>
      <object_component id="oc-34">
         <name>.debug_line</name>
         <load_address>0x20f1</load_address>
         <run_address>0x20f1</run_address>
         <size>0x3a</size>
         <input_file_ref idref="fl-c5"/>
      </object_component>
      <object_component id="oc-bb">
         <name>.debug_line</name>
         <load_address>0x212b</load_address>
         <run_address>0x212b</run_address>
         <size>0x9a</size>
         <input_file_ref idref="fl-c5"/>
      </object_component>
      <object_component id="oc-7d">
         <name>.debug_line</name>
         <load_address>0x21c5</load_address>
         <run_address>0x21c5</run_address>
         <size>0x96</size>
         <input_file_ref idref="fl-c5"/>
      </object_component>
      <object_component id="oc-6c">
         <name>.debug_line</name>
         <load_address>0x225b</load_address>
         <run_address>0x225b</run_address>
         <size>0x33</size>
         <input_file_ref idref="fl-c6"/>
      </object_component>
      <object_component id="oc-5e">
         <name>.debug_line</name>
         <load_address>0x228e</load_address>
         <run_address>0x228e</run_address>
         <size>0x45</size>
         <input_file_ref idref="fl-c6"/>
      </object_component>
      <object_component id="oc-3f">
         <name>.debug_line</name>
         <load_address>0x22d3</load_address>
         <run_address>0x22d3</run_address>
         <size>0x88</size>
         <input_file_ref idref="fl-c7"/>
      </object_component>
      <object_component id="oc-22a">
         <name>.debug_line</name>
         <load_address>0x235b</load_address>
         <run_address>0x235b</run_address>
         <size>0xbf</size>
         <input_file_ref idref="fl-c9"/>
      </object_component>
      <object_component id="oc-155">
         <name>.debug_line</name>
         <load_address>0x241a</load_address>
         <run_address>0x241a</run_address>
         <size>0x6f</size>
         <input_file_ref idref="fl-c9"/>
      </object_component>
      <object_component id="oc-22e">
         <name>.debug_line</name>
         <load_address>0x2489</load_address>
         <run_address>0x2489</run_address>
         <size>0x2e</size>
         <input_file_ref idref="fl-c9"/>
      </object_component>
      <object_component id="oc-24c">
         <name>.debug_line</name>
         <load_address>0x24b7</load_address>
         <run_address>0x24b7</run_address>
         <size>0x9a</size>
         <input_file_ref idref="fl-c9"/>
      </object_component>
      <object_component id="oc-233">
         <name>.debug_line</name>
         <load_address>0x2551</load_address>
         <run_address>0x2551</run_address>
         <size>0x97</size>
         <input_file_ref idref="fl-c9"/>
      </object_component>
      <object_component id="oc-238">
         <name>.debug_line</name>
         <load_address>0x25e8</load_address>
         <run_address>0x25e8</run_address>
         <size>0x93</size>
         <input_file_ref idref="fl-c9"/>
      </object_component>
      <object_component id="oc-9a">
         <name>.debug_line</name>
         <load_address>0x267b</load_address>
         <run_address>0x267b</run_address>
         <size>0x40</size>
         <input_file_ref idref="fl-ca"/>
      </object_component>
      <object_component id="oc-149">
         <name>.debug_line</name>
         <load_address>0x26bb</load_address>
         <run_address>0x26bb</run_address>
         <size>0x3c</size>
         <input_file_ref idref="fl-cc"/>
      </object_component>
      <object_component id="oc-a0">
         <name>.debug_frame</name>
         <load_address>0x0</load_address>
         <run_address>0x0</run_address>
         <size>0x8c</size>
         <input_file_ref idref="fl-2"/>
      </object_component>
      <object_component id="oc-2c">
         <name>.debug_frame</name>
         <load_address>0x8c</load_address>
         <run_address>0x8c</run_address>
         <size>0x90</size>
         <input_file_ref idref="fl-3"/>
      </object_component>
      <object_component id="oc-df">
         <name>.debug_frame</name>
         <load_address>0x11c</load_address>
         <run_address>0x11c</run_address>
         <size>0x54</size>
         <input_file_ref idref="fl-9"/>
      </object_component>
      <object_component id="oc-198">
         <name>.debug_frame</name>
         <load_address>0x170</load_address>
         <run_address>0x170</run_address>
         <size>0x54</size>
         <input_file_ref idref="fl-9"/>
      </object_component>
      <object_component id="oc-fd">
         <name>.debug_frame</name>
         <load_address>0x1c4</load_address>
         <run_address>0x1c4</run_address>
         <size>0x68</size>
         <input_file_ref idref="fl-9"/>
      </object_component>
      <object_component id="oc-f1">
         <name>.debug_frame</name>
         <load_address>0x22c</load_address>
         <run_address>0x22c</run_address>
         <size>0x5c</size>
         <input_file_ref idref="fl-9"/>
      </object_component>
      <object_component id="oc-f7">
         <name>.debug_frame</name>
         <load_address>0x288</load_address>
         <run_address>0x288</run_address>
         <size>0x58</size>
         <input_file_ref idref="fl-9"/>
      </object_component>
      <object_component id="oc-d3">
         <name>.debug_frame</name>
         <load_address>0x2e0</load_address>
         <run_address>0x2e0</run_address>
         <size>0x54</size>
         <input_file_ref idref="fl-9"/>
      </object_component>
      <object_component id="oc-1a3">
         <name>.debug_frame</name>
         <load_address>0x334</load_address>
         <run_address>0x334</run_address>
         <size>0x54</size>
         <input_file_ref idref="fl-9"/>
      </object_component>
      <object_component id="oc-103">
         <name>.debug_frame</name>
         <load_address>0x388</load_address>
         <run_address>0x388</run_address>
         <size>0x54</size>
         <input_file_ref idref="fl-9"/>
      </object_component>
      <object_component id="oc-10f">
         <name>.debug_frame</name>
         <load_address>0x3dc</load_address>
         <run_address>0x3dc</run_address>
         <size>0x5c</size>
         <input_file_ref idref="fl-9"/>
      </object_component>
      <object_component id="oc-109">
         <name>.debug_frame</name>
         <load_address>0x438</load_address>
         <run_address>0x438</run_address>
         <size>0x54</size>
         <input_file_ref idref="fl-9"/>
      </object_component>
      <object_component id="oc-cd">
         <name>.debug_frame</name>
         <load_address>0x48c</load_address>
         <run_address>0x48c</run_address>
         <size>0x54</size>
         <input_file_ref idref="fl-9"/>
      </object_component>
      <object_component id="oc-1a9">
         <name>.debug_frame</name>
         <load_address>0x4e0</load_address>
         <run_address>0x4e0</run_address>
         <size>0x60</size>
         <input_file_ref idref="fl-a"/>
      </object_component>
      <object_component id="oc-117">
         <name>.debug_frame</name>
         <load_address>0x540</load_address>
         <run_address>0x540</run_address>
         <size>0x58</size>
         <input_file_ref idref="fl-a"/>
      </object_component>
      <object_component id="oc-111">
         <name>.debug_frame</name>
         <load_address>0x598</load_address>
         <run_address>0x598</run_address>
         <size>0x54</size>
         <input_file_ref idref="fl-a"/>
      </object_component>
      <object_component id="oc-eb">
         <name>.debug_frame</name>
         <load_address>0x5ec</load_address>
         <run_address>0x5ec</run_address>
         <size>0x54</size>
         <input_file_ref idref="fl-b"/>
      </object_component>
      <object_component id="oc-e5">
         <name>.debug_frame</name>
         <load_address>0x640</load_address>
         <run_address>0x640</run_address>
         <size>0x68</size>
         <input_file_ref idref="fl-b"/>
      </object_component>
      <object_component id="oc-127">
         <name>.debug_frame</name>
         <load_address>0x6a8</load_address>
         <run_address>0x6a8</run_address>
         <size>0x60</size>
         <input_file_ref idref="fl-b"/>
      </object_component>
      <object_component id="oc-12d">
         <name>.debug_frame</name>
         <load_address>0x708</load_address>
         <run_address>0x708</run_address>
         <size>0x54</size>
         <input_file_ref idref="fl-c"/>
      </object_component>
      <object_component id="oc-1c3">
         <name>.debug_frame</name>
         <load_address>0x75c</load_address>
         <run_address>0x75c</run_address>
         <size>0x5c</size>
         <input_file_ref idref="fl-c"/>
      </object_component>
      <object_component id="oc-139">
         <name>.debug_frame</name>
         <load_address>0x7b8</load_address>
         <run_address>0x7b8</run_address>
         <size>0x5c</size>
         <input_file_ref idref="fl-c"/>
      </object_component>
      <object_component id="oc-133">
         <name>.debug_frame</name>
         <load_address>0x814</load_address>
         <run_address>0x814</run_address>
         <size>0x54</size>
         <input_file_ref idref="fl-c"/>
      </object_component>
      <object_component id="oc-d9">
         <name>.debug_frame</name>
         <load_address>0x868</load_address>
         <run_address>0x868</run_address>
         <size>0x54</size>
         <input_file_ref idref="fl-c"/>
      </object_component>
      <object_component id="oc-13f">
         <name>.debug_frame</name>
         <load_address>0x8bc</load_address>
         <run_address>0x8bc</run_address>
         <size>0x54</size>
         <input_file_ref idref="fl-c"/>
      </object_component>
      <object_component id="oc-121">
         <name>.debug_frame</name>
         <load_address>0x910</load_address>
         <run_address>0x910</run_address>
         <size>0x58</size>
         <input_file_ref idref="fl-c"/>
      </object_component>
      <object_component id="oc-1b5">
         <name>.debug_frame</name>
         <load_address>0x968</load_address>
         <run_address>0x968</run_address>
         <size>0x54</size>
         <input_file_ref idref="fl-d"/>
      </object_component>
      <object_component id="oc-48">
         <name>.debug_frame</name>
         <load_address>0x9bc</load_address>
         <run_address>0x9bc</run_address>
         <size>0x54</size>
         <input_file_ref idref="fl-c3"/>
      </object_component>
      <object_component id="oc-1f">
         <name>.debug_frame</name>
         <load_address>0xa10</load_address>
         <run_address>0xa10</run_address>
         <size>0x54</size>
         <input_file_ref idref="fl-c4"/>
      </object_component>
      <object_component id="oc-1a">
         <name>.debug_frame</name>
         <load_address>0xa64</load_address>
         <run_address>0xa64</run_address>
         <size>0x60</size>
         <input_file_ref idref="fl-c5"/>
      </object_component>
      <object_component id="oc-5d">
         <name>.debug_frame</name>
         <load_address>0xac4</load_address>
         <run_address>0xac4</run_address>
         <size>0x50</size>
         <input_file_ref idref="fl-c6"/>
      </object_component>
      <object_component id="oc-151">
         <name>.debug_frame</name>
         <load_address>0xb14</load_address>
         <run_address>0xb14</run_address>
         <size>0x5c</size>
         <input_file_ref idref="fl-c9"/>
      </object_component>
      <object_component id="oc-99">
         <name>.debug_frame</name>
         <load_address>0xb70</load_address>
         <run_address>0xb70</run_address>
         <size>0x54</size>
         <input_file_ref idref="fl-ca"/>
      </object_component>
      <object_component id="oc-148">
         <name>.debug_frame</name>
         <load_address>0xbc4</load_address>
         <run_address>0xbc4</run_address>
         <size>0x54</size>
         <input_file_ref idref="fl-cc"/>
      </object_component>
      <object_component id="oc-182">
         <name>.debug_abbrev</name>
         <load_address>0x0</load_address>
         <run_address>0x0</run_address>
         <size>0xbc</size>
         <input_file_ref idref="fl-2"/>
      </object_component>
      <object_component id="oc-1c6">
         <name>.debug_abbrev</name>
         <load_address>0xbc</load_address>
         <run_address>0xbc</run_address>
         <size>0x29</size>
         <input_file_ref idref="fl-2"/>
      </object_component>
      <object_component id="oc-143">
         <name>.debug_abbrev</name>
         <load_address>0xe5</load_address>
         <run_address>0xe5</run_address>
         <size>0x8d</size>
         <input_file_ref idref="fl-2"/>
      </object_component>
      <object_component id="oc-72">
         <name>.debug_abbrev</name>
         <load_address>0x172</load_address>
         <run_address>0x172</run_address>
         <size>0x69</size>
         <input_file_ref idref="fl-2"/>
      </object_component>
      <object_component id="oc-b4">
         <name>.debug_abbrev</name>
         <load_address>0x1db</load_address>
         <run_address>0x1db</run_address>
         <size>0x1f</size>
         <input_file_ref idref="fl-2"/>
      </object_component>
      <object_component id="oc-af">
         <name>.debug_abbrev</name>
         <load_address>0x1fa</load_address>
         <run_address>0x1fa</run_address>
         <size>0x5c</size>
         <input_file_ref idref="fl-2"/>
      </object_component>
      <object_component id="oc-77">
         <name>.debug_abbrev</name>
         <load_address>0x256</load_address>
         <run_address>0x256</run_address>
         <size>0x24</size>
         <input_file_ref idref="fl-2"/>
      </object_component>
      <object_component id="oc-6e">
         <name>.debug_abbrev</name>
         <load_address>0x27a</load_address>
         <run_address>0x27a</run_address>
         <size>0x68</size>
         <input_file_ref idref="fl-3"/>
      </object_component>
      <object_component id="oc-2d">
         <name>.debug_abbrev</name>
         <load_address>0x2e2</load_address>
         <run_address>0x2e2</run_address>
         <size>0x29</size>
         <input_file_ref idref="fl-3"/>
      </object_component>
      <object_component id="oc-6d">
         <name>.debug_abbrev</name>
         <load_address>0x30b</load_address>
         <run_address>0x30b</run_address>
         <size>0x79</size>
         <input_file_ref idref="fl-3"/>
      </object_component>
      <object_component id="oc-38">
         <name>.debug_abbrev</name>
         <load_address>0x384</load_address>
         <run_address>0x384</run_address>
         <size>0x1f</size>
         <input_file_ref idref="fl-3"/>
      </object_component>
      <object_component id="oc-1ed">
         <name>.debug_abbrev</name>
         <load_address>0x3a3</load_address>
         <run_address>0x3a3</run_address>
         <size>0x7d</size>
         <input_file_ref idref="fl-9"/>
      </object_component>
      <object_component id="oc-23c">
         <name>.debug_abbrev</name>
         <load_address>0x420</load_address>
         <run_address>0x420</run_address>
         <size>0x27</size>
         <input_file_ref idref="fl-9"/>
      </object_component>
      <object_component id="oc-23e">
         <name>.debug_abbrev</name>
         <load_address>0x447</load_address>
         <run_address>0x447</run_address>
         <size>0x27</size>
         <input_file_ref idref="fl-9"/>
      </object_component>
      <object_component id="oc-18e">
         <name>.debug_abbrev</name>
         <load_address>0x46e</load_address>
         <run_address>0x46e</run_address>
         <size>0x6c</size>
         <input_file_ref idref="fl-9"/>
      </object_component>
      <object_component id="oc-201">
         <name>.debug_abbrev</name>
         <load_address>0x4da</load_address>
         <run_address>0x4da</run_address>
         <size>0x6c</size>
         <input_file_ref idref="fl-9"/>
      </object_component>
      <object_component id="oc-19b">
         <name>.debug_abbrev</name>
         <load_address>0x546</load_address>
         <run_address>0x546</run_address>
         <size>0x6c</size>
         <input_file_ref idref="fl-9"/>
      </object_component>
      <object_component id="oc-199">
         <name>.debug_abbrev</name>
         <load_address>0x5b2</load_address>
         <run_address>0x5b2</run_address>
         <size>0x7a</size>
         <input_file_ref idref="fl-9"/>
      </object_component>
      <object_component id="oc-19a">
         <name>.debug_abbrev</name>
         <load_address>0x62c</load_address>
         <run_address>0x62c</run_address>
         <size>0x7a</size>
         <input_file_ref idref="fl-9"/>
      </object_component>
      <object_component id="oc-18b">
         <name>.debug_abbrev</name>
         <load_address>0x6a6</load_address>
         <run_address>0x6a6</run_address>
         <size>0x6e</size>
         <input_file_ref idref="fl-9"/>
      </object_component>
      <object_component id="oc-208">
         <name>.debug_abbrev</name>
         <load_address>0x714</load_address>
         <run_address>0x714</run_address>
         <size>0x6c</size>
         <input_file_ref idref="fl-9"/>
      </object_component>
      <object_component id="oc-19c">
         <name>.debug_abbrev</name>
         <load_address>0x780</load_address>
         <run_address>0x780</run_address>
         <size>0x6c</size>
         <input_file_ref idref="fl-9"/>
      </object_component>
      <object_component id="oc-1aa">
         <name>.debug_abbrev</name>
         <load_address>0x7ec</load_address>
         <run_address>0x7ec</run_address>
         <size>0x7a</size>
         <input_file_ref idref="fl-9"/>
      </object_component>
      <object_component id="oc-19d">
         <name>.debug_abbrev</name>
         <load_address>0x866</load_address>
         <run_address>0x866</run_address>
         <size>0x6c</size>
         <input_file_ref idref="fl-9"/>
      </object_component>
      <object_component id="oc-184">
         <name>.debug_abbrev</name>
         <load_address>0x8d2</load_address>
         <run_address>0x8d2</run_address>
         <size>0x6c</size>
         <input_file_ref idref="fl-9"/>
      </object_component>
      <object_component id="oc-1f1">
         <name>.debug_abbrev</name>
         <load_address>0x93e</load_address>
         <run_address>0x93e</run_address>
         <size>0x69</size>
         <input_file_ref idref="fl-9"/>
      </object_component>
      <object_component id="oc-1ea">
         <name>.debug_abbrev</name>
         <load_address>0x9a7</load_address>
         <run_address>0x9a7</run_address>
         <size>0x5c</size>
         <input_file_ref idref="fl-9"/>
      </object_component>
      <object_component id="oc-1fe">
         <name>.debug_abbrev</name>
         <load_address>0xa03</load_address>
         <run_address>0xa03</run_address>
         <size>0x24</size>
         <input_file_ref idref="fl-9"/>
      </object_component>
      <object_component id="oc-187">
         <name>.debug_abbrev</name>
         <load_address>0xa27</load_address>
         <run_address>0xa27</run_address>
         <size>0x24</size>
         <input_file_ref idref="fl-9"/>
      </object_component>
      <object_component id="oc-20f">
         <name>.debug_abbrev</name>
         <load_address>0xa4b</load_address>
         <run_address>0xa4b</run_address>
         <size>0x99</size>
         <input_file_ref idref="fl-a"/>
      </object_component>
      <object_component id="oc-20d">
         <name>.debug_abbrev</name>
         <load_address>0xae4</load_address>
         <run_address>0xae4</run_address>
         <size>0x27</size>
         <input_file_ref idref="fl-a"/>
      </object_component>
      <object_component id="oc-240">
         <name>.debug_abbrev</name>
         <load_address>0xb0b</load_address>
         <run_address>0xb0b</run_address>
         <size>0x29</size>
         <input_file_ref idref="fl-a"/>
      </object_component>
      <object_component id="oc-20c">
         <name>.debug_abbrev</name>
         <load_address>0xb34</load_address>
         <run_address>0xb34</run_address>
         <size>0x6c</size>
         <input_file_ref idref="fl-a"/>
      </object_component>
      <object_component id="oc-1b6">
         <name>.debug_abbrev</name>
         <load_address>0xba0</load_address>
         <run_address>0xba0</run_address>
         <size>0x60</size>
         <input_file_ref idref="fl-a"/>
      </object_component>
      <object_component id="oc-1ae">
         <name>.debug_abbrev</name>
         <load_address>0xc00</load_address>
         <run_address>0xc00</run_address>
         <size>0x6c</size>
         <input_file_ref idref="fl-a"/>
      </object_component>
      <object_component id="oc-1f6">
         <name>.debug_abbrev</name>
         <load_address>0xc6c</load_address>
         <run_address>0xc6c</run_address>
         <size>0xbb</size>
         <input_file_ref idref="fl-b"/>
      </object_component>
      <object_component id="oc-212">
         <name>.debug_abbrev</name>
         <load_address>0xd27</load_address>
         <run_address>0xd27</run_address>
         <size>0x27</size>
         <input_file_ref idref="fl-b"/>
      </object_component>
      <object_component id="oc-192">
         <name>.debug_abbrev</name>
         <load_address>0xd4e</load_address>
         <run_address>0xd4e</run_address>
         <size>0x6c</size>
         <input_file_ref idref="fl-b"/>
      </object_component>
      <object_component id="oc-190">
         <name>.debug_abbrev</name>
         <load_address>0xdba</load_address>
         <run_address>0xdba</run_address>
         <size>0x7a</size>
         <input_file_ref idref="fl-b"/>
      </object_component>
      <object_component id="oc-1bb">
         <name>.debug_abbrev</name>
         <load_address>0xe34</load_address>
         <run_address>0xe34</run_address>
         <size>0x60</size>
         <input_file_ref idref="fl-b"/>
      </object_component>
      <object_component id="oc-1f9">
         <name>.debug_abbrev</name>
         <load_address>0xe94</load_address>
         <run_address>0xe94</run_address>
         <size>0x38</size>
         <input_file_ref idref="fl-b"/>
      </object_component>
      <object_component id="oc-1f4">
         <name>.debug_abbrev</name>
         <load_address>0xecc</load_address>
         <run_address>0xecc</run_address>
         <size>0x7d</size>
         <input_file_ref idref="fl-c"/>
      </object_component>
      <object_component id="oc-242">
         <name>.debug_abbrev</name>
         <load_address>0xf49</load_address>
         <run_address>0xf49</run_address>
         <size>0x27</size>
         <input_file_ref idref="fl-c"/>
      </object_component>
      <object_component id="oc-244">
         <name>.debug_abbrev</name>
         <load_address>0xf70</load_address>
         <run_address>0xf70</run_address>
         <size>0x27</size>
         <input_file_ref idref="fl-c"/>
      </object_component>
      <object_component id="oc-1bc">
         <name>.debug_abbrev</name>
         <load_address>0xf97</load_address>
         <run_address>0xf97</run_address>
         <size>0x6c</size>
         <input_file_ref idref="fl-c"/>
      </object_component>
      <object_component id="oc-21a">
         <name>.debug_abbrev</name>
         <load_address>0x1003</load_address>
         <run_address>0x1003</run_address>
         <size>0x6c</size>
         <input_file_ref idref="fl-c"/>
      </object_component>
      <object_component id="oc-1c4">
         <name>.debug_abbrev</name>
         <load_address>0x106f</load_address>
         <run_address>0x106f</run_address>
         <size>0x7a</size>
         <input_file_ref idref="fl-c"/>
      </object_component>
      <object_component id="oc-1bd">
         <name>.debug_abbrev</name>
         <load_address>0x10e9</load_address>
         <run_address>0x10e9</run_address>
         <size>0x6c</size>
         <input_file_ref idref="fl-c"/>
      </object_component>
      <object_component id="oc-18c">
         <name>.debug_abbrev</name>
         <load_address>0x1155</load_address>
         <run_address>0x1155</run_address>
         <size>0x6c</size>
         <input_file_ref idref="fl-c"/>
      </object_component>
      <object_component id="oc-1c5">
         <name>.debug_abbrev</name>
         <load_address>0x11c1</load_address>
         <run_address>0x11c1</run_address>
         <size>0x6c</size>
         <input_file_ref idref="fl-c"/>
      </object_component>
      <object_component id="oc-1b7">
         <name>.debug_abbrev</name>
         <load_address>0x122d</load_address>
         <run_address>0x122d</run_address>
         <size>0x6c</size>
         <input_file_ref idref="fl-c"/>
      </object_component>
      <object_component id="oc-211">
         <name>.debug_abbrev</name>
         <load_address>0x1299</load_address>
         <run_address>0x1299</run_address>
         <size>0x52</size>
         <input_file_ref idref="fl-d"/>
      </object_component>
      <object_component id="oc-c4">
         <name>.debug_abbrev</name>
         <load_address>0x12eb</load_address>
         <run_address>0x12eb</run_address>
         <size>0x5d</size>
         <input_file_ref idref="fl-c3"/>
      </object_component>
      <object_component id="oc-88">
         <name>.debug_abbrev</name>
         <load_address>0x1348</load_address>
         <run_address>0x1348</run_address>
         <size>0x6f</size>
         <input_file_ref idref="fl-c3"/>
      </object_component>
      <object_component id="oc-8b">
         <name>.debug_abbrev</name>
         <load_address>0x13b7</load_address>
         <run_address>0x13b7</run_address>
         <size>0x24</size>
         <input_file_ref idref="fl-c3"/>
      </object_component>
      <object_component id="oc-c1">
         <name>.debug_abbrev</name>
         <load_address>0x13db</load_address>
         <run_address>0x13db</run_address>
         <size>0x24</size>
         <input_file_ref idref="fl-c3"/>
      </object_component>
      <object_component id="oc-86">
         <name>.debug_abbrev</name>
         <load_address>0x13ff</load_address>
         <run_address>0x13ff</run_address>
         <size>0x37</size>
         <input_file_ref idref="fl-c4"/>
      </object_component>
      <object_component id="oc-40">
         <name>.debug_abbrev</name>
         <load_address>0x1436</load_address>
         <run_address>0x1436</run_address>
         <size>0x74</size>
         <input_file_ref idref="fl-c4"/>
      </object_component>
      <object_component id="oc-43">
         <name>.debug_abbrev</name>
         <load_address>0x14aa</load_address>
[...]
            <object_component_ref idref="oc-195"/>
            <object_component_ref idref="oc-fa"/>
            <object_component_ref idref="oc-ee"/>
            <object_component_ref idref="oc-f4"/>
            <object_component_ref idref="oc-d0"/>
            <object_component_ref idref="oc-1a0"/>
            <object_component_ref idref="oc-100"/>
            <object_component_ref idref="oc-10c"/>
            <object_component_ref idref="oc-106"/>
            <object_component_ref idref="oc-ca"/>
            <object_component_ref idref="oc-1a7"/>
            <object_component_ref idref="oc-11a"/>
            <object_component_ref idref="oc-113"/>
            <object_component_ref idref="oc-ea"/>
            <object_component_ref idref="oc-e4"/>
            <object_component_ref idref="oc-126"/>
            <object_component_ref idref="oc-12a"/>
            <object_component_ref idref="oc-1c0"/>
            <object_component_ref idref="oc-137"/>
            <object_component_ref idref="oc-131"/>
            <object_component_ref idref="oc-d7"/>
            <object_component_ref idref="oc-13e"/>
            <object_component_ref idref="oc-11f"/>
            <object_component_ref idref="oc-1b3"/>
            <object_component_ref idref="oc-4c"/>
            <object_component_ref idref="oc-1e"/>
            <object_component_ref idref="oc-17"/>
            <object_component_ref idref="oc-5c"/>
            <object_component_ref idref="oc-3d"/>
            <object_component_ref idref="oc-154"/>
            <object_component_ref idref="oc-97"/>
            <object_component_ref idref="oc-146"/>
         </contents>
      </logical_group>
      <logical_group id="lg-272" display="never" color="cyan">
         <name>.debug_pubnames</name>
         <load_address>0x0</load_address>
         <run_address>0x0</run_address>
         <size>0x70a</size>
         <contents>
            <object_component_ref idref="oc-142"/>
            <object_component_ref idref="oc-9e"/>
            <object_component_ref idref="oc-14"/>
            <object_component_ref idref="oc-2b"/>
            <object_component_ref idref="oc-204"/>
            <object_component_ref idref="oc-207"/>
            <object_component_ref idref="oc-dd"/>
            <object_component_ref idref="oc-196"/>
            <object_component_ref idref="oc-fb"/>
            <object_component_ref idref="oc-ef"/>
            <object_component_ref idref="oc-f5"/>
            <object_component_ref idref="oc-d1"/>
            <object_component_ref idref="oc-1a1"/>
            <object_component_ref idref="oc-101"/>
            <object_component_ref idref="oc-10d"/>
            <object_component_ref idref="oc-107"/>
            <object_component_ref idref="oc-cb"/>
            <object_component_ref idref="oc-1ad"/>
            <object_component_ref idref="oc-20b"/>
            <object_component_ref idref="oc-1a6"/>
            <object_component_ref idref="oc-11b"/>
            <object_component_ref idref="oc-114"/>
            <object_component_ref idref="oc-1ba"/>
            <object_component_ref idref="oc-e9"/>
            <object_component_ref idref="oc-e3"/>
            <object_component_ref idref="oc-125"/>
            <object_component_ref idref="oc-216"/>
            <object_component_ref idref="oc-219"/>
            <object_component_ref idref="oc-12b"/>
            <object_component_ref idref="oc-1c1"/>
            <object_component_ref idref="oc-136"/>
            <object_component_ref idref="oc-130"/>
            <object_component_ref idref="oc-d6"/>
            <object_component_ref idref="oc-13d"/>
            <object_component_ref idref="oc-120"/>
            <object_component_ref idref="oc-1b4"/>
            <object_component_ref idref="oc-4b"/>
            <object_component_ref idref="oc-1d"/>
            <object_component_ref idref="oc-18"/>
            <object_component_ref idref="oc-26"/>
            <object_component_ref idref="oc-5b"/>
            <object_component_ref idref="oc-3e"/>
            <object_component_ref idref="oc-153"/>
            <object_component_ref idref="oc-98"/>
            <object_component_ref idref="oc-147"/>
         </contents>
      </logical_group>
      <logical_group id="lg-274" display="never" color="cyan">
         <name>.debug_pubtypes</name>
         <load_address>0x0</load_address>
         <run_address>0x0</run_address>
         <size>0x11fd</size>
         <contents>
            <object_component_ref idref="oc-71"/>
            <object_component_ref idref="oc-b3"/>
            <object_component_ref idref="oc-ae"/>
            <object_component_ref idref="oc-76"/>
            <object_component_ref idref="oc-37"/>
            <object_component_ref idref="oc-1f0"/>
            <object_component_ref idref="oc-1e9"/>
            <object_component_ref idref="oc-1fd"/>
            <object_component_ref idref="oc-186"/>
            <object_component_ref idref="oc-8a"/>
            <object_component_ref idref="oc-c0"/>
            <object_component_ref idref="oc-42"/>
            <object_component_ref idref="oc-82"/>
            <object_component_ref idref="oc-32"/>
            <object_component_ref idref="oc-b9"/>
            <object_component_ref idref="oc-7b"/>
            <object_component_ref idref="oc-22c"/>
            <object_component_ref idref="oc-24a"/>
            <object_component_ref idref="oc-231"/>
            <object_component_ref idref="oc-236"/>
         </contents>
      </logical_group>
      <logical_group id="lg-282" display="no" color="cyan">
         <name>Veneer$$CMSE</name>
         <run_address>0x0</run_address>
         <size>0x0</size>
         <contents>
         </contents>
      </logical_group>
      <load_segment id="lg-288" display="no" color="cyan">
         <name>SEGMENT_0</name>
         <load_address>0x0</load_address>
         <run_address>0x0</run_address>
         <size>0xf18</size>
         <flags>0x5</flags>
         <contents>
            <logical_group_ref idref="lg-3"/>
            <logical_group_ref idref="lg-4"/>
            <logical_group_ref idref="lg-5"/>
            <logical_group_ref idref="lg-6"/>
         </contents>
      </load_segment>
      <load_segment id="lg-289" display="no" color="cyan">
         <name>SEGMENT_1</name>
         <run_address>0x20000000</run_address>
         <size>0x470</size>
         <flags>0x6</flags>
         <contents>
            <logical_group_ref idref="lg-9"/>
            <logical_group_ref idref="lg-a"/>
            <logical_group_ref idref="lg-d"/>
         </contents>
      </load_segment>
   </logical_group_list>
   <placement_map>
      <memory_area display="yes" color="green">
         <name>FLASH</name>
         <page_id>0x0</page_id>
         <origin>0x0</origin>
         <length>0x40000</length>
         <used_space>0xf12</used_space>
         <unused_space>0x3f0ee</unused_space>
         <attributes>RX</attributes>
         <usage_details>
            <allocated_space>
               <start_address>0x0</start_address>
               <size>0x26c</size>
               <logical_group_ref idref="lg-3"/>
            </allocated_space>
            <allocated_space>
               <start_address>0x26c</start_address>
               <size>0x9be</size>
               <logical_group_ref idref="lg-4"/>
            </allocated_space>
            <available_space>
               <start_address>0xc2a</start_address>
               <size>0x2</size>
            </available_space>
            <allocated_space>
               <start_address>0xc2c</start_address>
               <size>0x2b8</size>
               <logical_group_ref idref="lg-5"/>
            </allocated_space>
            <available_space>
               <start_address>0xee4</start_address>
               <size>0x4</size>
            </available_space>
            <allocated_space>
               <start_address>0xee8</start_address>
               <size>0x30</size>
               <logical_group_ref idref="lg-6"/>
            </allocated_space>
            <available_space>
               <start_address>0xf18</start_address>
               <size>0x3f0e8</size>
            </available_space>
         </usage_details>
      </memory_area>
      <memory_area display="yes" color="green">
         <name>SRAM</name>
         <page_id>0x0</page_id>
         <origin>0x20000000</origin>
         <length>0x8000</length>
         <used_space>0x46e</used_space>
         <unused_space>0x7b92</unused_space>
         <attributes>RWX</attributes>
         <usage_details>
            <allocated_space>
               <start_address>0x20000000</start_address>
               <size>0x0</size>
               <logical_group_ref idref="lg-257"/>
            </allocated_space>
            <allocated_space>
               <start_address>0x20000000</start_address>
               <size>0x26c</size>
               <logical_group_ref idref="lg-9"/>
            </allocated_space>
            <allocated_space>
               <start_address>0x2000026c</start_address>
               <size>0x2</size>
               <logical_group_ref idref="lg-a"/>
            </allocated_space>
            <available_space>
               <start_address>0x2000026e</start_address>
               <size>0x2</size>
            </available_space>
            <allocated_space>
               <start_address>0x20000270</start_address>
               <size>0x200</size>
               <logical_group_ref idref="lg-d"/>
            </allocated_space>
            <available_space>
               <start_address>0x20000470</start_address>
               <size>0x7b90</size>
            </available_space>
         </usage_details>
      </memory_area>
   </placement_map>
   <cptbl_list>
      <cptbl>
         <name>__TI_cinit_table</name>
         <cprec>
            <name>.vtable</name>
            <load_address>0xef8</load_address>
            <load_size>0x8</load_size>
            <run_address>0x20000000</run_address>
            <run_size>0x26c</run_size>
            <compression>zero_init</compression>
         </cprec>
         <cprec>
            <name>.data</name>
            <load_address>0xf00</load_address>
            <load_size>0x6</load_size>
            <run_address>0x2000026c</run_address>
            <run_size>0x2</run_size>
            <compression>lzss</compression>
         </cprec>
      </cptbl>
   </cptbl_list>
   <handler_table>
      <handler_table_name>__TI_handler_table</handler_table_name>
      <handler>
         <index>0x0</index>
         <name>__TI_zero_init</name>
      </handler>
      <handler>
         <index>0x1</index>
         <name>__TI_decompress_lzss</name>
      </handler>
      <handler>
         <index>0x2</index>
         <name>__TI_decompress_none</name>
      </handler>
   </handler_table>
   <symbol_table>
      <symbol id="sm-1">
         <name>__STACK_TOP</name>
         <value>0x20000470</value>
      </symbol>
      <symbol id="sm-2">
         <name>__start___llvm_prf_cnts</name>
         <value>0x20000000</value>
      </symbol>
      <symbol id="sm-3">
         <name>__stop___llvm_prf_cnts</name>
         <value>0x20000000</value>
      </symbol>
      <symbol id="sm-4">
         <name>__TI_CINIT_Base</name>
         <value>0xf08</value>
      </symbol>
      <symbol id="sm-5">
         <name>__TI_CINIT_Limit</name>
         <value>0xf18</value>
      </symbol>
      <symbol id="sm-6">
         <name>__TI_Handler_Table_Base</name>
         <value>0xee8</value>
      </symbol>
      <symbol id="sm-7">
         <name>__TI_Handler_Table_Limit</name>
         <value>0xef4</value>
      </symbol>
      <symbol id="sm-8">
         <name>binit</name>
         <value>0xffffffff</value>
      </symbol>
      <symbol id="sm-9">
         <name>__binit__</name>
         <value>0xffffffff</value>
      </symbol>
      <symbol id="sm-a">
         <name>__STACK_SIZE</name>
         <value>0x200</value>
      </symbol>
      <symbol id="sm-b">
         <name>__STACK_END</name>
         <value>0x20000470</value>
      </symbol>
      <symbol id="sm-c">
         <name>__c_args__</name>
         <value>0xffffffff</value>
      </symbol>
      <symbol id="sm-d">
         <name>__TI_pprof_out_hndl</name>
         <value>0xffffffff</value>
      </symbol>
      <symbol id="sm-e">
         <name>__TI_prof_data_start</name>
         <value>0xffffffff</value>
      </symbol>
      <symbol id="sm-f">
         <name>__TI_prof_data_size</name>
         <value>0xffffffff</value>
      </symbol>
      <symbol id="sm-66">
         <name>TIMERKesmesi</name>
         <value>0x2ad</value>
         <object_component_ref idref="oc-9b"/>
      </symbol>
      <symbol id="sm-67">
         <name>main</name>
         <value>0x2cf</value>
         <object_component_ref idref="oc-9b"/>
      </symbol>
      <symbol id="sm-68">
         <name>sw1_pressed</name>
         <value>0x2000026c</value>
         <object_component_ref idref="oc-140"/>
      </symbol>
      <symbol id="sm-69">
         <name>sw2_pressed</name>
         <value>0x2000026d</value>
         <object_component_ref idref="oc-140"/>
      </symbol>
      <symbol id="sm-6a">
         <name>GPIOKesmesi</name>
         <value>0x26d</value>
         <object_component_ref idref="oc-9b"/>
      </symbol>
      <symbol id="sm-8b">
         <name>ResetISR</name>
         <value>0xbf3</value>
         <object_component_ref idref="oc-27"/>
      </symbol>
      <symbol id="sm-8c">
         <name>g_pfnVectors</name>
         <value>0x0</value>
         <object_component_ref idref="oc-12"/>
      </symbol>
      <symbol id="sm-11d">
         <name>GPIOIntRegister</name>
         <value>0xb57</value>
         <object_component_ref idref="oc-10a"/>
      </symbol>
      <symbol id="sm-11e">
         <name>GPIOIntEnable</name>
         <value>0xbe7</value>
         <object_component_ref idref="oc-104"/>
      </symbol>
      <symbol id="sm-11f">
         <name>GPIOIntTypeSet</name>
         <value>0x92d</value>
         <object_component_ref idref="oc-fe"/>
      </symbol>
      <symbol id="sm-120">
         <name>GPIOPinTypeGPIOInput</name>
         <value>0xb87</value>
         <object_component_ref idref="oc-f2"/>
      </symbol>
      <symbol id="sm-121">
         <name>GPIOIntClear</name>
         <value>0xc07</value>
         <object_component_ref idref="oc-c8"/>
      </symbol>
      <symbol id="sm-122">
         <name>GPIOPinTypeGPIOOutput</name>
         <value>0xb3d</value>
         <object_component_ref idref="oc-ec"/>
      </symbol>
      <symbol id="sm-123">
         <name>GPIOPinRead</name>
         <value>0xc0d</value>
         <object_component_ref idref="oc-ce"/>
      </symbol>
      <symbol id="sm-124">
         <name>GPIODirModeSet</name>
         <value>0xaf5</value>
         <object_component_ref idref="oc-193"/>
      </symbol>
      <symbol id="sm-125">
         <name>GPIOPinWrite</name>
         <value>0xc13</value>
         <object_component_ref idref="oc-da"/>
      </symbol>
      <symbol id="sm-126">
         <name>GPIOPadConfigSet</name>
         <value>0x3e9</value>
         <object_component_ref idref="oc-f8"/>
      </symbol>
      <symbol id="sm-160">
         <name>IntEnable</name>
         <value>0x7fd</value>
         <object_component_ref idref="oc-110"/>
      </symbol>
      <symbol id="sm-161">
         <name>IntRegister</name>
         <value>0xa59</value>
         <object_component_ref idref="oc-1a4"/>
      </symbol>
      <symbol id="sm-162">
         <name>g_pfnRAMVectors</name>
         <value>0x20000000</value>
         <object_component_ref idref="oc-209"/>
      </symbol>
      <symbol id="sm-163">
         <name>IntMasterEnable</name>
         <value>0xbaf</value>
         <object_component_ref idref="oc-116"/>
      </symbol>
      <symbol id="sm-1b6">
         <name>SysCtlClockSet</name>
         <value>0x66d</value>
         <object_component_ref idref="oc-e0"/>
      </symbol>
      <symbol id="sm-1b7">
         <name>SysCtlDelay</name>
         <value>0xc19</value>
         <object_component_ref idref="oc-18f"/>
      </symbol>
      <symbol id="sm-1b8">
         <name>SysCtlPeripheralEnable</name>
         <value>0xa8d</value>
         <object_component_ref idref="oc-e6"/>
      </symbol>
      <symbol id="sm-1b9">
         <name>SysCtlClockGet</name>
         <value>0x555</value>
         <object_component_ref idref="oc-122"/>
      </symbol>
      <symbol id="sm-214">
         <name>TimerLoadSet</name>
         <value>0xb9d</value>
         <object_component_ref idref="oc-128"/>
      </symbol>
      <symbol id="sm-215">
         <name>TimerIntRegister</name>
         <value>0xb6f</value>
         <object_component_ref idref="oc-134"/>
      </symbol>
      <symbol id="sm-216">
         <name>TimerEnable</name>
         <value>0xbbf</value>
         <object_component_ref idref="oc-13a"/>
      </symbol>
      <symbol id="sm-217">
         <name>TimerIntEnable</name>
         <value>0xbff</value>
         <object_component_ref idref="oc-12e"/>
      </symbol>
      <symbol id="sm-218">
         <name>TimerConfigure</name>
         <value>0x8cd</value>
         <object_component_ref idref="oc-11c"/>
      </symbol>
      <symbol id="sm-219">
         <name>TimerIntClear</name>
         <value>0xc1f</value>
         <object_component_ref idref="oc-d4"/>
      </symbol>
      <symbol id="sm-223">
         <name>CPUcpsie</name>
         <value>0xbdb</value>
         <object_component_ref idref="oc-1b0"/>
      </symbol>
      <symbol id="sm-23c">
         <name>__TI_zero_init_nomemset</name>
         <value>0xb21</value>
         <object_component_ref idref="oc-47"/>
      </symbol>
      <symbol id="sm-253">
         <name>__TI_decompress_none</name>
         <value>0xbcd</value>
         <object_component_ref idref="oc-1b"/>
      </symbol>
      <symbol id="sm-276">
         <name>__TI_decompress_lzss</name>
         <value>0x865</value>
         <object_component_ref idref="oc-15"/>
      </symbol>
      <symbol id="sm-289">
         <name>__stack</name>
         <value>0x20000270</value>
         <object_component_ref idref="oc-24"/>
      </symbol>
      <symbol id="sm-28a">
         <name>_c_int00_noargs</name>
         <value>0xac1</value>
         <object_component_ref idref="oc-59"/>
      </symbol>
      <symbol id="sm-2a5">
         <name>memcpy</name>
         <value>0x761</value>
         <object_component_ref idref="oc-3b"/>
      </symbol>
      <symbol id="sm-2a6">
         <name>__aeabi_memcpy</name>
         <value>0x761</value>
         <object_component_ref idref="oc-3b"/>
      </symbol>
      <symbol id="sm-2a7">
         <name>__aeabi_memcpy8</name>
         <value>0x761</value>
         <object_component_ref idref="oc-3b"/>
      </symbol>
      <symbol id="sm-2a8">
         <name>__aeabi_memcpy4</name>
         <value>0x761</value>
         <object_component_ref idref="oc-3b"/>
      </symbol>
      <symbol id="sm-2d1">
         <name>__TI_auto_init_nobinit_nopinit</name>
         <value>0xa15</value>
         <object_component_ref idref="oc-150"/>
      </symbol>
      <symbol id="sm-2db">
         <name>_system_pre_init</name>
         <value>0xc23</value>
         <object_component_ref idref="oc-95"/>
      </symbol>
      <symbol id="sm-2e7">
         <name>C$$EXIT</name>
         <value>0xc27</value>
         <object_component_ref idref="oc-144"/>
      </symbol>
      <symbol id="sm-2e8">
         <name>abort</name>
         <value>0xc27</value>
         <object_component_ref idref="oc-144"/>
      </symbol>
      <symbol id="sm-2eb">
         <name>__TI_static_base__</name>
         <value>0x0</value>
      </symbol>
      <symbol id="sm-2ee">
         <name>__mpu_init</name>
         <value>0x0</value>
      </symbol>
      <symbol id="sm-2ef">
         <name>_system_post_cinit</name>
         <value>0x0</value>
      </symbol>
   </symbol_table>
   <title>Link successful</title>
</link_info>
