******************************************************************************
                  TI ARM Linker PC v20.2.5                     
******************************************************************************
>> Linked Sun Dec  8 19:12:56 2024

OUTPUT FILE NAME:   <lcd_c_stringveri3.out>
ENTRY POINT SYMBOL: "_c_int00_noargs"  address: 000040bd


MEMORY CONFIGURATION

         name            origin    length      used     unused   attr    fill
----------------------  --------  ---------  --------  --------  ----  --------
  FLASH                 00000000   00040000  000047f0  0003b810  R  X
  SRAM                  20000000   00008000  00000498  00007b68  RW X


SEGMENT ALLOCATION MAP

run origin  load origin   length   init length attrs members
----------  ----------- ---------- ----------- ----- -------
00000000    00000000    000047f0   000047f0    r-x
  00000000    00000000    0000026c   0000026c    r-- .intvecs
  0000026c    0000026c    000041c4   000041c4    r-x .text
  00004430    00004430    00000370   00000370    r-- .const
  000047a0    000047a0    00000050   00000050    r-- .cinit
20000000    20000000    0000049c   00000000    rw-
  20000000    20000000    0000026c   00000000    rw- .vtable
  20000270    20000270    00000200   00000000    rw- .stack
  20000470    20000470    0000001c   00000000    rw- .data
  2000048c    2000048c    00000010   00000000    rw- .bss


SECTION ALLOCATION MAP

 output                                  attributes/
section   page    origin      length       input sections
--------  ----  ----------  ----------   ----------------
.intvecs   0    00000000    0000026c     
                  00000000    0000026c     tm4c123gh6pm_startup_ccs.obj (.intvecs)

.text      0    0000026c    000041c4     
                  0000026c    00000b14     rtsv7M4_T_le_v4SPD16_eabi.lib : _scanfi.c.obj (.text:__TI_scanfi)
                  00000d80    00000a4e                                   : _printfi.c.obj (.text:__TI_printfi)
                  000017ce    00000002                                   : div0.asm.obj (.text)
                  000017d0    00000460                                   : strtod.c.obj (.text:strtod)
                  00001c30    00000304     main.obj (.text)
                  00001f34    00000270     rtsv7M4_T_le_v4SPD16_eabi.lib : _printfi.c.obj (.text:_pconv_a)
                  000021a4    0000023c     lcd.obj (.text)
                  000023e0    000001dc     rtsv7M4_T_le_v4SPD16_eabi.lib : strtoll.c.obj (.text:strtoll)
                  000025bc    000001d0                                   : _printfi.c.obj (.text:_pconv_g)
                  0000278c    000001b6                                   : fd_add_t2.asm.obj (.text)
                  00002942    00000002     --HOLE-- [fill = 0]
                  00002944    0000016c     driverlib.lib : gpio.obj (.text:GPIOPadConfigSet)
                  00002ab0    0000015c     rtsv7M4_T_le_v4SPD16_eabi.lib : strtoull.c.obj (.text:strtoull)
                  00002c0c    0000013c                                   : _printfi.c.obj (.text:_pconv_e)
                  00002d48    00000136                                   : fd_div_t2.asm.obj (.text)
                  00002e7e    00000002     --HOLE-- [fill = 0]
                  00002e80    00000130                                   : strtol.c.obj (.text:strtol)
                  00002fb0    00000124                                   : _printfi.c.obj (.text:fcvt)
                  000030d4    00000118     driverlib.lib : sysctl.obj (.text:SysCtlClockGet)
                  000031ec    00000110     rtsv7M4_T_le_v4SPD16_eabi.lib : s_scalbn.c.obj (.text:scalbn)
                  000032fc    00000110                                   : strtoul.c.obj (.text:strtoul)
                  0000340c    000000fc                                   : fd_mul_t2.asm.obj (.text)
                  00003508    000000f4     driverlib.lib : sysctl.obj (.text:SysCtlClockSet)
                  000035fc    000000b1     rtsv7M4_T_le_v4SPD16_eabi.lib : _printfi.c.obj (.text:_ltostr)
                  000036ad    00000001     --HOLE-- [fill = 0]
                  000036ae    0000009c                                   : memcpy_t2.asm.obj (.text)
                  0000374a    00000096                                   : ull_div_t2.asm.obj (.text)
                  000037e0    00000086                                   : fd_cmp_t2.asm.obj (.text:__aeabi_cdcmple)
                  00003866    00000086                                   : fd_cmp_t2.asm.obj (.text:__aeabi_cdrcmple)
                  000038ec    0000007a     driverlib.lib : adc.obj (.text:ADCSequenceStepConfigure)
                  00003966    0000007a     rtsv7M4_T_le_v4SPD16_eabi.lib : memset_t2.asm.obj (.text)
                  000039e0    0000006e                                   : _printfi.c.obj (.text:_mcpy)
                  00003a4e    0000006e                                   : fd_tos_t2.asm.obj (.text)
                  00003abc    00000068     driverlib.lib : interrupt.obj (.text:IntEnable)
                  00003b24    00000068     rtsv7M4_T_le_v4SPD16_eabi.lib : sscanf.c.obj (.text:_chkmbc)
                  00003b8c    00000068                                   : copy_decompress_lzss.c.obj (.text:decompress:lzss:__TI_decompress_lzss)
                  00003bf4    00000064                                   : s_frexp.c.obj (.text:frexp)
                  00003c58    00000056                                   : _printfi.c.obj (.text:_pconv_f)
                  00003cae    00000054                                   : _ltoa.c.obj (.text:__TI_ltoa)
                  00003d02    00000052                                   : _printfi.c.obj (.text:_ecpy)
                  00003d54    0000004e     driverlib.lib : adc.obj (.text:ADCSequenceConfigure)
                  00003da2    00000002     --HOLE-- [fill = 0]
                  00003da4    0000004c                   : gpio.obj (.text:GPIOPinConfigure)
                  00003df0    0000004c     rtsv7M4_T_le_v4SPD16_eabi.lib : atoi.c.obj (.text:atoi)
                  00003e3c    0000004c                                   : snprintf.c.obj (.text:snprintf)
                  00003e88    00000048                                   : fd_toi_t2.asm.obj (.text)
                  00003ed0    00000046     driverlib.lib : uart.obj (.text:UARTConfigSetExpClk)
                  00003f16    00000002     --HOLE-- [fill = 0]
                  00003f18    00000044     rtsv7M4_T_le_v4SPD16_eabi.lib : autoinit.c.obj (.text:__TI_auto_init_nobinit_nopinit:__TI_auto_init_nobinit_nopinit)
                  00003f5c    00000040     driverlib.lib : uart.obj (.text:_UARTIntNumberGet)
                  00003f9c    00000040     rtsv7M4_T_le_v4SPD16_eabi.lib : sprintf.c.obj (.text:sprintf)
                  00003fdc    0000003e                                   : _printfi.c.obj (.text:_fcpy)
                  0000401a    00000002     --HOLE-- [fill = 0]
                  0000401c    00000038                                   : sscanf.c.obj (.text:sscanf)
                  00004054    00000034     driverlib.lib : interrupt.obj (.text:IntRegister)
                  00004088    00000034                   : sysctl.obj (.text:SysCtlPeripheralEnable)
                  000040bc    00000034     rtsv7M4_T_le_v4SPD16_eabi.lib : boot_cortex_m.c.obj (.text:_c_int00_noargs:_c_int00_noargs)
                  000040f0    00000030                                   : snprintf.c.obj (.text:_outs)
                  00004120    0000002e     driverlib.lib : adc.obj (.text:ADCIntStatus)
                  0000414e    0000002e     rtsv7M4_T_le_v4SPD16_eabi.lib : i_tofd_t2.asm.obj (.text)
                  0000417c    0000002c     driverlib.lib : gpio.obj (.text:GPIODirModeSet)
                  000041a8    00000020                   : uart.obj (.text:UARTDisable)
                  000041c8    0000001e                   : adc.obj (.text:ADCSequenceDataGet)
                  000041e6    0000001c     rtsv7M4_T_le_v4SPD16_eabi.lib : copy_zero_init.c.obj (.text:decompress:ZI:__TI_zero_init_nomemset:__TI_zero_init_nomemset)
                  00004202    0000001c                                   : memccpy.c.obj (.text:memccpy)
                  0000421e    0000001a     driverlib.lib : gpio.obj (.text:GPIOPinTypeGPIOOutput)
                  00004238    0000001a     rtsv7M4_T_le_v4SPD16_eabi.lib : s_copysign.c.obj (.text:copysign)
                  00004252    00000018     driverlib.lib : adc.obj (.text:ADCProcessorTrigger)
                  0000426a    00000018                   : uart.obj (.text:UARTIntRegister)
                  00004282    00000018     rtsv7M4_T_le_v4SPD16_eabi.lib : snprintf.c.obj (.text:_outc)
                  0000429a    00000018                                   : sprintf.c.obj (.text:_outs)
                  000042b2    00000018                                   : ll_mul_t2.asm.obj (.text)
                  000042ca    00000018                                   : strcmp.c.obj (.text:strcmp)
                  000042e2    00000018                                   : strrchr.c.obj (.text:strrchr)
                  000042fa    00000016     driverlib.lib : gpio.obj (.text:GPIOPinTypeUART)
                  00004310    00000016     rtsv7M4_T_le_v4SPD16_eabi.lib : strchr.c.obj (.text:strchr)
                  00004326    00000014     driverlib.lib : uart.obj (.text:UARTEnable)
                  0000433a    00000014     rtsv7M4_T_le_v4SPD16_eabi.lib : strcpy.c.obj (.text:strcpy)
                  0000434e    00000014                                   : strlen.c.obj (.text:strlen)
                  00004362    00000012                                   : sscanf.c.obj (.text:_inpchar)
                  00004374    00000012                                   : wcslen.c.obj (.text:wcslen)
                  00004386    00000010     driverlib.lib : interrupt.obj (.text:IntMasterEnable)
                  00004396    0000000e                   : adc.obj (.text:ADCSequenceEnable)
                  000043a4    0000000e                   : uart.obj (.text:UARTCharsAvail)
                  000043b2    0000000e     rtsv7M4_T_le_v4SPD16_eabi.lib : copy_decompress_none.c.obj (.text:decompress:none:__TI_decompress_none)
                  000043c0    0000000c     driverlib.lib : cpu.obj (.text:CPUcpsie)
                  000043cc    0000000c     tm4c123gh6pm_startup_ccs.obj (.text)
                  000043d8    0000000a     driverlib.lib : adc.obj (.text:ADCIntClear)
                  000043e2    0000000a                   : uart.obj (.text:UARTCharGet)
                  000043ec    0000000a                   : uart.obj (.text:UARTCharPut)
                  000043f6    0000000a     rtsv7M4_T_le_v4SPD16_eabi.lib : sprintf.c.obj (.text:_outc)
                  00004400    00000008     driverlib.lib : uart.obj (.text:UARTIntEnable)
                  00004408    00000008     rtsv7M4_T_le_v4SPD16_eabi.lib : errno.c.obj (.text:__aeabi_errno_addr)
                  00004410    00000008                                   : sscanf.c.obj (.text:_uninpchar)
                  00004418    00000006     driverlib.lib : gpio.obj (.text:GPIOPinWrite)
                  0000441e    00000006                   : sysctl.obj (.text:SysCtlDelay)
                  00004424    00000004                   : uart.obj (.text:UARTIntClear)
                  00004428    00000004     rtsv7M4_T_le_v4SPD16_eabi.lib : pre_init.c.obj (.text:_system_pre_init)
                  0000442c    00000004                                   : exit.c.obj (.text:abort:abort)

.const     0    00004430    00000370     
                  00004430    00000101     rtsv7M4_T_le_v4SPD16_eabi.lib : ctype.c.obj (.const:.string:_ctypes_)
                  00004531    00000007     --HOLE-- [fill = 0]
                  00004538    000000c8                                   : strtod.c.obj (.const:$O1$$)
                  00004600    00000090     driverlib.lib : gpio.obj (.const:g_pui32GPIOBaseAddrs)
                  00004690    0000006c                   : sysctl.obj (.const:g_pui32Xtals)
                  000046fc    00000040                   : uart.obj (.const:g_ppui32UARTIntMap)
                  0000473c    00000040                   : uart.obj (.const:g_ppui32UARTIntMapSnowflake)
                  0000477c    00000014                   : interrupt.obj (.const:g_pui32EnRegs)
                  00004790    00000010     rtsv7M4_T_le_v4SPD16_eabi.lib : _scanfi.c.obj (.const:$O1$$)

.cinit     0    000047a0    00000050     
                  000047a0    00000016     (.cinit..data.load) [load image, compression = lzss]
                  000047b6    00000002     --HOLE-- [fill = 0]
                  000047b8    0000000c     (__TI_handler_table)
                  000047c4    00000004     --HOLE-- [fill = 0]
                  000047c8    00000008     (.cinit..bss.load) [load image, compression = zero_init]
                  000047d0    00000008     (.cinit..vtable.load) [load image, compression = zero_init]
                  000047d8    00000018     (__TI_cinit_table)

.init_array 
*          0    00000000    00000000     UNINITIALIZED

.vtable    0    20000000    0000026c     UNINITIALIZED
                  20000000    0000026c     driverlib.lib : interrupt.obj (.vtable)

.data      0    20000470    0000001c     UNINITIALIZED
                  20000470    0000000c     main.obj (.data)
                  2000047c    00000009     main.obj (.data:saatBilgisi)
                  20000485    00000003     --HOLE--
                  20000488    00000004     rtsv7M4_T_le_v4SPD16_eabi.lib : errno.c.obj (.data)

.bss       0    2000048c    00000010     UNINITIALIZED
                  2000048c    00000010     main.obj (.bss:buffer$1)

.stack     0    20000270    00000200     UNINITIALIZED
                  20000270    00000004     rtsv7M4_T_le_v4SPD16_eabi.lib : boot_cortex_m.c.obj (.stack)
                  20000274    000001fc     --HOLE--

__llvm_prf_cnts 
*          0    20000000    00000000     UNINITIALIZED

MODULE SUMMARY

       Module                         code    ro data   rw data
       ------                         ----    -------   -------
    .\
       main.obj                       772     0         37     
       tm4c123gh6pm_startup_ccs.obj   12      620       0      
       lcd.obj                        572     0         0      
    +--+------------------------------+-------+---------+---------+
       Total:                         1356    620       37     
                                                               
    C:/ti/TivaWare_C_Series-2.2.0.295/driverlib/ccs/Debug/driverlib.lib
       interrupt.obj                  172     20        620    
       sysctl.obj                     582     108       0      
       gpio.obj                       538     144       0      
       uart.obj                       256     128       0      
       adc.obj                        324     0         0      
       cpu.obj                        12      0         0      
    +--+------------------------------+-------+---------+---------+
       Total:                         1884    400       620    
                                                               
    C:\ti\ccs1120\ccs\tools\compiler\ti-cgt-arm_20.2.5.LTS\lib\rtsv7M4_T_le_v4SPD16_eabi.lib
       _printfi.c.obj                 4851    0         0      
       _scanfi.c.obj                  2836    16        0      
       strtod.c.obj                   1120    200       0      
       strtoll.c.obj                  476     0         0      
       fd_add_t2.asm.obj              438     0         0      
       strtoull.c.obj                 348     0         0      
       fd_div_t2.asm.obj              310     0         0      
       strtol.c.obj                   304     0         0      
       s_scalbn.c.obj                 272     0         0      
       strtoul.c.obj                  272     0         0      
       fd_cmp_t2.asm.obj              268     0         0      
       ctype.c.obj                    0       257       0      
       fd_mul_t2.asm.obj              252     0         0      
       sscanf.c.obj                   186     0         0      
       memcpy_t2.asm.obj              156     0         0      
       ull_div_t2.asm.obj             150     0         0      
       snprintf.c.obj                 148     0         0      
       memset_t2.asm.obj              122     0         0      
       fd_tos_t2.asm.obj              110     0         0      
       copy_decompress_lzss.c.obj     104     0         0      
       s_frexp.c.obj                  100     0         0      
       sprintf.c.obj                  98      0         0      
       _ltoa.c.obj                    84      0         0      
       atoi.c.obj                     76      0         0      
       fd_toi_t2.asm.obj              72      0         0      
       autoinit.c.obj                 68      0         0      
       boot_cortex_m.c.obj            52      0         0      
       i_tofd_t2.asm.obj              46      0         0      
       copy_zero_init.c.obj           28      0         0      
       memccpy.c.obj                  28      0         0      
       s_copysign.c.obj               26      0         0      
       ll_mul_t2.asm.obj              24      0         0      
       strcmp.c.obj                   24      0         0      
       strrchr.c.obj                  24      0         0      
       strchr.c.obj                   22      0         0      
       strcpy.c.obj                   20      0         0      
       strlen.c.obj                   20      0         0      
       wcslen.c.obj                   18      0         0      
       copy_decompress_none.c.obj     14      0         0      
       errno.c.obj                    8       0         4      
       exit.c.obj                     4       0         0      
       pre_init.c.obj                 4       0         0      
       div0.asm.obj                   2       0         0      
    +--+------------------------------+-------+---------+---------+
       Total:                         13585   473       4      
                                                               
       Stack:                         0       0         512    
       Linker Generated:              0       74        0      
    +--+------------------------------+-------+---------+---------+
       Grand Total:                   16825   1567      1173   


LINKER GENERATED COPY TABLES

__TI_cinit_table @ 000047d8 records: 3, size/record: 8, table size: 24
	.data: load addr=000047a0, load size=00000016 bytes, run addr=20000470, run size=0000001c bytes, compression=lzss
	.bss: load addr=000047c8, load size=00000008 bytes, run addr=2000048c, run size=00000010 bytes, compression=zero_init
	.vtable: load addr=000047d0, load size=00000008 bytes, run addr=20000000, run size=0000026c bytes, compression=zero_init


LINKER GENERATED HANDLER TABLE

__TI_handler_table @ 000047b8 records: 3, size/record: 4, table size: 12
	index: 0, handler: __TI_zero_init
	index: 1, handler: __TI_decompress_lzss
	index: 2, handler: __TI_decompress_none


GLOBAL SYMBOLS: SORTED ALPHABETICALLY BY Name 

address   name                          
-------   ----                          
000043d9  ADCIntClear                   
00004121  ADCIntStatus                  
00004253  ADCProcessorTrigger           
00003d55  ADCSequenceConfigure          
000041c9  ADCSequenceDataGet            
00004397  ADCSequenceEnable             
000038ed  ADCSequenceStepConfigure      
0000442d  C$$EXIT                       
000043c1  CPUcpsie                      
0000417d  GPIODirModeSet                
00002945  GPIOPadConfigSet              
00003da5  GPIOPinConfigure              
0000421f  GPIOPinTypeGPIOOutput         
000042fb  GPIOPinTypeUART               
00004419  GPIOPinWrite                  
00003abd  IntEnable                     
00004387  IntMasterEnable               
00004055  IntRegister                   
00002353  LCDTemizle                    
00002365  LCDgit                        
000022c7  LCDilkayarlar                 
000043cd  ResetISR                      
000030d5  SysCtlClockGet                
00003509  SysCtlClockSet                
0000441f  SysCtlDelay                   
00004089  SysCtlPeripheralEnable        
00001c31  UART0Handler                  
000043e3  UARTCharGet                   
000043ed  UARTCharPut                   
000043a5  UARTCharsAvail                
00003ed1  UARTConfigSetExpClk           
000041a9  UARTDisable                   
00004327  UARTEnable                    
00004425  UARTIntClear                  
00004401  UARTIntEnable                 
0000426b  UARTIntRegister               
20000470  __STACK_END                   
00000200  __STACK_SIZE                  
20000470  __STACK_TOP                   
000047d8  __TI_CINIT_Base               
000047f0  __TI_CINIT_Limit              
000047b8  __TI_Handler_Table_Base       
000047c4  __TI_Handler_Table_Limit      
00003f19  __TI_auto_init_nobinit_nopinit
00003b8d  __TI_decompress_lzss          
000043b3  __TI_decompress_none          
00003caf  __TI_ltoa                     
ffffffff  __TI_pprof_out_hndl           
00000d81  __TI_printfi                  
ffffffff  __TI_prof_data_size           
ffffffff  __TI_prof_data_start          
0000026d  __TI_scanfi                   
00000000  __TI_static_base__            
000041e7  __TI_zero_init_nomemset       
000037e1  __aeabi_cdcmpeq               
000037e1  __aeabi_cdcmple               
00003867  __aeabi_cdrcmple              
00003a4f  __aeabi_d2f                   
00003e89  __aeabi_d2iz                  
00002797  __aeabi_dadd                  
00002d49  __aeabi_ddiv                  
0000340d  __aeabi_dmul                  
0000278d  __aeabi_dsub                  
00004409  __aeabi_errno_addr            
0000414f  __aeabi_i2d                   
000017cf  __aeabi_idiv0                 
000017cf  __aeabi_ldiv0                 
000042b3  __aeabi_lmul                  
00003967  __aeabi_memclr                
00003967  __aeabi_memclr4               
00003967  __aeabi_memclr8               
000036af  __aeabi_memcpy                
000036af  __aeabi_memcpy4               
000036af  __aeabi_memcpy8               
00003969  __aeabi_memset                
00003969  __aeabi_memset4               
00003969  __aeabi_memset8               
0000374b  __aeabi_uldivmod              
ffffffff  __binit__                     
ffffffff  __c_args__                    
UNDEFED   __mpu_init                    
20000270  __stack                       
20000000  __start___llvm_prf_cnts       
20000000  __stop___llvm_prf_cnts        
000040bd  _c_int00_noargs               
00004430  _ctypes_                      
UNDEFED   _system_post_cinit            
00004429  _system_pre_init              
0000442d  abort                         
20000470  adcValue                      
00003df1  atoi                          
ffffffff  binit                         
00004239  copysign                      
00004239  copysignl                     
20000488  errno                         
00003bf5  frexp                         
00003bf5  frexpl                        
20000000  g_pfnRAMVectors               
00000000  g_pfnVectors                  
00001def  initSystem                    
000023b5  lcdSayiyaz                    
00002253  lcdkarakteryaz                
000021df  lcdkomut                      
00002399  lcdyaz                        
000031ed  ldexp                         
000031ed  ldexpl                        
00001e79  main                          
00004203  memccpy                       
000036af  memcpy                        
0000396f  memset                        
000021a5  otuzhexgonder                 
2000047c  saatBilgisi                   
20000475  saatGuncelle                  
000031ed  scalbn                        
000031ed  scalbnl                       
00001cdd  sendADCandTime                
00003e3d  snprintf                      
00003f9d  sprintf                       
0000401d  sscanf                        
00004311  strchr                        
000042cb  strcmp                        
0000433b  strcpy                        
0000434f  strlen                        
000042e3  strrchr                       
000017d1  strtod                        
00002e81  strtol                        
000017d1  strtold                       
000023e1  strtoll                       
000032fd  strtoul                       
00002ab1  strtoull                      
00001dad  updateLCD                     
00004375  wcslen                        
20000474  yeniSaatGeldi                 


GLOBAL SYMBOLS: SORTED BY Symbol Address 

address   name                          
-------   ----                          
00000000  __TI_static_base__            
00000000  g_pfnVectors                  
00000200  __STACK_SIZE                  
0000026d  __TI_scanfi                   
00000d81  __TI_printfi                  
000017cf  __aeabi_idiv0                 
000017cf  __aeabi_ldiv0                 
000017d1  strtod                        
000017d1  strtold                       
00001c31  UART0Handler                  
00001cdd  sendADCandTime                
00001dad  updateLCD                     
00001def  initSystem                    
00001e79  main                          
000021a5  otuzhexgonder                 
000021df  lcdkomut                      
00002253  lcdkarakteryaz                
000022c7  LCDilkayarlar                 
00002353  LCDTemizle                    
00002365  LCDgit                        
00002399  lcdyaz                        
000023b5  lcdSayiyaz                    
000023e1  strtoll                       
0000278d  __aeabi_dsub                  
00002797  __aeabi_dadd                  
00002945  GPIOPadConfigSet              
00002ab1  strtoull                      
00002d49  __aeabi_ddiv                  
00002e81  strtol                        
000030d5  SysCtlClockGet                
000031ed  ldexp                         
000031ed  ldexpl                        
000031ed  scalbn                        
000031ed  scalbnl                       
000032fd  strtoul                       
0000340d  __aeabi_dmul                  
00003509  SysCtlClockSet                
000036af  __aeabi_memcpy                
000036af  __aeabi_memcpy4               
000036af  __aeabi_memcpy8               
000036af  memcpy                        
0000374b  __aeabi_uldivmod              
000037e1  __aeabi_cdcmpeq               
000037e1  __aeabi_cdcmple               
00003867  __aeabi_cdrcmple              
000038ed  ADCSequenceStepConfigure      
00003967  __aeabi_memclr                
00003967  __aeabi_memclr4               
00003967  __aeabi_memclr8               
00003969  __aeabi_memset                
00003969  __aeabi_memset4               
00003969  __aeabi_memset8               
0000396f  memset                        
00003a4f  __aeabi_d2f                   
00003abd  IntEnable                     
00003b8d  __TI_decompress_lzss          
00003bf5  frexp                         
00003bf5  frexpl                        
00003caf  __TI_ltoa                     
00003d55  ADCSequenceConfigure          
00003da5  GPIOPinConfigure              
00003df1  atoi                          
00003e3d  snprintf                      
00003e89  __aeabi_d2iz                  
00003ed1  UARTConfigSetExpClk           
00003f19  __TI_auto_init_nobinit_nopinit
00003f9d  sprintf                       
0000401d  sscanf                        
00004055  IntRegister                   
00004089  SysCtlPeripheralEnable        
000040bd  _c_int00_noargs               
00004121  ADCIntStatus                  
0000414f  __aeabi_i2d                   
0000417d  GPIODirModeSet                
000041a9  UARTDisable                   
000041c9  ADCSequenceDataGet            
000041e7  __TI_zero_init_nomemset       
00004203  memccpy                       
0000421f  GPIOPinTypeGPIOOutput         
00004239  copysign                      
00004239  copysignl                     
00004253  ADCProcessorTrigger           
0000426b  UARTIntRegister               
000042b3  __aeabi_lmul                  
000042cb  strcmp                        
000042e3  strrchr                       
000042fb  GPIOPinTypeUART               
00004311  strchr                        
00004327  UARTEnable                    
0000433b  strcpy                        
0000434f  strlen                        
00004375  wcslen                        
00004387  IntMasterEnable               
00004397  ADCSequenceEnable             
000043a5  UARTCharsAvail                
000043b3  __TI_decompress_none          
000043c1  CPUcpsie                      
000043cd  ResetISR                      
000043d9  ADCIntClear                   
000043e3  UARTCharGet                   
000043ed  UARTCharPut                   
00004401  UARTIntEnable                 
00004409  __aeabi_errno_addr            
00004419  GPIOPinWrite                  
0000441f  SysCtlDelay                   
00004425  UARTIntClear                  
00004429  _system_pre_init              
0000442d  C$$EXIT                       
0000442d  abort                         
00004430  _ctypes_                      
000047b8  __TI_Handler_Table_Base       
000047c4  __TI_Handler_Table_Limit      
000047d8  __TI_CINIT_Base               
000047f0  __TI_CINIT_Limit              
20000000  __start___llvm_prf_cnts       
20000000  __stop___llvm_prf_cnts        
20000000  g_pfnRAMVectors               
20000270  __stack                       
20000470  __STACK_END                   
20000470  __STACK_TOP                   
20000470  adcValue                      
20000474  yeniSaatGeldi                 
20000475  saatGuncelle                  
2000047c  saatBilgisi                   
20000488  errno                         
ffffffff  __TI_pprof_out_hndl           
ffffffff  __TI_prof_data_size           
ffffffff  __TI_prof_data_start          
ffffffff  __binit__                     
ffffffff  __c_args__                    
ffffffff  binit                         
UNDEFED   __mpu_init                    
UNDEFED   _system_post_cinit            

[133 symbols]
