******************************************************************************
                  TI ARM Linker PC v20.2.5                     
******************************************************************************
>> Linked Sat Oct 19 19:01:37 2024

OUTPUT FILE NAME:   <swodev2.2.out>
ENTRY POINT SYMBOL: "_c_int00_noinit_noargs"  address: 0000077d


MEMORY CONFIGURATION

         name            origin    length      used     unused   attr    fill
----------------------  --------  ---------  --------  --------  ----  --------
  FLASH                 00000000   00040000  0000086a  0003f796  R  X
  SRAM                  20000000   00008000  00000200  00007e00  RW X


SEGMENT ALLOCATION MAP

run origin  load origin   length   init length attrs members
----------  ----------- ---------- ----------- ----- -------
00000000    00000000    0000086c   0000086c    r-x
  00000000    00000000    0000026c   0000026c    r-- .intvecs
  0000026c    0000026c    00000592   00000592    r-x .text
  00000800    00000800    0000006c   0000006c    r-- .const
20000000    20000000    00000200   00000000    rw-
  20000000    20000000    00000200   00000000    rw- .stack


SECTION ALLOCATION MAP

 output                                  attributes/
section   page    origin      length       input sections
--------  ----  ----------  ----------   ----------------
.intvecs   0    00000000    0000026c     
                  00000000    0000026c     tm4c123gh6pm_startup_ccs.obj (.intvecs)

.text      0    0000026c    00000592     
                  0000026c    0000016c     driverlib.lib : gpio.obj (.text:GPIOPadConfigSet)
                  000003d8    00000138     main.obj (.text)
                  00000510    00000118     driverlib.lib : sysctl.obj (.text:SysCtlClockGet)
                  00000628    000000f4                   : sysctl.obj (.text:SysCtlClockSet)
                  0000071c    00000034                   : sysctl.obj (.text:SysCtlPeripheralEnable)
                  00000750    0000002c                   : gpio.obj (.text:GPIODirModeSet)
                  0000077c    0000002c     rtsv7M4_T_le_v4SPD16_eabi.lib : boot_cortex_m.c.obj (.text:_c_int00_noinit_noargs:_c_int00_noinit_noargs)
                  000007a8    0000001a     driverlib.lib : gpio.obj (.text:GPIOPinTypeGPIOOutput)
                  000007c2    00000016                   : gpio.obj (.text:GPIOPinTypeGPIOInput)
                  000007d8    0000000c     tm4c123gh6pm_startup_ccs.obj (.text)
                  000007e4    00000006     driverlib.lib : gpio.obj (.text:GPIOPinRead)
                  000007ea    00000006                   : gpio.obj (.text:GPIOPinWrite)
                  000007f0    00000006                   : sysctl.obj (.text:SysCtlDelay)
                  000007f6    00000004     rtsv7M4_T_le_v4SPD16_eabi.lib : pre_init.c.obj (.text:_system_pre_init)
                  000007fa    00000004                                   : exit.c.obj (.text:abort:abort)

.const     0    00000800    0000006c     
                  00000800    0000006c     driverlib.lib : sysctl.obj (.const:g_pui32Xtals)

.cinit     0    00000000    00000000     UNINITIALIZED

.init_array 
*          0    00000000    00000000     UNINITIALIZED

.stack     0    20000000    00000200     UNINITIALIZED
                  20000000    00000004     rtsv7M4_T_le_v4SPD16_eabi.lib : boot_cortex_m.c.obj (.stack)
                  20000004    000001fc     --HOLE--

__llvm_prf_cnts 
*          0    20000000    00000000     UNINITIALIZED

MODULE SUMMARY

       Module                         code   ro data   rw data
       ------                         ----   -------   -------
    .\
       tm4c123gh6pm_startup_ccs.obj   12     620       0      
       main.obj                       312    0         0      
    +--+------------------------------+------+---------+---------+
       Total:                         324    620       0      
                                                              
    C:/ti/TivaWare_C_Series-2.2.0.295/driverlib/ccs/Debug/driverlib.lib
       sysctl.obj                     582    108       0      
       gpio.obj                       468    0         0      
    +--+------------------------------+------+---------+---------+
       Total:                         1050   108       0      
                                                              
    C:\ti\ccs1120\ccs\tools\compiler\ti-cgt-arm_20.2.5.LTS\lib\rtsv7M4_T_le_v4SPD16_eabi.lib
       boot_cortex_m.c.obj            44     0         0      
       exit.c.obj                     4      0         0      
       pre_init.c.obj                 4      0         0      
    +--+------------------------------+------+---------+---------+
       Total:                         52     0         0      
                                                              
       Stack:                         0      0         512    
    +--+------------------------------+------+---------+---------+
       Grand Total:                   1426   728       512    


GLOBAL SYMBOLS: SORTED ALPHABETICALLY BY Name 

address   name                   
-------   ----                   
000007fb  C$$EXIT                
00000751  GPIODirModeSet         
0000026d  GPIOPadConfigSet       
000007e5  GPIOPinRead            
000007c3  GPIOPinTypeGPIOInput   
000007a9  GPIOPinTypeGPIOOutput  
000007eb  GPIOPinWrite           
000007d9  ResetISR               
00000511  SysCtlClockGet         
00000629  SysCtlClockSet         
000007f1  SysCtlDelay            
0000071d  SysCtlPeripheralEnable 
20000200  __STACK_END            
00000200  __STACK_SIZE           
20000200  __STACK_TOP            
ffffffff  __TI_pprof_out_hndl    
ffffffff  __TI_prof_data_size    
ffffffff  __TI_prof_data_start   
00000000  __TI_static_base__     
ffffffff  __binit__              
ffffffff  __c_args__             
UNDEFED   __mpu_init             
20000000  __stack                
20000000  __start___llvm_prf_cnts
20000000  __stop___llvm_prf_cnts 
0000077d  _c_int00_noinit_noargs 
000007f7  _system_pre_init       
000007fb  abort                  
ffffffff  binit                  
000004e9  debounce               
00000487  degeral                
0000049b  degerata               
00000000  g_pfnVectors           
0000047b  gecikme                
000003d9  main                   
000004b7  surearttir             
000004cb  sureazalt              


GLOBAL SYMBOLS: SORTED BY Symbol Address 

address   name                   
-------   ----                   
00000000  __TI_static_base__     
00000000  g_pfnVectors           
00000200  __STACK_SIZE           
0000026d  GPIOPadConfigSet       
000003d9  main                   
0000047b  gecikme                
00000487  degeral                
0000049b  degerata               
000004b7  surearttir             
000004cb  sureazalt              
000004e9  debounce               
00000511  SysCtlClockGet         
00000629  SysCtlClockSet         
0000071d  SysCtlPeripheralEnable 
00000751  GPIODirModeSet         
0000077d  _c_int00_noinit_noargs 
000007a9  GPIOPinTypeGPIOOutput  
000007c3  GPIOPinTypeGPIOInput   
000007d9  ResetISR               
000007e5  GPIOPinRead            
000007eb  GPIOPinWrite           
000007f1  SysCtlDelay            
000007f7  _system_pre_init       
000007fb  C$$EXIT                
000007fb  abort                  
20000000  __stack                
20000000  __start___llvm_prf_cnts
20000000  __stop___llvm_prf_cnts 
20000200  __STACK_END            
20000200  __STACK_TOP            
ffffffff  __TI_pprof_out_hndl    
ffffffff  __TI_prof_data_size    
ffffffff  __TI_prof_data_start   
ffffffff  __binit__              
ffffffff  __c_args__             
ffffffff  binit                  
UNDEFED   __mpu_init             

[37 symbols]
