******************************************************************************
                  TI ARM Linker PC v20.2.5                     
******************************************************************************
>> Linked Sun Dec  1 16:16:40 2024

OUTPUT FILE NAME:   <lcdkronometre_a_deneme.out>
ENTRY POINT SYMBOL: "_c_int00_noargs"  address: 00000c19


MEMORY CONFIGURATION

         name            origin    length      used     unused   attr    fill
----------------------  --------  ---------  --------  --------  ----  --------
  FLASH                 00000000   00040000  00000e92  0003f16e  R  X
  SRAM                  20000000   00008000  00000478  00007b88  RW X


SEGMENT ALLOCATION MAP

run origin  load origin   length   init length attrs members
----------  ----------- ---------- ----------- ----- -------
00000000    00000000    00000e98   00000e98    r-x
  00000000    00000000    0000026c   0000026c    r-- .intvecs
  0000026c    0000026c    00000ad6   00000ad6    r-x .text
  00000d44    00000d44    00000120   00000120    r-- .const
  00000e68    00000e68    00000030   00000030    r-- .cinit
20000000    20000000    0000047c   00000000    rw-
  20000000    20000000    0000026c   00000000    rw- .vtable
  20000270    20000270    00000200   00000000    rw- .stack
  20000470    20000470    0000000c   00000000    rw- .data


SECTION ALLOCATION MAP

 output                                  attributes/
section   page    origin      length       input sections
--------  ----  ----------  ----------   ----------------
.intvecs   0    00000000    0000026c     
                  00000000    0000026c     tm4c123gh6pm_startup_ccs.obj (.intvecs)

.text      0    0000026c    00000ad6     
                  0000026c    00000338     main.obj (.text)
                  000005a4    0000016c     driverlib.lib : gpio.obj (.text:GPIOPadConfigSet)
                  00000710    00000118                   : sysctl.obj (.text:SysCtlClockGet)
                  00000828    000000f4                   : sysctl.obj (.text:SysCtlClockSet)
                  0000091c    0000009c     rtsv7M4_T_le_v4SPD16_eabi.lib : memcpy_t2.asm.obj (.text)
                  000009b8    00000068     driverlib.lib : interrupt.obj (.text:IntEnable)
                  00000a20    00000068     rtsv7M4_T_le_v4SPD16_eabi.lib : copy_decompress_lzss.c.obj (.text:decompress:lzss:__TI_decompress_lzss)
                  00000a88    00000060     driverlib.lib : timer.obj (.text:TimerConfigure)
                  00000ae8    0000004c                   : timer.obj (.text:_TimerIntNumberGet)
                  00000b34    00000044     rtsv7M4_T_le_v4SPD16_eabi.lib : autoinit.c.obj (.text:__TI_auto_init_nobinit_nopinit:__TI_auto_init_nobinit_nopinit)
                  00000b78    00000038     driverlib.lib : sysctl.obj (.text:SysCtlPeripheralReady)
                  00000bb0    00000034                   : interrupt.obj (.text:IntRegister)
                  00000be4    00000034                   : sysctl.obj (.text:SysCtlPeripheralEnable)
                  00000c18    00000034     rtsv7M4_T_le_v4SPD16_eabi.lib : boot_cortex_m.c.obj (.text:_c_int00_noargs:_c_int00_noargs)
                  00000c4c    0000002c     driverlib.lib : gpio.obj (.text:GPIODirModeSet)
                  00000c78    0000001c     rtsv7M4_T_le_v4SPD16_eabi.lib : copy_zero_init.c.obj (.text:decompress:ZI:__TI_zero_init_nomemset:__TI_zero_init_nomemset)
                  00000c94    0000001a     driverlib.lib : gpio.obj (.text:GPIOPinTypeGPIOOutput)
                  00000cae    00000018                   : timer.obj (.text:TimerIntRegister)
                  00000cc6    00000012                   : timer.obj (.text:TimerLoadSet)
                  00000cd8    00000010                   : interrupt.obj (.text:IntMasterEnable)
                  00000ce8    0000000e                   : timer.obj (.text:TimerEnable)
                  00000cf6    0000000e     rtsv7M4_T_le_v4SPD16_eabi.lib : copy_decompress_none.c.obj (.text:decompress:none:__TI_decompress_none)
                  00000d04    0000000c     driverlib.lib : cpu.obj (.text:CPUcpsie)
                  00000d10    0000000c     tm4c123gh6pm_startup_ccs.obj (.text)
                  00000d1c    00000008     driverlib.lib : timer.obj (.text:TimerIntEnable)
                  00000d24    00000006                   : gpio.obj (.text:GPIOPinRead)
                  00000d2a    00000006                   : gpio.obj (.text:GPIOPinWrite)
                  00000d30    00000006                   : sysctl.obj (.text:SysCtlDelay)
                  00000d36    00000004                   : timer.obj (.text:TimerIntClear)
                  00000d3a    00000004     rtsv7M4_T_le_v4SPD16_eabi.lib : pre_init.c.obj (.text:_system_pre_init)
                  00000d3e    00000004                                   : exit.c.obj (.text:abort:abort)

.const     0    00000d44    00000120     
                  00000d44    0000006c     driverlib.lib : sysctl.obj (.const:g_pui32Xtals)
                  00000db0    00000060                   : timer.obj (.const:g_ppui32TimerIntMap)
                  00000e10    00000040                   : timer.obj (.const:g_ppui32TimerIntMapSnowflake)
                  00000e50    00000014                   : interrupt.obj (.const:g_pui32EnRegs)

.cinit     0    00000e68    00000030     
                  00000e68    0000000c     (__TI_handler_table)
                  00000e74    00000004     --HOLE-- [fill = 0]
                  00000e78    00000008     (.cinit..vtable.load) [load image, compression = zero_init]
                  00000e80    00000007     (.cinit..data.load) [load image, compression = lzss]
                  00000e87    00000001     --HOLE-- [fill = 0]
                  00000e88    00000010     (__TI_cinit_table)

.init_array 
*          0    00000000    00000000     UNINITIALIZED

.vtable    0    20000000    0000026c     UNINITIALIZED
                  20000000    0000026c     driverlib.lib : interrupt.obj (.vtable)

.data      0    20000470    0000000c     UNINITIALIZED
                  20000470    0000000c     main.obj (.data)

.stack     0    20000270    00000200     UNINITIALIZED
                  20000270    00000004     rtsv7M4_T_le_v4SPD16_eabi.lib : boot_cortex_m.c.obj (.stack)
                  20000274    000001fc     --HOLE--

__llvm_prf_cnts 
*          0    20000000    00000000     UNINITIALIZED

MODULE SUMMARY

       Module                         code   ro data   rw data
       ------                         ----   -------   -------
    .\
       main.obj                       824    0         12     
       tm4c123gh6pm_startup_ccs.obj   12     620       0      
    +--+------------------------------+------+---------+---------+
       Total:                         836    620       12     
                                                              
    C:/ti/TivaWare_C_Series-2.2.0.295/driverlib/ccs/Debug/driverlib.lib
       interrupt.obj                  172    20        620    
       sysctl.obj                     638    108       0      
       gpio.obj                       446    0         0      
       timer.obj                      240    160       0      
       cpu.obj                        12     0         0      
    +--+------------------------------+------+---------+---------+
       Total:                         1508   288       620    
                                                              
    C:\ti\ccs1120\ccs\tools\compiler\ti-cgt-arm_20.2.5.LTS\lib\rtsv7M4_T_le_v4SPD16_eabi.lib
       memcpy_t2.asm.obj              156    0         0      
       copy_decompress_lzss.c.obj     104    0         0      
       autoinit.c.obj                 68     0         0      
       boot_cortex_m.c.obj            52     0         0      
       copy_zero_init.c.obj           28     0         0      
       copy_decompress_none.c.obj     14     0         0      
       exit.c.obj                     4      0         0      
       pre_init.c.obj                 4      0         0      
    +--+------------------------------+------+---------+---------+
       Total:                         430    0         0      
                                                              
       Stack:                         0      0         512    
       Linker Generated:              0      43        0      
    +--+------------------------------+------+---------+---------+
       Grand Total:                   2774   951       1144   


LINKER GENERATED COPY TABLES

__TI_cinit_table @ 00000e88 records: 2, size/record: 8, table size: 16
	.vtable: load addr=00000e78, load size=00000008 bytes, run addr=20000000, run size=0000026c bytes, compression=zero_init
	.data: load addr=00000e80, load size=00000007 bytes, run addr=20000470, run size=0000000c bytes, compression=lzss


LINKER GENERATED HANDLER TABLE

__TI_handler_table @ 00000e68 records: 3, size/record: 4, table size: 12
	index: 0, handler: __TI_zero_init
	index: 1, handler: __TI_decompress_lzss
	index: 2, handler: __TI_decompress_none


GLOBAL SYMBOLS: SORTED ALPHABETICALLY BY Name 

address   name                          
-------   ----                          
00000d3f  C$$EXIT                       
00000d05  CPUcpsie                      
00000c4d  GPIODirModeSet                
000005a5  GPIOPadConfigSet              
00000d25  GPIOPinRead                   
00000c95  GPIOPinTypeGPIOOutput         
00000d2b  GPIOPinWrite                  
000009b9  IntEnable                     
00000cd9  IntMasterEnable               
00000bb1  IntRegister                   
00000d11  ResetISR                      
00000279  SetInitSettings               
00000711  SysCtlClockGet                
00000829  SysCtlClockSet                
00000d31  SysCtlDelay                   
00000be5  SysCtlPeripheralEnable        
00000b79  SysCtlPeripheralReady         
00000a89  TimerConfigure                
00000ce9  TimerEnable                   
00000d37  TimerIntClear                 
00000d1d  TimerIntEnable                
00000caf  TimerIntRegister              
00000cc7  TimerLoadSet                  
20000470  __STACK_END                   
00000200  __STACK_SIZE                  
20000470  __STACK_TOP                   
00000e88  __TI_CINIT_Base               
00000e98  __TI_CINIT_Limit              
00000e68  __TI_Handler_Table_Base       
00000e74  __TI_Handler_Table_Limit      
00000b35  __TI_auto_init_nobinit_nopinit
00000a21  __TI_decompress_lzss          
00000cf7  __TI_decompress_none          
ffffffff  __TI_pprof_out_hndl           
ffffffff  __TI_prof_data_size           
ffffffff  __TI_prof_data_start          
00000000  __TI_static_base__            
00000c79  __TI_zero_init_nomemset       
0000091d  __aeabi_memcpy                
0000091d  __aeabi_memcpy4               
0000091d  __aeabi_memcpy8               
ffffffff  __binit__                     
ffffffff  __c_args__                    
UNDEFED   __mpu_init                    
20000270  __stack                       
20000000  __start___llvm_prf_cnts       
20000000  __stop___llvm_prf_cnts        
00000c19  _c_int00_noargs               
UNDEFED   _system_post_cinit            
00000d3b  _system_pre_init              
00000d3f  abort                         
ffffffff  binit                         
20000474  dakika                        
0000055b  delayMs                       
000004d9  format_time                   
20000000  g_pfnRAMVectors               
00000000  g_pfnVectors                  
000003dd  lcd_command                   
0000044d  lcd_data                      
0000035b  lcd_init                      
000004bd  lcd_print                     
0000026d  main                          
0000091d  memcpy                        
20000470  saat                          
20000478  saniye                        
000002d1  timerkesmefonksiyonu          


GLOBAL SYMBOLS: SORTED BY Symbol Address 

address   name                          
-------   ----                          
00000000  __TI_static_base__            
00000000  g_pfnVectors                  
00000200  __STACK_SIZE                  
0000026d  main                          
00000279  SetInitSettings               
000002d1  timerkesmefonksiyonu          
0000035b  lcd_init                      
000003dd  lcd_command                   
0000044d  lcd_data                      
000004bd  lcd_print                     
000004d9  format_time                   
0000055b  delayMs                       
000005a5  GPIOPadConfigSet              
00000711  SysCtlClockGet                
00000829  SysCtlClockSet                
0000091d  __aeabi_memcpy                
0000091d  __aeabi_memcpy4               
0000091d  __aeabi_memcpy8               
0000091d  memcpy                        
000009b9  IntEnable                     
00000a21  __TI_decompress_lzss          
00000a89  TimerConfigure                
00000b35  __TI_auto_init_nobinit_nopinit
00000b79  SysCtlPeripheralReady         
00000bb1  IntRegister                   
00000be5  SysCtlPeripheralEnable        
00000c19  _c_int00_noargs               
00000c4d  GPIODirModeSet                
00000c79  __TI_zero_init_nomemset       
00000c95  GPIOPinTypeGPIOOutput         
00000caf  TimerIntRegister              
00000cc7  TimerLoadSet                  
00000cd9  IntMasterEnable               
00000ce9  TimerEnable                   
00000cf7  __TI_decompress_none          
00000d05  CPUcpsie                      
00000d11  ResetISR                      
00000d1d  TimerIntEnable                
00000d25  GPIOPinRead                   
00000d2b  GPIOPinWrite                  
00000d31  SysCtlDelay                   
00000d37  TimerIntClear                 
00000d3b  _system_pre_init              
00000d3f  C$$EXIT                       
00000d3f  abort                         
00000e68  __TI_Handler_Table_Base       
00000e74  __TI_Handler_Table_Limit      
00000e88  __TI_CINIT_Base               
00000e98  __TI_CINIT_Limit              
20000000  __start___llvm_prf_cnts       
20000000  __stop___llvm_prf_cnts        
20000000  g_pfnRAMVectors               
20000270  __stack                       
20000470  __STACK_END                   
20000470  __STACK_TOP                   
20000470  saat                          
20000474  dakika                        
20000478  saniye                        
ffffffff  __TI_pprof_out_hndl           
ffffffff  __TI_prof_data_size           
ffffffff  __TI_prof_data_start          
ffffffff  __binit__                     
ffffffff  __c_args__                    
ffffffff  binit                         
UNDEFED   __mpu_init                    
UNDEFED   _system_post_cinit            

[66 symbols]
