******************************************************************************
                  TI ARM Linker PC v20.2.5                     
******************************************************************************
>> Linked Sat Oct 19 18:50:11 2024

OUTPUT FILE NAME:   <swodev2.1.out>
ENTRY POINT SYMBOL: "_c_int00_noinit_noargs"  address: 00000751


MEMORY CONFIGURATION

         name            origin    length      used     unused   attr    fill
----------------------  --------  ---------  --------  --------  ----  --------
  FLASH                 00000000   00040000  0000083e  0003f7c2  R  X
  SRAM                  20000000   00008000  00000200  00007e00  RW X


SEGMENT ALLOCATION MAP

run origin  load origin   length   init length attrs members
----------  ----------- ---------- ----------- ----- -------
00000000    00000000    00000840   00000840    r-x
  00000000    00000000    0000026c   0000026c    r-- .intvecs
  0000026c    0000026c    00000566   00000566    r-x .text
  000007d4    000007d4    0000006c   0000006c    r-- .const
20000000    20000000    00000200   00000000    rw-
  20000000    20000000    00000200   00000000    rw- .stack


SECTION ALLOCATION MAP

 output                                  attributes/
section   page    origin      length       input sections
--------  ----  ----------  ----------   ----------------
.intvecs   0    00000000    0000026c     
                  00000000    0000026c     tm4c123gh6pm_startup_ccs.obj (.intvecs)

.text      0    0000026c    00000566     
                  0000026c    0000016c     driverlib.lib : gpio.obj (.text:GPIOPadConfigSet)
                  000003d8    00000118                   : sysctl.obj (.text:SysCtlClockGet)
                  000004f0    0000010c     main.obj (.text)
                  000005fc    000000f4     driverlib.lib : sysctl.obj (.text:SysCtlClockSet)
                  000006f0    00000034                   : sysctl.obj (.text:SysCtlPeripheralEnable)
                  00000724    0000002c                   : gpio.obj (.text:GPIODirModeSet)
                  00000750    0000002c     rtsv7M4_T_le_v4SPD16_eabi.lib : boot_cortex_m.c.obj (.text:_c_int00_noinit_noargs:_c_int00_noinit_noargs)
                  0000077c    0000001a     driverlib.lib : gpio.obj (.text:GPIOPinTypeGPIOOutput)
                  00000796    00000016                   : gpio.obj (.text:GPIOPinTypeGPIOInput)
                  000007ac    0000000c     tm4c123gh6pm_startup_ccs.obj (.text)
                  000007b8    00000006     driverlib.lib : gpio.obj (.text:GPIOPinRead)
                  000007be    00000006                   : gpio.obj (.text:GPIOPinWrite)
                  000007c4    00000006                   : sysctl.obj (.text:SysCtlDelay)
                  000007ca    00000004     rtsv7M4_T_le_v4SPD16_eabi.lib : pre_init.c.obj (.text:_system_pre_init)
                  000007ce    00000004                                   : exit.c.obj (.text:abort:abort)

.const     0    000007d4    0000006c     
                  000007d4    0000006c     driverlib.lib : sysctl.obj (.const:g_pui32Xtals)

.cinit     0    00000000    00000000     UNINITIALIZED

.init_array 
*          0    00000000    00000000     UNINITIALIZED

.stack     0    20000000    00000200     UNINITIALIZED
                  20000000    00000004     rtsv7M4_T_le_v4SPD16_eabi.lib : boot_cortex_m.c.obj (.stack)
                  20000004    000001fc     --HOLE--

__llvm_prf_cnts 
*          0    20000000    00000000     UNINITIALIZED

MODULE SUMMARY

       Module                         code   ro data   rw data
       ------                         ----   -------   -------
    .\
       tm4c123gh6pm_startup_ccs.obj   12     620       0      
       main.obj                       268    0         0      
    +--+------------------------------+------+---------+---------+
       Total:                         280    620       0      
                                                              
    C:/ti/TivaWare_C_Series-2.2.0.295/driverlib/ccs/Debug/driverlib.lib
       sysctl.obj                     582    108       0      
       gpio.obj                       468    0         0      
    +--+------------------------------+------+---------+---------+
       Total:                         1050   108       0      
                                                              
    C:\ti\ccs1120\ccs\tools\compiler\ti-cgt-arm_20.2.5.LTS\lib\rtsv7M4_T_le_v4SPD16_eabi.lib
       boot_cortex_m.c.obj            44     0         0      
       exit.c.obj                     4      0         0      
       pre_init.c.obj                 4      0         0      
    +--+------------------------------+------+---------+---------+
       Total:                         52     0         0      
                                                              
       Stack:                         0      0         512    
    +--+------------------------------+------+---------+---------+
       Grand Total:                   1382   728       512    


GLOBAL SYMBOLS: SORTED ALPHABETICALLY BY Name 

address   name                   
-------   ----                   
000007cf  C$$EXIT                
00000725  GPIODirModeSet         
0000026d  GPIOPadConfigSet       
000007b9  GPIOPinRead            
00000797  GPIOPinTypeGPIOInput   
0000077d  GPIOPinTypeGPIOOutput  
000007bf  GPIOPinWrite           
000007ad  ResetISR               
000003d9  SysCtlClockGet         
000005fd  SysCtlClockSet         
000007c5  SysCtlDelay            
000006f1  SysCtlPeripheralEnable 
20000200  __STACK_END            
00000200  __STACK_SIZE           
20000200  __STACK_TOP            
ffffffff  __TI_pprof_out_hndl    
ffffffff  __TI_prof_data_size    
ffffffff  __TI_prof_data_start   
00000000  __TI_static_base__     
ffffffff  __binit__              
ffffffff  __c_args__             
UNDEFED   __mpu_init             
20000000  __stack                
20000000  __start___llvm_prf_cnts
20000000  __stop___llvm_prf_cnts 
00000751  _c_int00_noinit_noargs 
000007cb  _system_pre_init       
000007cf  abort                  
ffffffff  binit                  
00000581  degeral                
00000595  degerata               
00000000  g_pfnVectors           
00000575  gecikme                
000004f1  main                   
000005b1  surearttir             
000005c5  sureazalt              


GLOBAL SYMBOLS: SORTED BY Symbol Address 

address   name                   
-------   ----                   
00000000  __TI_static_base__     
00000000  g_pfnVectors           
00000200  __STACK_SIZE           
0000026d  GPIOPadConfigSet       
000003d9  SysCtlClockGet         
000004f1  main                   
00000575  gecikme                
00000581  degeral                
00000595  degerata               
000005b1  surearttir             
000005c5  sureazalt              
000005fd  SysCtlClockSet         
000006f1  SysCtlPeripheralEnable 
00000725  GPIODirModeSet         
00000751  _c_int00_noinit_noargs 
0000077d  GPIOPinTypeGPIOOutput  
00000797  GPIOPinTypeGPIOInput   
000007ad  ResetISR               
000007b9  GPIOPinRead            
000007bf  GPIOPinWrite           
000007c5  SysCtlDelay            
000007cb  _system_pre_init       
000007cf  C$$EXIT                
000007cf  abort                  
20000000  __stack                
20000000  __start___llvm_prf_cnts
20000000  __stop___llvm_prf_cnts 
20000200  __STACK_END            
20000200  __STACK_TOP            
ffffffff  __TI_pprof_out_hndl    
ffffffff  __TI_prof_data_size    
ffffffff  __TI_prof_data_start   
ffffffff  __binit__              
ffffffff  __c_args__             
ffffffff  binit                  
UNDEFED   __mpu_init             

[36 symbols]
