******************************************************************************
                  TI ARM Linker PC v20.2.5                     
******************************************************************************
>> Linked Fri Dec  6 17:05:09 2024

OUTPUT FILE NAME:   <lasthomework.1.out>
ENTRY POINT SYMBOL: "_c_int00_noargs"  address: 00004091


MEMORY CONFIGURATION

         name            origin    length      used     unused   attr    fill
----------------------  --------  ---------  --------  --------  ----  --------
  FLASH                 00000000   00040000  00004842  0003b7be  R  X
  SRAM                  20000000   00008000  00000470  00007b90  RW X


SEGMENT ALLOCATION MAP

run origin  load origin   length   init length attrs members
----------  ----------- ---------- ----------- ----- -------
00000000    00000000    00004848   00004848    r-x
  00000000    00000000    0000026c   0000026c    r-- .intvecs
  0000026c    0000026c    00003ffe   00003ffe    r-x .text
  0000426c    0000426c    000005a8   000005a8    r-- .const
  00004818    00004818    00000030   00000030    r-- .cinit
20000000    20000000    00000470   00000000    rw-
  20000000    20000000    0000026c   00000000    rw- .vtable
  2000026c    2000026c    00000004   00000000    rw- .data
  20000270    20000270    00000200   00000000    rw- .stack


SECTION ALLOCATION MAP

 output                                  attributes/
section   page    origin      length       input sections
--------  ----  ----------  ----------   ----------------
.intvecs   0    00000000    0000026c     
                  00000000    0000026c     tm4c123gh6pm_startup_ccs.obj (.intvecs)

.text      0    0000026c    00003ffe     
                  0000026c    00001e18     lcd.obj (.text)
                  00002084    00000a4e     rtsv7M4_T_le_v4SPD16_eabi.lib : _printfi.c.obj (.text:__TI_printfi)
                  00002ad2    00000002     driverlib.lib : interrupt.obj (.text:_IntDefaultHandler)
                  00002ad4    00000270     rtsv7M4_T_le_v4SPD16_eabi.lib : _printfi.c.obj (.text:_pconv_a)
                  00002d44    000001d0                                   : _printfi.c.obj (.text:_pconv_g)
                  00002f14    000001b6                                   : fd_add_t2.asm.obj (.text)
                  000030ca    00000002                                   : div0.asm.obj (.text)
                  000030cc    0000013c                                   : _printfi.c.obj (.text:_pconv_e)
                  00003208    00000136                                   : fd_div_t2.asm.obj (.text)
                  0000333e    00000002     --HOLE-- [fill = 0]
                  00003340    00000124                                   : _printfi.c.obj (.text:fcvt)
                  00003464    00000120     main.obj (.text)
                  00003584    00000110     rtsv7M4_T_le_v4SPD16_eabi.lib : s_scalbn.c.obj (.text:scalbn)
                  00003694    000000fc                                   : fd_mul_t2.asm.obj (.text)
                  00003790    000000b1                                   : _printfi.c.obj (.text:_ltostr)
                  00003841    00000001     --HOLE-- [fill = 0]
                  00003842    0000009c                                   : memcpy_t2.asm.obj (.text)
                  000038de    00000096                                   : ull_div_t2.asm.obj (.text)
                  00003974    00000086                                   : fd_cmp_t2.asm.obj (.text:__aeabi_cdcmple)
                  000039fa    00000086                                   : fd_cmp_t2.asm.obj (.text:__aeabi_cdrcmple)
                  00003a80    0000007a     driverlib.lib : adc.obj (.text:ADCSequenceStepConfigure)
                  00003afa    0000007a     rtsv7M4_T_le_v4SPD16_eabi.lib : memset_t2.asm.obj (.text)
                  00003b74    0000006e                                   : _printfi.c.obj (.text:_mcpy)
                  00003be2    00000002     --HOLE-- [fill = 0]
                  00003be4    00000068     driverlib.lib : interrupt.obj (.text:IntDisable)
                  00003c4c    00000068                   : interrupt.obj (.text:IntEnable)
                  00003cb4    00000068     rtsv7M4_T_le_v4SPD16_eabi.lib : copy_decompress_lzss.c.obj (.text:decompress:lzss:__TI_decompress_lzss)
                  00003d1c    00000064                                   : s_frexp.c.obj (.text:frexp)
                  00003d80    00000056                                   : _printfi.c.obj (.text:_pconv_f)
                  00003dd6    00000054                                   : _ltoa.c.obj (.text:__TI_ltoa)
                  00003e2a    00000052                                   : _printfi.c.obj (.text:_ecpy)
                  00003e7c    0000004e     driverlib.lib : adc.obj (.text:ADCSequenceConfigure)
                  00003eca    00000002     --HOLE-- [fill = 0]
                  00003ecc    0000004c     rtsv7M4_T_le_v4SPD16_eabi.lib : atoi.c.obj (.text:atoi)
                  00003f18    00000048                                   : fd_toi_t2.asm.obj (.text)
                  00003f60    00000044                                   : autoinit.c.obj (.text:__TI_auto_init_nobinit_nopinit:__TI_auto_init_nobinit_nopinit)
                  00003fa4    00000040                                   : sprintf.c.obj (.text:sprintf)
                  00003fe4    0000003e                                   : _printfi.c.obj (.text:_fcpy)
                  00004022    00000038                                   : fs_tod_t2.asm.obj (.text)
                  0000405a    00000002     --HOLE-- [fill = 0]
                  0000405c    00000034     driverlib.lib : interrupt.obj (.text:IntRegister)
                  00004090    00000034     rtsv7M4_T_le_v4SPD16_eabi.lib : boot_cortex_m.c.obj (.text:_c_int00_noargs:_c_int00_noargs)
                  000040c4    0000002e     driverlib.lib : adc.obj (.text:ADCIntStatus)
                  000040f2    0000002e     rtsv7M4_T_le_v4SPD16_eabi.lib : i_tofd_t2.asm.obj (.text)
                  00004120    0000001e     driverlib.lib : adc.obj (.text:ADCSequenceDataGet)
                  0000413e    0000001c     rtsv7M4_T_le_v4SPD16_eabi.lib : copy_zero_init.c.obj (.text:decompress:ZI:__TI_zero_init_nomemset:__TI_zero_init_nomemset)
                  0000415a    0000001c                                   : memccpy.c.obj (.text:memccpy)
                  00004176    0000001a                                   : s_copysign.c.obj (.text:copysign)
                  00004190    00000018     driverlib.lib : adc.obj (.text:ADCProcessorTrigger)
                  000041a8    00000018     rtsv7M4_T_le_v4SPD16_eabi.lib : sprintf.c.obj (.text:_outs)
                  000041c0    00000016                                   : strchr.c.obj (.text:strchr)
                  000041d6    00000002     --HOLE-- [fill = 0]
                  000041d8    00000014     driverlib.lib : interrupt.obj (.text:IntUnregister)
                  000041ec    00000014     rtsv7M4_T_le_v4SPD16_eabi.lib : strlen.c.obj (.text:strlen)
                  00004200    00000012                                   : wcslen.c.obj (.text:wcslen)
                  00004212    0000000e     driverlib.lib : adc.obj (.text:ADCSequenceEnable)
                  00004220    0000000e     rtsv7M4_T_le_v4SPD16_eabi.lib : copy_decompress_none.c.obj (.text:decompress:none:__TI_decompress_none)
                  0000422e    0000000c     tm4c123gh6pm_startup_ccs.obj (.text)
                  0000423a    0000000a     driverlib.lib : adc.obj (.text:ADCIntClear)
                  00004244    0000000a     rtsv7M4_T_le_v4SPD16_eabi.lib : sprintf.c.obj (.text:_outc)
                  0000424e    00000002     --HOLE-- [fill = 0]
                  00004250    00000008                                   : errno.c.obj (.text:__aeabi_errno_addr)
                  00004258    00000006     lcd.obj (.text:SysCtlDelay)
                  0000425e    00000004     driverlib.lib : cpu.obj (.text:CPUwfi)
                  00004262    00000004     rtsv7M4_T_le_v4SPD16_eabi.lib : pre_init.c.obj (.text:_system_pre_init)
                  00004266    00000004                                   : exit.c.obj (.text:abort:abort)

.const     0    0000426c    000005a8     
                  0000426c    000001b0     lcd.obj (.const:g_pppui32XTALtoVCO)
                  0000441c    00000101     rtsv7M4_T_le_v4SPD16_eabi.lib : ctype.c.obj (.const:.string:_ctypes_)
                  0000451d    00000003     --HOLE-- [fill = 0]
                  00004520    000000d8     lcd.obj (.const:g_ppui32GPIOIntMapSnowflake)
                  000045f8    000000c0     lcd.obj (.const:g_ppui32GPIOIntMapBlizzard)
                  000046b8    00000090     lcd.obj (.const:g_pui32GPIOBaseAddrs)
                  00004748    0000006c     lcd.obj (.const:g_pui32Xtals)
                  000047b4    00000030     lcd.obj (.const:g_sXTALtoMEMTIM)
                  000047e4    00000014     driverlib.lib : interrupt.obj (.const:g_pui32Dii16Regs)
                  000047f8    00000014                   : interrupt.obj (.const:g_pui32EnRegs)
                  0000480c    00000008     lcd.obj (.const:g_pui32VCOFrequencies)

.cinit     0    00004818    00000030     
                  00004818    0000000c     (__TI_handler_table)
                  00004824    00000004     --HOLE-- [fill = 0]
                  00004828    00000008     (.cinit..vtable.load) [load image, compression = zero_init]
                  00004830    00000007     (.cinit..data.load) [load image, compression = lzss]
                  00004837    00000001     --HOLE-- [fill = 0]
                  00004838    00000010     (__TI_cinit_table)

.init_array 
*          0    00000000    00000000     UNINITIALIZED

.vtable    0    20000000    0000026c     UNINITIALIZED
                  20000000    0000026c     driverlib.lib : interrupt.obj (.vtable)

.data      0    2000026c    00000004     UNINITIALIZED
                  2000026c    00000004     rtsv7M4_T_le_v4SPD16_eabi.lib : errno.c.obj (.data)

.stack     0    20000270    00000200     UNINITIALIZED
                  20000270    00000004     rtsv7M4_T_le_v4SPD16_eabi.lib : boot_cortex_m.c.obj (.stack)
                  20000274    000001fc     --HOLE--

__llvm_prf_cnts 
*          0    20000000    00000000     UNINITIALIZED

MODULE SUMMARY

       Module                         code    ro data   rw data
       ------                         ----    -------   -------
    .\
       lcd.obj                        7710    1148      0      
       tm4c123gh6pm_startup_ccs.obj   12      620       0      
       main.obj                       288     0         0      
    +--+------------------------------+-------+---------+---------+
       Total:                         8010    1768      0      
                                                               
    C:/ti/TivaWare_C_Series-2.2.0.295/driverlib/ccs/Debug/driverlib.lib
       interrupt.obj                  282     40        620    
       adc.obj                        324     0         0      
       cpu.obj                        4       0         0      
    +--+------------------------------+-------+---------+---------+
       Total:                         610     40        620    
                                                               
    C:\ti\ccs1120\ccs\tools\compiler\ti-cgt-arm_20.2.5.LTS\lib\rtsv7M4_T_le_v4SPD16_eabi.lib
       _printfi.c.obj                 4851    0         0      
       fd_add_t2.asm.obj              438     0         0      
       fd_div_t2.asm.obj              310     0         0      
       s_scalbn.c.obj                 272     0         0      
       fd_cmp_t2.asm.obj              268     0         0      
       ctype.c.obj                    0       257       0      
       fd_mul_t2.asm.obj              252     0         0      
       memcpy_t2.asm.obj              156     0         0      
       ull_div_t2.asm.obj             150     0         0      
       memset_t2.asm.obj              122     0         0      
       copy_decompress_lzss.c.obj     104     0         0      
       s_frexp.c.obj                  100     0         0      
       sprintf.c.obj                  98      0         0      
       _ltoa.c.obj                    84      0         0      
       atoi.c.obj                     76      0         0      
       fd_toi_t2.asm.obj              72      0         0      
       autoinit.c.obj                 68      0         0      
       fs_tod_t2.asm.obj              56      0         0      
       boot_cortex_m.c.obj            52      0         0      
       i_tofd_t2.asm.obj              46      0         0      
       copy_zero_init.c.obj           28      0         0      
       memccpy.c.obj                  28      0         0      
       s_copysign.c.obj               26      0         0      
       strchr.c.obj                   22      0         0      
       strlen.c.obj                   20      0         0      
       wcslen.c.obj                   18      0         0      
       copy_decompress_none.c.obj     14      0         0      
       errno.c.obj                    8       0         4      
       exit.c.obj                     4       0         0      
       pre_init.c.obj                 4       0         0      
       div0.asm.obj                   2       0         0      
    +--+------------------------------+-------+---------+---------+
       Total:                         7749    257       4      
                                                               
       Stack:                         0       0         512    
       Linker Generated:              0       43        0      
    +--+------------------------------+-------+---------+---------+
       Grand Total:                   16369   2108      1136   


LINKER GENERATED COPY TABLES

__TI_cinit_table @ 00004838 records: 2, size/record: 8, table size: 16
	.vtable: load addr=00004828, load size=00000008 bytes, run addr=20000000, run size=0000026c bytes, compression=zero_init
	.data: load addr=00004830, load size=00000007 bytes, run addr=2000026c, run size=00000004 bytes, compression=lzss


LINKER GENERATED HANDLER TABLE

__TI_handler_table @ 00004818 records: 3, size/record: 4, table size: 12
	index: 0, handler: __TI_zero_init
	index: 1, handler: __TI_decompress_lzss
	index: 2, handler: __TI_decompress_none


GLOBAL SYMBOLS: SORTED ALPHABETICALLY BY Name 

address   name                            
-------   ----                            
0000423b  ADCIntClear                     
000040c5  ADCIntStatus                    
00004191  ADCProcessorTrigger             
00003e7d  ADCSequenceConfigure            
00004121  ADCSequenceDataGet              
00004213  ADCSequenceEnable               
00003a81  ADCSequenceStepConfigure        
000034f1  ADC_Init                        
00004267  C$$EXIT                         
0000425f  CPUwfi                          
0000200d  DisplayTemperature              
00000e31  GPIOADCTriggerDisable           
00000e13  GPIOADCTriggerEnable            
00000df5  GPIODMATriggerDisable           
00000dd7  GPIODMATriggerEnable            
00000327  GPIODirModeGet                  
000002cb  GPIODirModeSet                  
000008e1  GPIOIntClear                    
000008a5  GPIOIntDisable                  
00000881  GPIOIntEnable                   
000008f5  GPIOIntRegister                 
0000092d  GPIOIntRegisterPin              
000008bf  GPIOIntStatus                   
00000417  GPIOIntTypeGet                  
00000373  GPIOIntTypeSet                  
00000913  GPIOIntUnregister               
0000095b  GPIOIntUnregisterPin            
0000070f  GPIOPadConfigGet                
000004a1  GPIOPadConfigSet                
00000d79  GPIOPinConfigure                
0000097f  GPIOPinRead                     
000009b7  GPIOPinTypeADC                  
000009db  GPIOPinTypeCAN                  
000009ff  GPIOPinTypeComparator           
00000a23  GPIOPinTypeComparatorOutput     
00000a47  GPIOPinTypeDIVSCLK              
00000a6b  GPIOPinTypeEPI                  
00000a8f  GPIOPinTypeEthernetLED          
00000ab3  GPIOPinTypeEthernetMII          
00000ad7  GPIOPinTypeGPIOInput            
00000afb  GPIOPinTypeGPIOOutput           
00000b25  GPIOPinTypeGPIOOutputOD         
00000b49  GPIOPinTypeHibernateRTCCLK      
00000b6d  GPIOPinTypeI2C                  
00000b91  GPIOPinTypeI2CSCL               
00000bb5  GPIOPinTypeLCD                  
00000bd9  GPIOPinTypeOneWire              
00000bfd  GPIOPinTypePWM                  
00000c21  GPIOPinTypeQEI                  
00000c45  GPIOPinTypeSSI                  
00000c69  GPIOPinTypeTimer                
00000c8d  GPIOPinTypeTrace                
00000cb1  GPIOPinTypeUART                 
00000cd5  GPIOPinTypeUSBAnalog            
00000cf9  GPIOPinTypeUSBDigital           
00000d1d  GPIOPinTypeWakeHigh             
00000d43  GPIOPinTypeWakeLow              
00000d69  GPIOPinWakeStatus               
00000997  GPIOPinWrite                    
00000e4f  GPIOUnlockPin                   
00003be5  IntDisable                      
00003c4d  IntEnable                       
0000405d  IntRegister                     
000041d9  IntUnregister                   
00001fb7  LCDTemizle                      
00001fd1  LCDgit                          
00001f01  LCDilkayarlar                   
00003529  ReadADC                         
0000422f  ResetISR                        
00001db9  SysCtlAltClkConfig              
000014e5  SysCtlClockFreqSet              
000019ad  SysCtlClockGet                  
00001d9d  SysCtlClockOutConfig            
000017dd  SysCtlClockSet                  
000013e9  SysCtlDeepSleep                 
00001b6d  SysCtlDeepSleepClockConfigSet   
00001b4f  SysCtlDeepSleepClockSet         
000013c9  SysCtlDeepSleepPowerSet         
00004259  SysCtlDelay                     
00000f6b  SysCtlFlashSectorSizeGet        
00000f3f  SysCtlFlashSizeGet              
00001c43  SysCtlGPIOAHBDisable            
00001c27  SysCtlGPIOAHBEnable             
0000135d  SysCtlIntClear                  
00001349  SysCtlIntDisable                
00001331  SysCtlIntEnable                 
0000130d  SysCtlIntRegister               
0000136d  SysCtlIntStatus                 
00001321  SysCtlIntUnregister             
000013af  SysCtlLDODeepSleepGet           
0000139f  SysCtlLDODeepSleepSet           
00001399  SysCtlLDOSleepGet               
00001389  SysCtlLDOSleepSet               
0000141f  SysCtlMOSCConfigSet             
00001d81  SysCtlNMIClear                  
00001d69  SysCtlNMIStatus                 
00001435  SysCtlPIOSCCalibrate            
00001c11  SysCtlPWMClockGet               
00001bf7  SysCtlPWMClockSet               
000012b5  SysCtlPeripheralClockGating     
00001271  SysCtlPeripheralDeepSleepDisable
0000121d  SysCtlPeripheralDeepSleepEnable 
00001159  SysCtlPeripheralDisable         
00001119  SysCtlPeripheralEnable          
0000104d  SysCtlPeripheralPowerOff        
00001011  SysCtlPeripheralPowerOn         
00000f91  SysCtlPeripheralPresent         
00000fd1  SysCtlPeripheralReady           
00001091  SysCtlPeripheralReset           
000011e1  SysCtlPeripheralSleepDisable    
0000119d  SysCtlPeripheralSleepEnable     
000013d9  SysCtlReset                     
00001495  SysCtlResetBehaviorGet          
00001485  SysCtlResetBehaviorSet          
0000140b  SysCtlResetCauseClear           
00001405  SysCtlResetCauseGet             
00000f35  SysCtlSRAMSizeGet               
000013e1  SysCtlSleep                     
000013b5  SysCtlSleepPowerSet             
00001c6b  SysCtlUSBPLLDisable             
00001c5f  SysCtlUSBPLLEnable              
00001cb1  SysCtlVCOGet                    
00001c99  SysCtlVoltageEventClear         
00001c7d  SysCtlVoltageEventConfig        
00001c8d  SysCtlVoltageEventStatus        
20000470  __STACK_END                     
00000200  __STACK_SIZE                    
20000470  __STACK_TOP                     
00004838  __TI_CINIT_Base                 
00004848  __TI_CINIT_Limit                
00004818  __TI_Handler_Table_Base         
00004824  __TI_Handler_Table_Limit        
00003f61  __TI_auto_init_nobinit_nopinit  
00003cb5  __TI_decompress_lzss            
00004221  __TI_decompress_none            
00003dd7  __TI_ltoa                       
ffffffff  __TI_pprof_out_hndl             
00002085  __TI_printfi                    
ffffffff  __TI_prof_data_size             
ffffffff  __TI_prof_data_start            
00000000  __TI_static_base__              
0000413f  __TI_zero_init_nomemset         
00003975  __aeabi_cdcmpeq                 
00003975  __aeabi_cdcmple                 
000039fb  __aeabi_cdrcmple                
00003f19  __aeabi_d2iz                    
00002f1f  __aeabi_dadd                    
00003209  __aeabi_ddiv                    
00003695  __aeabi_dmul                    
00002f15  __aeabi_dsub                    
00004251  __aeabi_errno_addr              
00004023  __aeabi_f2d                     
000040f3  __aeabi_i2d                     
000030cb  __aeabi_idiv0                   
000030cb  __aeabi_ldiv0                   
00003afb  __aeabi_memclr                  
00003afb  __aeabi_memclr4                 
00003afb  __aeabi_memclr8                 
00003843  __aeabi_memcpy                  
00003843  __aeabi_memcpy4                 
00003843  __aeabi_memcpy8                 
00003afd  __aeabi_memset                  
00003afd  __aeabi_memset4                 
00003afd  __aeabi_memset8                 
000038df  __aeabi_uldivmod                
ffffffff  __binit__                       
ffffffff  __c_args__                      
UNDEFED   __mpu_init                      
20000270  __stack                         
20000000  __start___llvm_prf_cnts         
20000000  __stop___llvm_prf_cnts          
00004091  _c_int00_noargs                 
0000441c  _ctypes_                        
UNDEFED   _system_post_cinit              
00004263  _system_pre_init                
00004267  abort                           
00003ecd  atoi                            
ffffffff  binit                           
00004177  copysign                        
00004177  copysignl                       
2000026c  errno                           
00003d1d  frexp                           
00003d1d  frexpl                          
20000000  g_pfnRAMVectors                 
00000000  g_pfnVectors                    
00001f81  lcdfonksiyonayarla              
00001e89  lcdkarakteryaz                  
00001e03  lcdkomut                        
00003585  ldexp                           
00003585  ldexpl                          
00003465  main                            
0000415b  memccpy                         
00003843  memcpy                          
00003b03  memset                          
00001dc9  otuzhexgonder                   
00003585  scalbn                          
00003585  scalbnl                         
00003fa5  sprintf                         
000041c1  strchr                          
000041ed  strlen                          
00004201  wcslen                          


GLOBAL SYMBOLS: SORTED BY Symbol Address 

address   name                            
-------   ----                            
00000000  __TI_static_base__              
00000000  g_pfnVectors                    
00000200  __STACK_SIZE                    
000002cb  GPIODirModeSet                  
00000327  GPIODirModeGet                  
00000373  GPIOIntTypeSet                  
00000417  GPIOIntTypeGet                  
000004a1  GPIOPadConfigSet                
0000070f  GPIOPadConfigGet                
00000881  GPIOIntEnable                   
000008a5  GPIOIntDisable                  
000008bf  GPIOIntStatus                   
000008e1  GPIOIntClear                    
000008f5  GPIOIntRegister                 
00000913  GPIOIntUnregister               
0000092d  GPIOIntRegisterPin              
0000095b  GPIOIntUnregisterPin            
0000097f  GPIOPinRead                     
00000997  GPIOPinWrite                    
000009b7  GPIOPinTypeADC                  
000009db  GPIOPinTypeCAN                  
000009ff  GPIOPinTypeComparator           
00000a23  GPIOPinTypeComparatorOutput     
00000a47  GPIOPinTypeDIVSCLK              
00000a6b  GPIOPinTypeEPI                  
00000a8f  GPIOPinTypeEthernetLED          
00000ab3  GPIOPinTypeEthernetMII          
00000ad7  GPIOPinTypeGPIOInput            
00000afb  GPIOPinTypeGPIOOutput           
00000b25  GPIOPinTypeGPIOOutputOD         
00000b49  GPIOPinTypeHibernateRTCCLK      
00000b6d  GPIOPinTypeI2C                  
00000b91  GPIOPinTypeI2CSCL               
00000bb5  GPIOPinTypeLCD                  
00000bd9  GPIOPinTypeOneWire              
00000bfd  GPIOPinTypePWM                  
00000c21  GPIOPinTypeQEI                  
00000c45  GPIOPinTypeSSI                  
00000c69  GPIOPinTypeTimer                
00000c8d  GPIOPinTypeTrace                
00000cb1  GPIOPinTypeUART                 
00000cd5  GPIOPinTypeUSBAnalog            
00000cf9  GPIOPinTypeUSBDigital           
00000d1d  GPIOPinTypeWakeHigh             
00000d43  GPIOPinTypeWakeLow              
00000d69  GPIOPinWakeStatus               
00000d79  GPIOPinConfigure                
00000dd7  GPIODMATriggerEnable            
00000df5  GPIODMATriggerDisable           
00000e13  GPIOADCTriggerEnable            
00000e31  GPIOADCTriggerDisable           
00000e4f  GPIOUnlockPin                   
00000f35  SysCtlSRAMSizeGet               
00000f3f  SysCtlFlashSizeGet              
00000f6b  SysCtlFlashSectorSizeGet        
00000f91  SysCtlPeripheralPresent         
00000fd1  SysCtlPeripheralReady           
00001011  SysCtlPeripheralPowerOn         
0000104d  SysCtlPeripheralPowerOff        
00001091  SysCtlPeripheralReset           
00001119  SysCtlPeripheralEnable          
00001159  SysCtlPeripheralDisable         
0000119d  SysCtlPeripheralSleepEnable     
000011e1  SysCtlPeripheralSleepDisable    
0000121d  SysCtlPeripheralDeepSleepEnable 
00001271  SysCtlPeripheralDeepSleepDisable
000012b5  SysCtlPeripheralClockGating     
0000130d  SysCtlIntRegister               
00001321  SysCtlIntUnregister             
00001331  SysCtlIntEnable                 
00001349  SysCtlIntDisable                
0000135d  SysCtlIntClear                  
0000136d  SysCtlIntStatus                 
00001389  SysCtlLDOSleepSet               
00001399  SysCtlLDOSleepGet               
0000139f  SysCtlLDODeepSleepSet           
000013af  SysCtlLDODeepSleepGet           
000013b5  SysCtlSleepPowerSet             
000013c9  SysCtlDeepSleepPowerSet         
000013d9  SysCtlReset                     
000013e1  SysCtlSleep                     
000013e9  SysCtlDeepSleep                 
00001405  SysCtlResetCauseGet             
0000140b  SysCtlResetCauseClear           
0000141f  SysCtlMOSCConfigSet             
00001435  SysCtlPIOSCCalibrate            
00001485  SysCtlResetBehaviorSet          
00001495  SysCtlResetBehaviorGet          
000014e5  SysCtlClockFreqSet              
000017dd  SysCtlClockSet                  
000019ad  SysCtlClockGet                  
00001b4f  SysCtlDeepSleepClockSet         
00001b6d  SysCtlDeepSleepClockConfigSet   
00001bf7  SysCtlPWMClockSet               
00001c11  SysCtlPWMClockGet               
00001c27  SysCtlGPIOAHBEnable             
00001c43  SysCtlGPIOAHBDisable            
00001c5f  SysCtlUSBPLLEnable              
00001c6b  SysCtlUSBPLLDisable             
00001c7d  SysCtlVoltageEventConfig        
00001c8d  SysCtlVoltageEventStatus        
00001c99  SysCtlVoltageEventClear         
00001cb1  SysCtlVCOGet                    
00001d69  SysCtlNMIStatus                 
00001d81  SysCtlNMIClear                  
00001d9d  SysCtlClockOutConfig            
00001db9  SysCtlAltClkConfig              
00001dc9  otuzhexgonder                   
00001e03  lcdkomut                        
00001e89  lcdkarakteryaz                  
00001f01  LCDilkayarlar                   
00001f81  lcdfonksiyonayarla              
00001fb7  LCDTemizle                      
00001fd1  LCDgit                          
0000200d  DisplayTemperature              
00002085  __TI_printfi                    
00002f15  __aeabi_dsub                    
00002f1f  __aeabi_dadd                    
000030cb  __aeabi_idiv0                   
000030cb  __aeabi_ldiv0                   
00003209  __aeabi_ddiv                    
00003465  main                            
000034f1  ADC_Init                        
00003529  ReadADC                         
00003585  ldexp                           
00003585  ldexpl                          
00003585  scalbn                          
00003585  scalbnl                         
00003695  __aeabi_dmul                    
00003843  __aeabi_memcpy                  
00003843  __aeabi_memcpy4                 
00003843  __aeabi_memcpy8                 
00003843  memcpy                          
000038df  __aeabi_uldivmod                
00003975  __aeabi_cdcmpeq                 
00003975  __aeabi_cdcmple                 
000039fb  __aeabi_cdrcmple                
00003a81  ADCSequenceStepConfigure        
00003afb  __aeabi_memclr                  
00003afb  __aeabi_memclr4                 
00003afb  __aeabi_memclr8                 
00003afd  __aeabi_memset                  
00003afd  __aeabi_memset4                 
00003afd  __aeabi_memset8                 
00003b03  memset                          
00003be5  IntDisable                      
00003c4d  IntEnable                       
00003cb5  __TI_decompress_lzss            
00003d1d  frexp                           
00003d1d  frexpl                          
00003dd7  __TI_ltoa                       
00003e7d  ADCSequenceConfigure            
00003ecd  atoi                            
00003f19  __aeabi_d2iz                    
00003f61  __TI_auto_init_nobinit_nopinit  
00003fa5  sprintf                         
00004023  __aeabi_f2d                     
0000405d  IntRegister                     
00004091  _c_int00_noargs                 
000040c5  ADCIntStatus                    
000040f3  __aeabi_i2d                     
00004121  ADCSequenceDataGet              
0000413f  __TI_zero_init_nomemset         
0000415b  memccpy                         
00004177  copysign                        
00004177  copysignl                       
00004191  ADCProcessorTrigger             
000041c1  strchr                          
000041d9  IntUnregister                   
000041ed  strlen                          
00004201  wcslen                          
00004213  ADCSequenceEnable               
00004221  __TI_decompress_none            
0000422f  ResetISR                        
0000423b  ADCIntClear                     
00004251  __aeabi_errno_addr              
00004259  SysCtlDelay                     
0000425f  CPUwfi                          
00004263  _system_pre_init                
00004267  C$$EXIT                         
00004267  abort                           
0000441c  _ctypes_                        
00004818  __TI_Handler_Table_Base         
00004824  __TI_Handler_Table_Limit        
00004838  __TI_CINIT_Base                 
00004848  __TI_CINIT_Limit                
20000000  __start___llvm_prf_cnts         
20000000  __stop___llvm_prf_cnts          
20000000  g_pfnRAMVectors                 
2000026c  errno                           
20000270  __stack                         
20000470  __STACK_END                     
20000470  __STACK_TOP                     
ffffffff  __TI_pprof_out_hndl             
ffffffff  __TI_prof_data_size             
ffffffff  __TI_prof_data_start            
ffffffff  __binit__                       
ffffffff  __c_args__                      
ffffffff  binit                           
UNDEFED   __mpu_init                      
UNDEFED   _system_post_cinit              

[201 symbols]
