******************************************************************************
                  TI ARM Linker PC v20.2.5                     
******************************************************************************
>> Linked Fri Jan 17 11:44:34 2025

OUTPUT FILE NAME:   <adccalisma.out>
ENTRY POINT SYMBOL: "_c_int00_noargs"  address: 00002b7d


MEMORY CONFIGURATION

         name            origin    length      used     unused   attr    fill
----------------------  --------  ---------  --------  --------  ----  --------
  FLASH                 00000000   00040000  00002f75  0003d08b  R  X
  SRAM                  20000000   00008000  000005c3  00007a3d  RW X


SEGMENT ALLOCATION MAP

run origin  load origin   length   init length attrs members
----------  ----------- ---------- ----------- ----- -------
00000000    00000000    00002f78   00002f78    r-x
  00000000    00000000    0000026c   0000026c    r-- .intvecs
  0000026c    0000026c    00002b78   00002b78    r-x .text
  00002de4    00002de4    00000101   00000101    r-- .const
  00002ee8    00002ee8    00000090   00000090    r-- .cinit
20000000    20000000    000005c8   00000000    rw-
  20000000    20000000    00000200   00000000    rw- .stack
  20000200    20000200    000001eb   00000000    rw- .data
  200003ec    200003ec    000001c8   00000000    rw- .bss
  200005b8    200005b8    00000010   00000000    rw- .sysmem


SECTION ALLOCATION MAP

 output                                  attributes/
section   page    origin      length       input sections
--------  ----  ----------  ----------   ----------------
.intvecs   0    00000000    0000026c     
                  00000000    0000026c     tm4c123gh6pm_startup_ccs.obj (.intvecs)

.text      0    0000026c    00002b78     
                  0000026c    00000a4e     rtsv7M4_T_le_v4SPD16_eabi.lib : _printfi.c.obj (.text:__TI_printfi)
                  00000cba    00000002                                   : _lock.c.obj (.text:_nop)
                  00000cbc    00000270                                   : _printfi.c.obj (.text:_pconv_a)
                  00000f2c    000001d0                                   : _printfi.c.obj (.text:_pconv_g)
                  000010fc    000001b6                                   : fd_add_t2.asm.obj (.text)
                  000012b2    00000002                                   : div0.asm.obj (.text)
                  000012b4    0000017c     main.obj (.text)
                  00001430    0000013c     rtsv7M4_T_le_v4SPD16_eabi.lib : _printfi.c.obj (.text:_pconv_e)
                  0000156c    00000136                                   : fd_div_t2.asm.obj (.text)
                  000016a2    00000002     --HOLE-- [fill = 0]
                  000016a4    00000124                                   : _printfi.c.obj (.text:fcvt)
                  000017c8    00000114                                   : fputs.c.obj (.text:fputs)
                  000018dc    00000110                                   : s_scalbn.c.obj (.text:scalbn)
                  000019ec    00000100                                   : memory.c.obj (.text:aligned_alloc)
                  00001aec    000000fc                                   : fd_mul_t2.asm.obj (.text)
                  00001be8    000000e4                                   : memory.c.obj (.text:free)
                  00001ccc    000000dc                                   : setvbuf.c.obj (.text:setvbuf)
                  00001da8    000000b1                                   : _printfi.c.obj (.text:_ltostr)
                  00001e59    00000001     --HOLE-- [fill = 0]
                  00001e5a    0000009c                                   : memcpy_t2.asm.obj (.text)
                  00001ef6    00000096                                   : ull_div_t2.asm.obj (.text)
                  00001f8c    0000008c                                   : fputc.c.obj (.text:fputc)
                  00002018    00000086                                   : fd_cmp_t2.asm.obj (.text:__aeabi_cdcmple)
                  0000209e    00000086                                   : fd_cmp_t2.asm.obj (.text:__aeabi_cdrcmple)
                  00002124    0000007a                                   : memset_t2.asm.obj (.text)
                  0000219e    00000002     --HOLE-- [fill = 0]
                  000021a0    00000074                                   : fclose.c.obj (.text:__TI_closefile)
                  00002214    00000070                                   : memory.c.obj (.text:split)
                  00002284    0000006e                                   : _printfi.c.obj (.text:_mcpy)
                  000022f2    00000002     --HOLE-- [fill = 0]
                  000022f4    0000006c                                   : hostrename.c.obj (.text:HOSTrename)
                  00002360    00000068                                   : hostlseek.c.obj (.text:HOSTlseek)
                  000023c8    00000068                                   : copy_decompress_lzss.c.obj (.text:decompress:lzss:__TI_decompress_lzss)
                  00002430    00000068                                   : printf.c.obj (.text:printf)
                  00002498    00000064                                   : s_frexp.c.obj (.text:frexp)
                  000024fc    00000064                                   : fseek.c.obj (.text:fseek)
                  00002560    00000062                                   : _io_perm.c.obj (.text:__TI_wrt_ok)
                  000025c2    00000002     --HOLE-- [fill = 0]
                  000025c4    00000060                                   : hostopen.c.obj (.text:HOSTopen)
                  00002624    0000005c                                   : close.c.obj (.text:close)
                  00002680    00000058                                   : hostread.c.obj (.text:HOSTread)
                  000026d8    00000058                                   : hostwrite.c.obj (.text:HOSTwrite)
                  00002730    00000056                                   : _printfi.c.obj (.text:_pconv_f)
                  00002786    00000054                                   : _ltoa.c.obj (.text:__TI_ltoa)
                  000027da    00000052                                   : _printfi.c.obj (.text:_ecpy)
                  0000282c    0000004c                                   : fflush.c.obj (.text:__TI_doflush)
                  00002878    0000004c                                   : atoi.c.obj (.text:atoi)
                  000028c4    00000048                                   : exit.c.obj (.text:exit)
                  0000290c    00000048                                   : fd_toi_t2.asm.obj (.text)
                  00002954    00000044                                   : hostclose.c.obj (.text:HOSTclose)
                  00002998    00000044                                   : hostunlink.c.obj (.text:HOSTunlink)
                  000029dc    00000044                                   : autoinit.c.obj (.text:__TI_auto_init_nobinit_nopinit:__TI_auto_init_nobinit_nopinit)
                  00002a20    00000044                                   : getdevice.c.obj (.text:getdevice)
                  00002a64    0000003e                                   : _printfi.c.obj (.text:_fcpy)
                  00002aa2    00000002     --HOLE-- [fill = 0]
                  00002aa4    00000038                                   : trgmsg.c.obj (.text:__TI_writemsg)
                  00002adc    00000036                                   : strncpy.c.obj (.text:strncpy)
                  00002b12    00000002     --HOLE-- [fill = 0]
                  00002b14    00000034                                   : fopen.c.obj (.text:__TI_cleanup)
                  00002b48    00000034                                   : trgmsg.c.obj (.text:__TI_readmsg)
                  00002b7c    00000034                                   : boot_cortex_m.c.obj (.text:_c_int00_noargs:_c_int00_noargs)
                  00002bb0    00000030                                   : getdevice.c.obj (.text:finddevice)
                  00002be0    0000002e                                   : i_tofd_t2.asm.obj (.text)
                  00002c0e    00000002     --HOLE-- [fill = 0]
                  00002c10    0000002c                                   : unlink.c.obj (.text:unlink)
                  00002c3c    00000028                                   : memory.c.obj (.text:free_list_insert)
                  00002c64    00000028                                   : lseek.c.obj (.text:lseek)
                  00002c8c    00000028                                   : write.c.obj (.text:write)
                  00002cb4    00000020                                   : memchr.c.obj (.text:memchr)
                  00002cd4    0000001c                                   : copy_zero_init.c.obj (.text:decompress:ZI:__TI_zero_init_nomemset:__TI_zero_init_nomemset)
                  00002cf0    0000001c                                   : memory.c.obj (.text:free_list_remove)
                  00002d0c    0000001c                                   : memccpy.c.obj (.text:memccpy)
                  00002d28    0000001a                                   : s_copysign.c.obj (.text:copysign)
                  00002d42    00000018                                   : strcmp.c.obj (.text:strcmp)
                  00002d5a    00000016                                   : strchr.c.obj (.text:strchr)
                  00002d70    00000014                                   : strcpy.c.obj (.text:strcpy)
                  00002d84    00000014                                   : strlen.c.obj (.text:strlen)
                  00002d98    00000012                                   : wcslen.c.obj (.text:wcslen)
                  00002daa    0000000e                                   : copy_decompress_none.c.obj (.text:decompress:none:__TI_decompress_none)
                  00002db8    0000000c     tm4c123gh6pm_startup_ccs.obj (.text)
                  00002dc4    00000008     rtsv7M4_T_le_v4SPD16_eabi.lib : errno.c.obj (.text:__aeabi_errno_addr)
                  00002dcc    00000008                                   : memory.c.obj (.text:malloc)
                  00002dd4    00000004                                   : printf.c.obj (.text:_outc)
                  00002dd8    00000004                                   : printf.c.obj (.text:_outs)
                  00002ddc    00000004                                   : pre_init.c.obj (.text:_system_pre_init)
                  00002de0    00000004                                   : exit.c.obj (.text:abort:abort)

.const     0    00002de4    00000101     
                  00002de4    00000101     rtsv7M4_T_le_v4SPD16_eabi.lib : ctype.c.obj (.const:.string:_ctypes_)

.cinit     0    00002ee8    00000090     
                  00002ee8    0000006a     (.cinit..data.load) [load image, compression = lzss]
                  00002f52    00000002     --HOLE-- [fill = 0]
                  00002f54    0000000c     (__TI_handler_table)
                  00002f60    00000008     (.cinit..bss.load) [load image, compression = zero_init]
                  00002f68    00000010     (__TI_cinit_table)

.init_array 
*          0    00000000    00000000     UNINITIALIZED

.stack     0    20000000    00000200     UNINITIALIZED
                  20000000    00000004     rtsv7M4_T_le_v4SPD16_eabi.lib : boot_cortex_m.c.obj (.stack)
                  20000004    000001fc     --HOLE--

.data      0    20000200    000001eb     UNINITIALIZED
                  20000200    000000f0     rtsv7M4_T_le_v4SPD16_eabi.lib : defs.c.obj (.data:_ftable)
                  200002f0    00000078                                   : host_device.c.obj (.data:_device)
                  20000368    00000050                                   : host_device.c.obj (.data:_stream)
                  200003b8    00000010                                   : defs.c.obj (.data)
                  200003c8    0000000c                                   : exit.c.obj (.data:$O1$$)
                  200003d4    00000008                                   : _lock.c.obj (.data:$O1$$)
                  200003dc    00000008                                   : memory.c.obj (.data:$O1$$)
                  200003e4    00000004                                   : errno.c.obj (.data)
                  200003e8    00000003     main.obj (.data:data)

.bss       0    200003ec    000001c8     UNINITIALIZED
                  200003ec    00000120     rtsv7M4_T_le_v4SPD16_eabi.lib : trgmsg.c.obj (.bss:_CIOBUF_)
                  2000050c    000000a0     (.common:__TI_tmpnams)
                  200005ac    00000008     (.common:parmbuf)

.sysmem    0    200005b8    00000010     UNINITIALIZED
                  200005b8    00000010     rtsv7M4_T_le_v4SPD16_eabi.lib : memory.c.obj (.sysmem)

__llvm_prf_cnts 
*          0    20000000    00000000     UNINITIALIZED

MODULE SUMMARY

       Module                         code    ro data   rw data
       ------                         ----    -------   -------
    .\
       tm4c123gh6pm_startup_ccs.obj   12      620       0      
       main.obj                       380     0         3      
    +--+------------------------------+-------+---------+---------+
       Total:                         392     620       3      
                                                               
    C:\ti\ccs1120\ccs\tools\compiler\ti-cgt-arm_20.2.5.LTS\lib\rtsv7M4_T_le_v4SPD16_eabi.lib
       _printfi.c.obj                 4851    0         0      
       memory.c.obj                   672     0         8      
       fd_add_t2.asm.obj              438     0         0      
       defs.c.obj                     0       0         416    
       trgmsg.c.obj                   108     0         288    
       fd_div_t2.asm.obj              310     0         0      
       fputs.c.obj                    276     0         0      
       s_scalbn.c.obj                 272     0         0      
       fd_cmp_t2.asm.obj              268     0         0      
       ctype.c.obj                    0       257       0      
       fd_mul_t2.asm.obj              252     0         0      
       setvbuf.c.obj                  220     0         0      
       host_device.c.obj              0       0         200    
       memcpy_t2.asm.obj              156     0         0      
       ull_div_t2.asm.obj             150     0         0      
       fputc.c.obj                    140     0         0      
       memset_t2.asm.obj              122     0         0      
       fclose.c.obj                   116     0         0      
       getdevice.c.obj                116     0         0      
       printf.c.obj                   112     0         0      
       hostrename.c.obj               108     0         0      
       copy_decompress_lzss.c.obj     104     0         0      
       hostlseek.c.obj                104     0         0      
       hostopen.c.obj                 96      0         8      
       fseek.c.obj                    100     0         0      
       s_frexp.c.obj                  100     0         0      
       _io_perm.c.obj                 98      0         0      
       close.c.obj                    92      0         0      
       exit.c.obj                     76      0         12     
       hostread.c.obj                 88      0         0      
       hostwrite.c.obj                88      0         0      
       _ltoa.c.obj                    84      0         0      
       atoi.c.obj                     76      0         0      
       fflush.c.obj                   76      0         0      
       fd_toi_t2.asm.obj              72      0         0      
       autoinit.c.obj                 68      0         0      
       hostclose.c.obj                68      0         0      
       hostunlink.c.obj               68      0         0      
       strncpy.c.obj                  54      0         0      
       boot_cortex_m.c.obj            52      0         0      
       fopen.c.obj                    52      0         0      
       i_tofd_t2.asm.obj              46      0         0      
       unlink.c.obj                   44      0         0      
       lseek.c.obj                    40      0         0      
       write.c.obj                    40      0         0      
       memchr.c.obj                   32      0         0      
       copy_zero_init.c.obj           28      0         0      
       memccpy.c.obj                  28      0         0      
       s_copysign.c.obj               26      0         0      
       strcmp.c.obj                   24      0         0      
       strchr.c.obj                   22      0         0      
       strcpy.c.obj                   20      0         0      
       strlen.c.obj                   20      0         0      
       wcslen.c.obj                   18      0         0      
       copy_decompress_none.c.obj     14      0         0      
       errno.c.obj                    8       0         4      
       _lock.c.obj                    2       0         8      
       pre_init.c.obj                 4       0         0      
       div0.asm.obj                   2       0         0      
    +--+------------------------------+-------+---------+---------+
       Total:                         10721   257       944    
                                                               
       Heap:                          0       0         16     
       Stack:                         0       0         512    
       Linker Generated:              0       142       0      
    +--+------------------------------+-------+---------+---------+
       Grand Total:                   11113   1019      1475   


LINKER GENERATED COPY TABLES

__TI_cinit_table @ 00002f68 records: 2, size/record: 8, table size: 16
	.data: load addr=00002ee8, load size=0000006a bytes, run addr=20000200, run size=000001eb bytes, compression=lzss
	.bss: load addr=00002f60, load size=00000008 bytes, run addr=200003ec, run size=000001c8 bytes, compression=zero_init


LINKER GENERATED HANDLER TABLE

__TI_handler_table @ 00002f54 records: 3, size/record: 4, table size: 12
	index: 0, handler: __TI_decompress_lzss
	index: 1, handler: __TI_decompress_none
	index: 2, handler: __TI_zero_init


GLOBAL SYMBOLS: SORTED ALPHABETICALLY BY Name 

address   name                           
-------   ----                           
00002de1  C$$EXIT                        
00002ad3  C$$IO$$                        
00002955  HOSTclose                      
00002361  HOSTlseek                      
000025c5  HOSTopen                       
00002681  HOSTread                       
000022f5  HOSTrename                     
00002999  HOSTunlink                     
000026d9  HOSTwrite                      
000012b5  Read                           
00002db9  ResetISR                       
000012e5  Write                          
0000130d  WriteMulti                     
200003ec  __CIOBUF_                      
20000200  __STACK_END                    
00000200  __STACK_SIZE                   
20000200  __STACK_TOP                    
00000010  __SYSMEM_SIZE                  
00002f68  __TI_CINIT_Base                
00002f78  __TI_CINIT_Limit               
00002f54  __TI_Handler_Table_Base        
00002f60  __TI_Handler_Table_Limit       
000029dd  __TI_auto_init_nobinit_nopinit 
00002b15  __TI_cleanup                   
200003c8  __TI_cleanup_ptr               
000021a1  __TI_closefile                 
000023c9  __TI_decompress_lzss           
00002dab  __TI_decompress_none           
0000282d  __TI_doflush                   
200003cc  __TI_dtors_ptr                 
200003d0  __TI_enable_exit_profile_output
200003b8  __TI_ft_end                    
00002787  __TI_ltoa                      
ffffffff  __TI_pprof_out_hndl            
0000026d  __TI_printfi                   
ffffffff  __TI_prof_data_size            
ffffffff  __TI_prof_data_start           
00002b49  __TI_readmsg                   
00000000  __TI_static_base__             
2000050c  __TI_tmpnams                   
00002aa5  __TI_writemsg                  
00002561  __TI_wrt_ok                    
00002cd5  __TI_zero_init_nomemset        
00002019  __aeabi_cdcmpeq                
00002019  __aeabi_cdcmple                
0000209f  __aeabi_cdrcmple               
0000290d  __aeabi_d2iz                   
00001107  __aeabi_dadd                   
0000156d  __aeabi_ddiv                   
00001aed  __aeabi_dmul                   
000010fd  __aeabi_dsub                   
00002dc5  __aeabi_errno_addr             
00002be1  __aeabi_i2d                    
000012b3  __aeabi_idiv0                  
000012b3  __aeabi_ldiv0                  
00002125  __aeabi_memclr                 
00002125  __aeabi_memclr4                
00002125  __aeabi_memclr8                
00001e5b  __aeabi_memcpy                 
00001e5b  __aeabi_memcpy4                
00001e5b  __aeabi_memcpy8                
00002127  __aeabi_memset                 
00002127  __aeabi_memset4                
00002127  __aeabi_memset8                
200003c4  __aeabi_stderr                 
200003bc  __aeabi_stdin                  
200003c0  __aeabi_stdout                 
00001ef7  __aeabi_uldivmod               
ffffffff  __binit__                      
ffffffff  __c_args__                     
UNDEFED   __mpu_init                     
20000000  __stack                        
20000000  __start___llvm_prf_cnts        
20000000  __stop___llvm_prf_cnts         
00002b7d  _c_int00_noargs                
00002de4  _ctypes_                       
200002f0  _device                        
20000200  _ftable                        
200003d4  _lock                          
00000cbb  _nop                           
20000368  _stream                        
200005b8  _sys_memory                    
UNDEFED   _system_post_cinit             
00002ddd  _system_pre_init               
200003d8  _unlock                        
00002de1  abort                          
000019ed  aligned_alloc                  
00002879  atoi                           
ffffffff  binit                          
00002625  close                          
00002d29  copysign                       
00002d29  copysignl                      
200003e8  data                           
200003e4  errno                          
000028c5  exit                           
00002bb1  finddevice                     
00001f8d  fputc                          
000017c9  fputs                          
00001be9  free                           
00002499  frexp                          
00002499  frexpl                         
000024fd  fseek                          
00000000  g_pfnVectors                   
00002a21  getdevice                      
000013a1  init_i2c                       
000018dd  ldexp                          
000018dd  ldexpl                         
00002c65  lseek                          
00001377  main                           
00002dcd  malloc                         
000019ed  memalign                       
00002d0d  memccpy                        
00002cb5  memchr                         
00001e5b  memcpy                         
0000212d  memset                         
200005ac  parmbuf                        
00002431  printf                         
00001f8d  putc                           
00002c11  remove                         
000018dd  scalbn                         
000018dd  scalbnl                        
00001ccd  setvbuf                        
00002d5b  strchr                         
00002d43  strcmp                         
00002d71  strcpy                         
00002d85  strlen                         
00002add  strncpy                        
00002c11  unlink                         
00002d99  wcslen                         
00002c8d  write                          


GLOBAL SYMBOLS: SORTED BY Symbol Address 

address   name                           
-------   ----                           
00000000  __TI_static_base__             
00000000  g_pfnVectors                   
00000010  __SYSMEM_SIZE                  
00000200  __STACK_SIZE                   
0000026d  __TI_printfi                   
00000cbb  _nop                           
000010fd  __aeabi_dsub                   
00001107  __aeabi_dadd                   
000012b3  __aeabi_idiv0                  
000012b3  __aeabi_ldiv0                  
000012b5  Read                           
000012e5  Write                          
0000130d  WriteMulti                     
00001377  main                           
000013a1  init_i2c                       
0000156d  __aeabi_ddiv                   
000017c9  fputs                          
000018dd  ldexp                          
000018dd  ldexpl                         
000018dd  scalbn                         
000018dd  scalbnl                        
000019ed  aligned_alloc                  
000019ed  memalign                       
00001aed  __aeabi_dmul                   
00001be9  free                           
00001ccd  setvbuf                        
00001e5b  __aeabi_memcpy                 
00001e5b  __aeabi_memcpy4                
00001e5b  __aeabi_memcpy8                
00001e5b  memcpy                         
00001ef7  __aeabi_uldivmod               
00001f8d  fputc                          
00001f8d  putc                           
00002019  __aeabi_cdcmpeq                
00002019  __aeabi_cdcmple                
0000209f  __aeabi_cdrcmple               
00002125  __aeabi_memclr                 
00002125  __aeabi_memclr4                
00002125  __aeabi_memclr8                
00002127  __aeabi_memset                 
00002127  __aeabi_memset4                
00002127  __aeabi_memset8                
0000212d  memset                         
000021a1  __TI_closefile                 
000022f5  HOSTrename                     
00002361  HOSTlseek                      
000023c9  __TI_decompress_lzss           
00002431  printf                         
00002499  frexp                          
00002499  frexpl                         
000024fd  fseek                          
00002561  __TI_wrt_ok                    
000025c5  HOSTopen                       
00002625  close                          
00002681  HOSTread                       
000026d9  HOSTwrite                      
00002787  __TI_ltoa                      
0000282d  __TI_doflush                   
00002879  atoi                           
000028c5  exit                           
0000290d  __aeabi_d2iz                   
00002955  HOSTclose                      
00002999  HOSTunlink                     
000029dd  __TI_auto_init_nobinit_nopinit 
00002a21  getdevice                      
00002aa5  __TI_writemsg                  
00002ad3  C$$IO$$                        
00002add  strncpy                        
00002b15  __TI_cleanup                   
00002b49  __TI_readmsg                   
00002b7d  _c_int00_noargs                
00002bb1  finddevice                     
00002be1  __aeabi_i2d                    
00002c11  remove                         
00002c11  unlink                         
00002c65  lseek                          
00002c8d  write                          
00002cb5  memchr                         
00002cd5  __TI_zero_init_nomemset        
00002d0d  memccpy                        
00002d29  copysign                       
00002d29  copysignl                      
00002d43  strcmp                         
00002d5b  strchr                         
00002d71  strcpy                         
00002d85  strlen                         
00002d99  wcslen                         
00002dab  __TI_decompress_none           
00002db9  ResetISR                       
00002dc5  __aeabi_errno_addr             
00002dcd  malloc                         
00002ddd  _system_pre_init               
00002de1  C$$EXIT                        
00002de1  abort                          
00002de4  _ctypes_                       
00002f54  __TI_Handler_Table_Base        
00002f60  __TI_Handler_Table_Limit       
00002f68  __TI_CINIT_Base                
00002f78  __TI_CINIT_Limit               
20000000  __stack                        
20000000  __start___llvm_prf_cnts        
20000000  __stop___llvm_prf_cnts         
20000200  __STACK_END                    
20000200  __STACK_TOP                    
20000200  _ftable                        
200002f0  _device                        
20000368  _stream                        
200003b8  __TI_ft_end                    
200003bc  __aeabi_stdin                  
200003c0  __aeabi_stdout                 
200003c4  __aeabi_stderr                 
200003c8  __TI_cleanup_ptr               
200003cc  __TI_dtors_ptr                 
200003d0  __TI_enable_exit_profile_output
200003d4  _lock                          
200003d8  _unlock                        
200003e4  errno                          
200003e8  data                           
200003ec  __CIOBUF_                      
2000050c  __TI_tmpnams                   
200005ac  parmbuf                        
200005b8  _sys_memory                    
ffffffff  __TI_pprof_out_hndl            
ffffffff  __TI_prof_data_size            
ffffffff  __TI_prof_data_start           
ffffffff  __binit__                      
ffffffff  __c_args__                     
ffffffff  binit                          
UNDEFED   __mpu_init                     
UNDEFED   _system_post_cinit             

[130 symbols]
