******************************************************************************
                  TI ARM Linker PC v20.2.5                     
******************************************************************************
>> Linked Fri Jan 17 11:03:57 2025

OUTPUT FILE NAME:   <lasthomework.3.out>
ENTRY POINT SYMBOL: "_c_int00_noargs"  address: 000014f1


MEMORY CONFIGURATION

         name            origin    length      used     unused   attr    fill
----------------------  --------  ---------  --------  --------  ----  --------
  FLASH                 00000000   00040000  000018a6  0003e75a  R  X
  SRAM                  20000000   00008000  00000470  00007b90  RW X


SEGMENT ALLOCATION MAP

run origin  load origin   length   init length attrs members
----------  ----------- ---------- ----------- ----- -------
00000000    00000000    000018ac   000018ac    r-x
  00000000    00000000    0000026c   0000026c    r-- .intvecs
  0000026c    0000026c    0000139a   0000139a    r-x .text
  00001608    00001608    0000027c   0000027c    r-- .const
  00001888    00001888    00000024   00000024    r-- .cinit
20000000    20000000    00000470   00000000    rw-
  20000000    20000000    0000026c   00000000    rw- .vtable
  2000026c    2000026c    00000004   00000000    rw- .bss
  20000270    20000270    00000200   00000000    rw- .stack


SECTION ALLOCATION MAP

 output                                  attributes/
section   page    origin      length       input sections
--------  ----  ----------  ----------   ----------------
.intvecs   0    00000000    0000026c     
                  00000000    0000026c     tm4c123gh6pm_startup_ccs.obj (.intvecs)

.text      0    0000026c    0000139a     
                  0000026c    00001020     main.obj (.text)
                  0000128c    0000007a     driverlib.lib : adc.obj (.text:ADCSequenceStepConfigure)
                  00001306    00000002                   : interrupt.obj (.text:_IntDefaultHandler)
                  00001308    00000068                   : interrupt.obj (.text:IntDisable)
                  00001370    00000068                   : interrupt.obj (.text:IntEnable)
                  000013d8    00000050                   : adc.obj (.text:_ADCIntNumberGet)
                  00001428    0000004e                   : adc.obj (.text:ADCSequenceConfigure)
                  00001476    00000002     --HOLE-- [fill = 0]
                  00001478    00000044     rtsv7M4_T_le_v4SPD16_eabi.lib : autoinit.c.obj (.text:__TI_auto_init_nobinit_nopinit:__TI_auto_init_nobinit_nopinit)
                  000014bc    00000034     driverlib.lib : interrupt.obj (.text:IntRegister)
                  000014f0    00000034     rtsv7M4_T_le_v4SPD16_eabi.lib : boot_cortex_m.c.obj (.text:_c_int00_noargs:_c_int00_noargs)
                  00001524    0000001e     driverlib.lib : adc.obj (.text:ADCSequenceDataGet)
                  00001542    0000001c     rtsv7M4_T_le_v4SPD16_eabi.lib : copy_zero_init.c.obj (.text:decompress:ZI:__TI_zero_init_nomemset:__TI_zero_init_nomemset)
                  0000155e    00000018     driverlib.lib : adc.obj (.text:ADCIntRegister)
                  00001576    00000018                   : adc.obj (.text:ADCProcessorTrigger)
                  0000158e    00000002     --HOLE-- [fill = 0]
                  00001590    00000014                   : interrupt.obj (.text:IntUnregister)
                  000015a4    00000010                   : adc.obj (.text:ADCIntEnable)
                  000015b4    00000010                   : interrupt.obj (.text:IntMasterEnable)
                  000015c4    0000000e                   : adc.obj (.text:ADCSequenceEnable)
                  000015d2    0000000c                   : cpu.obj (.text:CPUcpsie)
                  000015de    0000000c     tm4c123gh6pm_startup_ccs.obj (.text)
                  000015ea    0000000a     driverlib.lib : adc.obj (.text:ADCIntClear)
                  000015f4    00000006     main.obj (.text:SysCtlDelay)
                  000015fa    00000004     driverlib.lib : cpu.obj (.text:CPUwfi)
                  000015fe    00000004     rtsv7M4_T_le_v4SPD16_eabi.lib : pre_init.c.obj (.text:_system_pre_init)
                  00001602    00000004                                   : exit.c.obj (.text:abort:abort)

.const     0    00001608    0000027c     
                  00001608    000001b0     main.obj (.const:g_pppui32XTALtoVCO)
                  000017b8    0000006c     main.obj (.const:g_pui32Xtals)
                  00001824    00000030     main.obj (.const:g_sXTALtoMEMTIM)
                  00001854    00000014     driverlib.lib : interrupt.obj (.const:g_pui32Dii16Regs)
                  00001868    00000014                   : interrupt.obj (.const:g_pui32EnRegs)
                  0000187c    00000008     main.obj (.const:g_pui32VCOFrequencies)

.cinit     0    00001888    00000024     
                  00001888    00000008     (.cinit..bss.load) [load image, compression = zero_init]
                  00001890    00000008     (.cinit..vtable.load) [load image, compression = zero_init]
                  00001898    00000004     (__TI_handler_table)
                  0000189c    00000010     (__TI_cinit_table)

.init_array 
*          0    00000000    00000000     UNINITIALIZED

.vtable    0    20000000    0000026c     UNINITIALIZED
                  20000000    0000026c     driverlib.lib : interrupt.obj (.vtable)

.bss       0    2000026c    00000004     UNINITIALIZED
                  2000026c    00000004     (.common:value)

.stack     0    20000270    00000200     UNINITIALIZED
                  20000270    00000004     rtsv7M4_T_le_v4SPD16_eabi.lib : boot_cortex_m.c.obj (.stack)
                  20000274    000001fc     --HOLE--

__llvm_prf_cnts 
*          0    20000000    00000000     UNINITIALIZED

MODULE SUMMARY

       Module                         code   ro data   rw data
       ------                         ----   -------   -------
    .\
       main.obj                       4134   596       4      
       tm4c123gh6pm_startup_ccs.obj   12     620       0      
    +--+------------------------------+------+---------+---------+
       Total:                         4146   1216      4      
                                                              
    C:/ti/TivaWare_C_Series-2.2.0.295/driverlib/ccs/Debug/driverlib.lib
       interrupt.obj                  298    40        620    
       adc.obj                        398    0         0      
       cpu.obj                        16     0         0      
    +--+------------------------------+------+---------+---------+
       Total:                         712    40        620    
                                                              
    C:\ti\ccs1120\ccs\tools\compiler\ti-cgt-arm_20.2.5.LTS\lib\rtsv7M4_T_le_v4SPD16_eabi.lib
       autoinit.c.obj                 68     0         0      
       boot_cortex_m.c.obj            52     0         0      
       copy_zero_init.c.obj           28     0         0      
       exit.c.obj                     4      0         0      
       pre_init.c.obj                 4      0         0      
    +--+------------------------------+------+---------+---------+
       Total:                         156    0         0      
                                                              
       Stack:                         0      0         512    
       Linker Generated:              0      36        0      
    +--+------------------------------+------+---------+---------+
       Grand Total:                   5014   1292      1136   


LINKER GENERATED COPY TABLES

__TI_cinit_table @ 0000189c records: 2, size/record: 8, table size: 16
	.bss: load addr=00001888, load size=00000008 bytes, run addr=2000026c, run size=00000004 bytes, compression=zero_init
	.vtable: load addr=00001890, load size=00000008 bytes, run addr=20000000, run size=0000026c bytes, compression=zero_init


LINKER GENERATED HANDLER TABLE

__TI_handler_table @ 00001898 records: 1, size/record: 4, table size: 4
	index: 0, handler: __TI_zero_init


GLOBAL SYMBOLS: SORTED ALPHABETICALLY BY Name 

address   name                            
-------   ----                            
000015eb  ADCIntClear                     
000015a5  ADCIntEnable                    
0000155f  ADCIntRegister                  
000011b9  ADCInterruptHandler             
00001577  ADCProcessorTrigger             
00001429  ADCSequenceConfigure            
00001525  ADCSequenceDataGet              
000015c5  ADCSequenceEnable               
0000128d  ADCSequenceStepConfigure        
00001603  C$$EXIT                         
000015d3  CPUcpsie                        
000015fb  CPUwfi                          
00001309  IntDisable                      
00001371  IntEnable                       
000015b5  IntMasterEnable                 
000014bd  IntRegister                     
00001591  IntUnregister                   
000015df  ResetISR                        
000011df  SetInitSettings                 
000011a9  SysCtlAltClkConfig              
000008d1  SysCtlClockFreqSet              
00000d99  SysCtlClockGet                  
0000118d  SysCtlClockOutConfig            
00000bc9  SysCtlClockSet                  
000007d5  SysCtlDeepSleep                 
00000f5d  SysCtlDeepSleepClockConfigSet   
00000f3f  SysCtlDeepSleepClockSet         
000007b5  SysCtlDeepSleepPowerSet         
000015f5  SysCtlDelay                     
00000363  SysCtlFlashSectorSizeGet        
00000337  SysCtlFlashSizeGet              
00001033  SysCtlGPIOAHBDisable            
00001017  SysCtlGPIOAHBEnable             
00000749  SysCtlIntClear                  
00000731  SysCtlIntDisable                
0000071d  SysCtlIntEnable                 
000006f5  SysCtlIntRegister               
00000759  SysCtlIntStatus                 
0000070d  SysCtlIntUnregister             
0000079b  SysCtlLDODeepSleepGet           
0000078b  SysCtlLDODeepSleepSet           
00000785  SysCtlLDOSleepGet               
00000775  SysCtlLDOSleepSet               
0000080b  SysCtlMOSCConfigSet             
00001171  SysCtlNMIClear                  
0000115d  SysCtlNMIStatus                 
00000821  SysCtlPIOSCCalibrate            
00001001  SysCtlPWMClockGet               
00000fe7  SysCtlPWMClockSet               
000006a1  SysCtlPeripheralClockGating     
00000659  SysCtlPeripheralDeepSleepDisable
00000609  SysCtlPeripheralDeepSleepEnable 
00000545  SysCtlPeripheralDisable         
00000509  SysCtlPeripheralEnable          
00000445  SysCtlPeripheralPowerOff        
00000409  SysCtlPeripheralPowerOn         
00000389  SysCtlPeripheralPresent         
000003c9  SysCtlPeripheralReady           
00000481  SysCtlPeripheralReset           
000005cd  SysCtlPeripheralSleepDisable    
00000589  SysCtlPeripheralSleepEnable     
000007c5  SysCtlReset                     
00000881  SysCtlResetBehaviorGet          
00000871  SysCtlResetBehaviorSet          
000007f7  SysCtlResetCauseClear           
000007f1  SysCtlResetCauseGet             
0000032d  SysCtlSRAMSizeGet               
000007cd  SysCtlSleep                     
000007a1  SysCtlSleepPowerSet             
0000105b  SysCtlUSBPLLDisable             
0000104f  SysCtlUSBPLLEnable              
000010a1  SysCtlVCOGet                    
00001089  SysCtlVoltageEventClear         
0000106d  SysCtlVoltageEventConfig        
0000107d  SysCtlVoltageEventStatus        
20000470  __STACK_END                     
00000200  __STACK_SIZE                    
20000470  __STACK_TOP                     
0000189c  __TI_CINIT_Base                 
000018ac  __TI_CINIT_Limit                
00001898  __TI_Handler_Table_Base         
0000189c  __TI_Handler_Table_Limit        
00001479  __TI_auto_init_nobinit_nopinit  
ffffffff  __TI_pprof_out_hndl             
ffffffff  __TI_prof_data_size             
ffffffff  __TI_prof_data_start            
00000000  __TI_static_base__              
00001543  __TI_zero_init_nomemset         
ffffffff  __binit__                       
ffffffff  __c_args__                      
UNDEFED   __mpu_init                      
20000270  __stack                         
20000000  __start___llvm_prf_cnts         
20000000  __stop___llvm_prf_cnts          
000014f1  _c_int00_noargs                 
UNDEFED   _system_post_cinit              
000015ff  _system_pre_init                
00001603  abort                           
ffffffff  binit                           
20000000  g_pfnRAMVectors                 
00000000  g_pfnVectors                    
000011d7  main                            
2000026c  value                           


GLOBAL SYMBOLS: SORTED BY Symbol Address 

address   name                            
-------   ----                            
00000000  __TI_static_base__              
00000000  g_pfnVectors                    
00000200  __STACK_SIZE                    
0000032d  SysCtlSRAMSizeGet               
00000337  SysCtlFlashSizeGet              
00000363  SysCtlFlashSectorSizeGet        
00000389  SysCtlPeripheralPresent         
000003c9  SysCtlPeripheralReady           
00000409  SysCtlPeripheralPowerOn         
00000445  SysCtlPeripheralPowerOff        
00000481  SysCtlPeripheralReset           
00000509  SysCtlPeripheralEnable          
00000545  SysCtlPeripheralDisable         
00000589  SysCtlPeripheralSleepEnable     
000005cd  SysCtlPeripheralSleepDisable    
00000609  SysCtlPeripheralDeepSleepEnable 
00000659  SysCtlPeripheralDeepSleepDisable
000006a1  SysCtlPeripheralClockGating     
000006f5  SysCtlIntRegister               
0000070d  SysCtlIntUnregister             
0000071d  SysCtlIntEnable                 
00000731  SysCtlIntDisable                
00000749  SysCtlIntClear                  
00000759  SysCtlIntStatus                 
00000775  SysCtlLDOSleepSet               
00000785  SysCtlLDOSleepGet               
0000078b  SysCtlLDODeepSleepSet           
0000079b  SysCtlLDODeepSleepGet           
000007a1  SysCtlSleepPowerSet             
000007b5  SysCtlDeepSleepPowerSet         
000007c5  SysCtlReset                     
000007cd  SysCtlSleep                     
000007d5  SysCtlDeepSleep                 
000007f1  SysCtlResetCauseGet             
000007f7  SysCtlResetCauseClear           
0000080b  SysCtlMOSCConfigSet             
00000821  SysCtlPIOSCCalibrate            
00000871  SysCtlResetBehaviorSet          
00000881  SysCtlResetBehaviorGet          
000008d1  SysCtlClockFreqSet              
00000bc9  SysCtlClockSet                  
00000d99  SysCtlClockGet                  
00000f3f  SysCtlDeepSleepClockSet         
00000f5d  SysCtlDeepSleepClockConfigSet   
00000fe7  SysCtlPWMClockSet               
00001001  SysCtlPWMClockGet               
00001017  SysCtlGPIOAHBEnable             
00001033  SysCtlGPIOAHBDisable            
0000104f  SysCtlUSBPLLEnable              
0000105b  SysCtlUSBPLLDisable             
0000106d  SysCtlVoltageEventConfig        
0000107d  SysCtlVoltageEventStatus        
00001089  SysCtlVoltageEventClear         
000010a1  SysCtlVCOGet                    
0000115d  SysCtlNMIStatus                 
00001171  SysCtlNMIClear                  
0000118d  SysCtlClockOutConfig            
000011a9  SysCtlAltClkConfig              
000011b9  ADCInterruptHandler             
000011d7  main                            
000011df  SetInitSettings                 
0000128d  ADCSequenceStepConfigure        
00001309  IntDisable                      
00001371  IntEnable                       
00001429  ADCSequenceConfigure            
00001479  __TI_auto_init_nobinit_nopinit  
000014bd  IntRegister                     
000014f1  _c_int00_noargs                 
00001525  ADCSequenceDataGet              
00001543  __TI_zero_init_nomemset         
0000155f  ADCIntRegister                  
00001577  ADCProcessorTrigger             
00001591  IntUnregister                   
000015a5  ADCIntEnable                    
000015b5  IntMasterEnable                 
000015c5  ADCSequenceEnable               
000015d3  CPUcpsie                        
000015df  ResetISR                        
000015eb  ADCIntClear                     
000015f5  SysCtlDelay                     
000015fb  CPUwfi                          
000015ff  _system_pre_init                
00001603  C$$EXIT                         
00001603  abort                           
00001898  __TI_Handler_Table_Base         
0000189c  __TI_CINIT_Base                 
0000189c  __TI_Handler_Table_Limit        
000018ac  __TI_CINIT_Limit                
20000000  __start___llvm_prf_cnts         
20000000  __stop___llvm_prf_cnts          
20000000  g_pfnRAMVectors                 
2000026c  value                           
20000270  __stack                         
20000470  __STACK_END                     
20000470  __STACK_TOP                     
ffffffff  __TI_pprof_out_hndl             
ffffffff  __TI_prof_data_size             
ffffffff  __TI_prof_data_start            
ffffffff  __binit__                       
ffffffff  __c_args__                      
ffffffff  binit                           
UNDEFED   __mpu_init                      
UNDEFED   _system_post_cinit              

[103 symbols]
